 Groundwater/Surface Water exchange (L3/T)
 for each MODFLOW River Cell
 Positive: River water seeps to the aquifer
 Negative: Groundwater flows from aquifer to river
 
 Day:           1
 Daily GW/SW Exchange for each River Cell
 Layer, Row, Column, Flow Rate
           1           6          73  0.0000000E+00
           1           7          73  0.0000000E+00
           1           8          73  0.0000000E+00
           1           9          63  0.0000000E+00
           1           9          72  0.0000000E+00
           1           9          73  0.0000000E+00
           1          10          62  0.0000000E+00
           1          10          72  0.0000000E+00
           1          11          58  0.0000000E+00
           1          11          62  0.0000000E+00
           1          11          71  0.0000000E+00
           1          11          72  0.0000000E+00
           1          12          57  0.0000000E+00
           1          12          62  0.0000000E+00
           1          12          71  0.0000000E+00
           1          13          57  0.0000000E+00
           1          13          62  0.0000000E+00
           1          13          69  0.0000000E+00
           1          13          70  0.0000000E+00
           1          13          71  0.0000000E+00
           1          14          58  0.0000000E+00
           1          14          62  0.0000000E+00
           1          14          68  0.0000000E+00
           1          14          69  0.0000000E+00
           1          15          55  0.0000000E+00
           1          15          56  0.0000000E+00
           1          15          57  0.0000000E+00
           1          15          58  0.0000000E+00
           1          15          59  0.0000000E+00
           1          15          60  0.0000000E+00
           1          15          63  0.0000000E+00
           1          15          64  0.0000000E+00
           1          15          65  0.0000000E+00
           1          15          66  0.0000000E+00
           1          15          67  0.0000000E+00
           1          15          68  0.0000000E+00
           1          15          69  0.0000000E+00
           1          16          53  0.0000000E+00
           1          16          54  0.0000000E+00
           1          16          55  0.0000000E+00
           1          16          60  0.0000000E+00
           1          16          61  0.0000000E+00
           1          16          63  0.0000000E+00
           1          16          64  0.0000000E+00
           1          16          69  0.0000000E+00
           1          16          70  0.0000000E+00
           1          17          62  0.0000000E+00
           1          17          63  0.0000000E+00
           1          17          70  0.0000000E+00
           1          18          62  0.0000000E+00
           1          19          62  0.0000000E+00
           1          20          62  0.0000000E+00
           1          21          62  0.0000000E+00
           1          22          62  0.0000000E+00
           1          23          62  0.0000000E+00
           1          24          54  0.0000000E+00
           1          24          62  0.0000000E+00
           1          25          46  0.0000000E+00
           1          25          54  0.0000000E+00
           1          25          62  0.0000000E+00
           1          26          46  0.0000000E+00
           1          26          54  0.0000000E+00
           1          26          62  0.0000000E+00
           1          26          63  0.0000000E+00
           1          26          64  0.0000000E+00
           1          27          46  0.0000000E+00
           1          27          54  0.0000000E+00
           1          27          62  0.0000000E+00
           1          27          64  0.0000000E+00
           1          27          65  0.0000000E+00
           1          27          66  0.0000000E+00
           1          27          67  0.0000000E+00
           1          28          46  0.0000000E+00
           1          28          53  0.0000000E+00
           1          28          62  0.0000000E+00
           1          29          38  0.0000000E+00
           1          29          46  0.0000000E+00
           1          29          53  0.0000000E+00
           1          29          61  0.0000000E+00
           1          30          37  0.0000000E+00
           1          30          47  0.0000000E+00
           1          30          53  0.0000000E+00
           1          30          61  0.0000000E+00
           1          31          37  0.0000000E+00
           1          31          47  0.0000000E+00
           1          31          48  0.0000000E+00
           1          31          53  0.0000000E+00
           1          31          60  0.0000000E+00
           1          31          61  0.0000000E+00
           1          32          37  0.0000000E+00
           1          32          48  0.0000000E+00
           1          32          52  0.0000000E+00
           1          32          53  0.0000000E+00
           1          32          59  0.0000000E+00
           1          32          60  0.0000000E+00
           1          33          38  0.0000000E+00
           1          33          39  0.0000000E+00
           1          33          40  0.0000000E+00
           1          33          49  0.0000000E+00
           1          33          52  0.0000000E+00
           1          33          59  0.0000000E+00
           1          34          37  0.0000000E+00
           1          34          38  0.0000000E+00
           1          34          39  0.0000000E+00
           1          34          40  0.0000000E+00
           1          34          41  0.0000000E+00
           1          34          49  0.0000000E+00
           1          34          52  0.0000000E+00
           1          34          58  0.0000000E+00
           1          34          59  0.0000000E+00
           1          35          37  0.0000000E+00
           1          35          49  0.0000000E+00
           1          35          50  0.0000000E+00
           1          35          51  0.0000000E+00
           1          35          52  0.0000000E+00
           1          35          58  0.0000000E+00
           1          36          37  0.0000000E+00
           1          36          49  0.0000000E+00
           1          36          57  0.0000000E+00
           1          36          58  0.0000000E+00
           1          37          36  0.0000000E+00
           1          37          49  0.0000000E+00
           1          37          53  0.0000000E+00
           1          38          53  0.0000000E+00
           1          38          54  0.0000000E+00
           1          37          54  0.0000000E+00
           1          37          55  0.0000000E+00
           1          37          56  0.0000000E+00
           1          37          57  0.0000000E+00
           1          37          58  0.0000000E+00
           1          38          36  0.0000000E+00
           1          38          49  0.0000000E+00
           1          38          50  0.0000000E+00
           1          38          51  0.0000000E+00
           1          38          52  0.0000000E+00
           1          38          59  0.0000000E+00
           1          39          35  0.0000000E+00
           1          39          50  0.0000000E+00
           1          39          51  0.0000000E+00
           1          40          34  0.0000000E+00
           1          40          35  0.0000000E+00
           1          40          49  0.0000000E+00
           1          41          34  0.0000000E+00
           1          41          35  0.0000000E+00
           1          41          49  0.0000000E+00
           1          42          34  0.0000000E+00
           1          42          49  0.0000000E+00
           1          43          35  0.0000000E+00
           1          43          49  0.0000000E+00
           1          44          35  0.0000000E+00
           1          44          49  0.0000000E+00
           1          45          35  0.0000000E+00
           1          45          47  0.0000000E+00
           1          45          49  0.0000000E+00
           1          46          35  0.0000000E+00
           1          46          47  0.0000000E+00
           1          46          49  0.0000000E+00
           1          47          32  0.0000000E+00
           1          47          33  0.0000000E+00
           1          47          34  0.0000000E+00
           1          47          35  0.0000000E+00
           1          47          36  0.0000000E+00
           1          47          40  0.0000000E+00
           1          47          47  0.0000000E+00
           1          47          48  0.0000000E+00
           1          47          49  0.0000000E+00
           1          47          50  0.0000000E+00
           1          48          32  0.0000000E+00
           1          48          36  0.0000000E+00
           1          48          37  0.0000000E+00
           1          48          39  0.0000000E+00
           1          48          40  0.0000000E+00
           1          48          47  0.0000000E+00
           1          48          48  0.0000000E+00
           1          48          49  0.0000000E+00
           1          48          50  0.0000000E+00
           1          48          51  0.0000000E+00
           1          48          52  0.0000000E+00
           1          48          62  0.0000000E+00
           1          48          63  0.0000000E+00
           1          49          37  0.0000000E+00
           1          49          38  0.0000000E+00
           1          49          39  0.0000000E+00
           1          50          47  0.0000000E+00
           1          49          47  0.0000000E+00
           1          49          48  0.0000000E+00
           1          50          48  0.0000000E+00
           1          49          61  0.0000000E+00
           1          49          62  0.0000000E+00
           1          50          38  0.0000000E+00
           1          50          39  0.0000000E+00
           1          50          46  0.0000000E+00
           1          50          59  0.0000000E+00
           1          50          60  0.0000000E+00
           1          51          39  0.0000000E+00
           1          51          46  0.0000000E+00
           1          51          47  0.0000000E+00
           1          51          58  0.0000000E+00
           1          51          59  0.0000000E+00
           1          52          40  0.0000000E+00
           1          52          46  0.0000000E+00
           1          52          47  0.0000000E+00
           1          52          58  -3964.701    
           1          53          40  0.0000000E+00
           1          53          46  0.0000000E+00
           1          53          47  0.0000000E+00
           1          53          57  0.0000000E+00
           1          53          58  -14057.06    
           1          54          40  0.0000000E+00
           1          54          41  0.0000000E+00
           1          54          46  0.0000000E+00
           1          54          57  0.0000000E+00
           1          55          41  0.0000000E+00
           1          55          46  0.0000000E+00
           1          55          56  0.0000000E+00
           1          55          57  0.0000000E+00
           1          56          41  0.0000000E+00
           1          56          45  0.0000000E+00
           1          56          56  0.0000000E+00
           1          57          41  0.0000000E+00
           1          57          45  0.0000000E+00
           1          57          46  0.0000000E+00
           1          57          56  0.0000000E+00
           1          58          31  0.0000000E+00
           1          58          41  0.0000000E+00
           1          58          42  0.0000000E+00
           1          58          44  0.0000000E+00
           1          58          45  0.0000000E+00
           1          58          46  0.0000000E+00
           1          58          56  0.0000000E+00
           1          59          31  0.0000000E+00
           1          59          32  0.0000000E+00
           1          59          42  0.0000000E+00
           1          59          43  0.0000000E+00
           1          59          44  0.0000000E+00
           1          59          45  0.0000000E+00
           1          59          56  0.0000000E+00
           1          60          32  0.0000000E+00
           1          60          42  0.0000000E+00
           1          60          43  0.0000000E+00
           1          60          57  0.0000000E+00
           1          61          32  0.0000000E+00
           1          61          42  0.0000000E+00
           1          61          57  0.0000000E+00
           1          62          32  0.0000000E+00
           1          62          33  0.0000000E+00
           1          62          41  0.0000000E+00
           1          62          42  0.0000000E+00
           1          62          57  0.0000000E+00
           1          63          33  0.0000000E+00
           1          63          41  0.0000000E+00
           1          63          57  0.0000000E+00
           1          64          33  0.0000000E+00
           1          65          33  0.0000000E+00
           1          64          41  0.0000000E+00
           1          64          57  0.0000000E+00
           1          65          56  0.0000000E+00
           1          65          57  0.0000000E+00
           1          66          28  0.0000000E+00
           1          66          34  0.0000000E+00
           1          66          40  0.0000000E+00
           1          66          55  0.0000000E+00
           1          66          56  0.0000000E+00
           1          67          28  0.0000000E+00
           1          67          35  0.0000000E+00
           1          67          40  0.0000000E+00
           1          67          53  0.0000000E+00
           1          67          54  0.0000000E+00
           1          67          55  0.0000000E+00
           1          68          28  0.0000000E+00
           1          68          36  0.0000000E+00
           1          68          40  0.0000000E+00
           1          68          51  0.0000000E+00
           1          68          52  0.0000000E+00
           1          68          53  0.0000000E+00
           1          69          28  0.0000000E+00
           1          69          29  0.0000000E+00
           1          69          36  0.0000000E+00
           1          69          39  0.0000000E+00
           1          69          40  0.0000000E+00
           1          69          47  0.0000000E+00
           1          69          48  0.0000000E+00
           1          69          49  0.0000000E+00
           1          69          50  0.0000000E+00
           1          69          51  0.0000000E+00
           1          70          29  0.0000000E+00
           1          70          30  0.0000000E+00
           1          71          30  0.0000000E+00
           1          70          36  0.0000000E+00
           1          70          38  0.0000000E+00
           1          70          39  0.0000000E+00
           1          70          46  0.0000000E+00
           1          70          47  0.0000000E+00
           1          71          31  0.0000000E+00
           1          71          32  0.0000000E+00
           1          71          37  0.0000000E+00
           1          71          38  0.0000000E+00
           1          71          45  0.0000000E+00
           1          71          46  0.0000000E+00
           1          72          30  0.0000000E+00
           1          72          31  0.0000000E+00
           1          72          32  0.0000000E+00
           1          72          37  0.0000000E+00
           1          72          44  0.0000000E+00
           1          72          45  0.0000000E+00
           1          73          31  0.0000000E+00
           1          73          32  0.0000000E+00
           1          73          36  0.0000000E+00
           1          73          37  0.0000000E+00
           1          73          44  0.0000000E+00
           1          74          32  0.0000000E+00
           1          74          33  0.0000000E+00
           1          74          34  0.0000000E+00
           1          74          35  0.0000000E+00
           1          74          36  0.0000000E+00
           1          74          44  0.0000000E+00
           1          75          36  0.0000000E+00
           1          75          44  0.0000000E+00
           1          76          37  0.0000000E+00
           1          76          45  0.0000000E+00
           1          77          37  0.0000000E+00
           1          77          45  0.0000000E+00
           1          77          46  0.0000000E+00
           1          78          37  0.0000000E+00
           1          78          46  0.0000000E+00
           1          79          33  0.0000000E+00
           1          80          34  0.0000000E+00
           1          79          34  0.0000000E+00
           1          79          37  0.0000000E+00
           1          79          46  0.0000000E+00
           1          80          47  0.0000000E+00
           1          80          35  0.0000000E+00
           1          80          37  0.0000000E+00
           1          80          38  0.0000000E+00
           1          81          36  0.0000000E+00
           1          81          38  0.0000000E+00
           1          81          47  0.0000000E+00
           1          82          35  0.0000000E+00
           1          82          37  0.0000000E+00
           1          82          38  0.0000000E+00
           1          82          47  0.0000000E+00
           1          83          47  0.0000000E+00
           1          83          35  0.0000000E+00
           1          83          36  0.0000000E+00
           1          83          37  0.0000000E+00
           1          84          35  0.0000000E+00
           1          84          47  0.0000000E+00
           1          85          35  0.0000000E+00
           1          85          46  0.0000000E+00
           1          85          47  0.0000000E+00
           1          86          35  0.0000000E+00
           1          86          46  0.0000000E+00
           1          87          34  0.0000000E+00
           1          87          35  0.0000000E+00
           1          87          45  0.0000000E+00
           1          87          46  0.0000000E+00
           1          87          49  0.0000000E+00
           1          88          33  0.0000000E+00
           1          88          34  0.0000000E+00
           1          88          45  0.0000000E+00
           1          88          47  0.0000000E+00
           1          89          47  0.0000000E+00
           1          88          48  0.0000000E+00
           1          88          49  0.0000000E+00
           1          89          33  0.0000000E+00
           1          89          42  0.0000000E+00
           1          89          44  0.0000000E+00
           1          89          45  0.0000000E+00
           1          89          46  0.0000000E+00
           1          90          33  0.0000000E+00
           1          90          38  0.0000000E+00
           1          90          39  0.0000000E+00
           1          90          40  0.0000000E+00
           1          90          41  0.0000000E+00
           1          90          42  0.0000000E+00
           1          90          43  0.0000000E+00
           1          90          44  0.0000000E+00
           1          90          45  0.0000000E+00
           1          90          46  0.0000000E+00
           1          91          33  0.0000000E+00
           1          91          37  0.0000000E+00
           1          91          38  0.0000000E+00
           1          91          41  0.0000000E+00
           1          91          42  0.0000000E+00
           1          91          43  0.0000000E+00
           1          91          44  0.0000000E+00
           1          92          33  0.0000000E+00
           1          92          37  0.0000000E+00
           1          93          33  0.0000000E+00
           1          93          34  0.0000000E+00
           1          93          36  0.0000000E+00
           1          93          37  0.0000000E+00
           1          94          34  0.0000000E+00
           1          94          36  0.0000000E+00
           1          95          34  0.0000000E+00
           1          95          36  0.0000000E+00
           1          96          34  0.0000000E+00
           1          96          35  0.0000000E+00
           1          96          36  0.0000000E+00
           1          97          34  0.0000000E+00
           1          98          34  0.0000000E+00
           1          97          35  0.0000000E+00
           1          98          33  0.0000000E+00
           1          99          34  0.0000000E+00
           1         100          34  0.0000000E+00
           1         101          30  0.0000000E+00
           1         101          33  0.0000000E+00
           1         102          29  0.0000000E+00
           1         102          33  0.0000000E+00
           1         103          29  0.0000000E+00
           1         103          33  0.0000000E+00
           1         103          36  0.0000000E+00
           1         104          29  0.0000000E+00
           1         104          34  0.0000000E+00
           1         104          35  0.0000000E+00
           1         105          30  0.0000000E+00
           1         105          34  0.0000000E+00
           1         106          28  0.0000000E+00
           1         107          28  0.0000000E+00
           1         106          30  0.0000000E+00
           1         106          33  0.0000000E+00
           1         107          29  0.0000000E+00
           1         107          30  0.0000000E+00
           1         107          33  0.0000000E+00
           1         108          29  0.0000000E+00
           1         108          30  0.0000000E+00
           1         108          32  0.0000000E+00
           1         108          33  0.0000000E+00
           1         109          29  0.0000000E+00
           1         109          30  0.0000000E+00
           1         109          32  0.0000000E+00
           1         110          30  0.0000000E+00
           1         110          32  0.0000000E+00
           1         110          34  0.0000000E+00
           1         110          35  0.0000000E+00
           1         110          36  0.0000000E+00
           1         111          29  0.0000000E+00
           1         111          30  0.0000000E+00
           1         111          32  0.0000000E+00
           1         111          33  0.0000000E+00
           1         111          34  0.0000000E+00
           1         112          29  0.0000000E+00
           1         112          31  0.0000000E+00
           1         112          32  0.0000000E+00
           1         112          33  0.0000000E+00
           1         113          25  0.0000000E+00
           1         113          28  0.0000000E+00
           1         113          29  0.0000000E+00
           1         114          25  0.0000000E+00
           1         114          27  0.0000000E+00
           1         114          28  0.0000000E+00
           1         115          25  0.0000000E+00
           1         115          26  0.0000000E+00
           1         115          27  0.0000000E+00
           1         115          28  0.0000000E+00
           1         116          24  0.0000000E+00
           1         116          25  0.0000000E+00
           1         116          26  0.0000000E+00
           1         117          23  0.0000000E+00
           1         117          24  0.0000000E+00
           1         117          25  0.0000000E+00
           1         118          22  0.0000000E+00
           1         118          23  0.0000000E+00
           1         118          25  0.0000000E+00
           1         118          26  0.0000000E+00
           1         118          27  0.0000000E+00
           1         118          28  0.0000000E+00
           1         118          29  0.0000000E+00
           1         119          19  0.0000000E+00
           1         119          21  0.0000000E+00
           1         119          22  0.0000000E+00
           1         120          19  0.0000000E+00
           1         120          21  0.0000000E+00
           1         121          19  0.0000000E+00
           1         121          20  0.0000000E+00
           1         121          21  0.0000000E+00
           1         122          18  0.0000000E+00
           1         122          19  0.0000000E+00
           1         122          20  0.0000000E+00
           1         123          16  0.0000000E+00
           1         123          17  0.0000000E+00
           1         123          18  0.0000000E+00
           1         124          14  0.0000000E+00
           1         124          15  0.0000000E+00
           1         124          16  0.0000000E+00
           1         125          11  0.0000000E+00
           1         125          12  0.0000000E+00
           1         125          13  0.0000000E+00
           1         126           9  0.0000000E+00
           1         126          10  0.0000000E+00
           1         126          11  0.0000000E+00
           1         127           7  0.0000000E+00
           1         127           8  0.0000000E+00
           1         127           9  0.0000000E+00
           1         128           6  0.0000000E+00
           1         128           7  0.0000000E+00
           1         129           4  0.0000000E+00
           1         129           5  0.0000000E+00
           1         129           6  0.0000000E+00
           1         130           2  0.0000000E+00
           1         130           3  0.0000000E+00
           1         130           4  0.0000000E+00
           1         131           1  0.0000000E+00
           1         131           2  0.0000000E+00
 
 Day:         100
 Daily GW/SW Exchange for each River Cell
 Layer, Row, Column, Flow Rate
           1           6          73  0.0000000E+00
           1           7          73  0.0000000E+00
           1           8          73  0.0000000E+00
           1           9          63  0.0000000E+00
           1           9          72  0.0000000E+00
           1           9          73  0.0000000E+00
           1          10          62  0.0000000E+00
           1          10          72  0.0000000E+00
           1          11          58  0.0000000E+00
           1          11          62  0.0000000E+00
           1          11          71  0.0000000E+00
           1          11          72  0.0000000E+00
           1          12          57  0.0000000E+00
           1          12          62  0.0000000E+00
           1          12          71  0.0000000E+00
           1          13          57  0.0000000E+00
           1          13          62  0.0000000E+00
           1          13          69  0.0000000E+00
           1          13          70  0.0000000E+00
           1          13          71  0.0000000E+00
           1          14          58  0.0000000E+00
           1          14          62  0.0000000E+00
           1          14          68  0.0000000E+00
           1          14          69  0.0000000E+00
           1          15          55  0.0000000E+00
           1          15          56  0.0000000E+00
           1          15          57  0.0000000E+00
           1          15          58  0.0000000E+00
           1          15          59  0.0000000E+00
           1          15          60  0.0000000E+00
           1          15          63  0.0000000E+00
           1          15          64  0.0000000E+00
           1          15          65  0.0000000E+00
           1          15          66  0.0000000E+00
           1          15          67  0.0000000E+00
           1          15          68  0.0000000E+00
           1          15          69  0.0000000E+00
           1          16          53  0.0000000E+00
           1          16          54  0.0000000E+00
           1          16          55  0.0000000E+00
           1          16          60  0.0000000E+00
           1          16          61  0.0000000E+00
           1          16          63  0.0000000E+00
           1          16          64  0.0000000E+00
           1          16          69  0.0000000E+00
           1          16          70  0.0000000E+00
           1          17          62  0.0000000E+00
           1          17          63  0.0000000E+00
           1          17          70  0.0000000E+00
           1          18          62  0.0000000E+00
           1          19          62  0.0000000E+00
           1          20          62  0.0000000E+00
           1          21          62  0.0000000E+00
           1          22          62  0.0000000E+00
           1          23          62  0.0000000E+00
           1          24          54  0.0000000E+00
           1          24          62  0.0000000E+00
           1          25          46  0.0000000E+00
           1          25          54  0.0000000E+00
           1          25          62  0.0000000E+00
           1          26          46  0.0000000E+00
           1          26          54  0.0000000E+00
           1          26          62  0.0000000E+00
           1          26          63  0.0000000E+00
           1          26          64  0.0000000E+00
           1          27          46  0.0000000E+00
           1          27          54  0.0000000E+00
           1          27          62  0.0000000E+00
           1          27          64  0.0000000E+00
           1          27          65  0.0000000E+00
           1          27          66  0.0000000E+00
           1          27          67  0.0000000E+00
           1          28          46  0.0000000E+00
           1          28          53  0.0000000E+00
           1          28          62  0.0000000E+00
           1          29          38  0.0000000E+00
           1          29          46  0.0000000E+00
           1          29          53  0.0000000E+00
           1          29          61  0.0000000E+00
           1          30          37  0.0000000E+00
           1          30          47  0.0000000E+00
           1          30          53  0.0000000E+00
           1          30          61  0.0000000E+00
           1          31          37  0.0000000E+00
           1          31          47  0.0000000E+00
           1          31          48  0.0000000E+00
           1          31          53  0.0000000E+00
           1          31          60  0.0000000E+00
           1          31          61  0.0000000E+00
           1          32          37  0.0000000E+00
           1          32          48  0.0000000E+00
           1          32          52  0.0000000E+00
           1          32          53  0.0000000E+00
           1          32          59  0.0000000E+00
           1          32          60  0.0000000E+00
           1          33          38  0.0000000E+00
           1          33          39  0.0000000E+00
           1          33          40  0.0000000E+00
           1          33          49  0.0000000E+00
           1          33          52  0.0000000E+00
           1          33          59  0.0000000E+00
           1          34          37   14.40696    
           1          34          38  0.0000000E+00
           1          34          39  0.0000000E+00
           1          34          40  0.0000000E+00
           1          34          41  0.0000000E+00
           1          34          49  0.0000000E+00
           1          34          52  0.0000000E+00
           1          34          58  0.0000000E+00
           1          34          59  0.0000000E+00
           1          35          37   44.74371    
           1          35          49  -13099.73    
           1          35          50  0.0000000E+00
           1          35          51  0.0000000E+00
           1          35          52  0.0000000E+00
           1          35          58  0.0000000E+00
           1          36          37   50.01551    
           1          36          49   483.2282    
           1          36          57   783.2450    
           1          36          58  0.0000000E+00
           1          37          36   45.25875    
           1          37          49   469.1871    
           1          37          53  -6893.493    
           1          38          53   1019.043    
           1          38          54   397.6916    
           1          37          54  -11600.85    
           1          37          55   3921.441    
           1          37          56   4189.119    
           1          37          57   801.2689    
           1          37          58  0.0000000E+00
           1          38          36   54.62824    
           1          38          49   156.9522    
           1          38          50   567.0134    
           1          38          51   3463.363    
           1          38          52  -22248.31    
           1          38          59  0.0000000E+00
           1          39          35   46.51078    
           1          39          50  -26220.98    
           1          39          51   766.9537    
           1          40          34   20.69965    
           1          40          35   53.29137    
           1          40          49  -13790.82    
           1          41          34   21.12820    
           1          41          35   30.19523    
           1          41          49   594.2480    
           1          42          34   38.47617    
           1          42          49  -23981.14    
           1          43          35   48.46465    
           1          43          49  -15906.79    
           1          44          35   44.86758    
           1          44          49  -23224.53    
           1          45          35   45.84844    
           1          45          47  0.0000000E+00
           1          45          49  -25858.19    
           1          46          35   49.48547    
           1          46          47  0.0000000E+00
           1          46          49  -15826.07    
           1          47          32  0.0000000E+00
           1          47          33  0.0000000E+00
           1          47          34  0.0000000E+00
           1          47          35   15.86526    
           1          47          36   1071.186    
           1          47          40  0.0000000E+00
           1          47          47  0.0000000E+00
           1          47          48   1808.668    
           1          47          49  -21985.42    
           1          47          50  0.0000000E+00
           1          48          32  0.0000000E+00
           1          48          36   91.56581    
           1          48          37   1183.937    
           1          48          39  0.0000000E+00
           1          48          40  0.0000000E+00
           1          48          47  0.0000000E+00
           1          48          48  -10526.62    
           1          48          49  0.0000000E+00
           1          48          50  -2519.577    
           1          48          51  -10481.44    
           1          48          52  -17599.16    
           1          48          62  0.0000000E+00
           1          48          63  0.0000000E+00
           1          49          37   962.6107    
           1          49          38   698.3025    
           1          49          39  0.0000000E+00
           1          50          47   5237.333    
           1          49          47  0.0000000E+00
           1          49          48   2794.800    
           1          50          48   92.71117    
           1          49          61  0.0000000E+00
           1          49          62  0.0000000E+00
           1          50          38   851.3426    
           1          50          39   1988.400    
           1          50          46  0.0000000E+00
           1          50          59  -9047.613    
           1          50          60  -12842.56    
           1          51          39   2939.343    
           1          51          46   152.8473    
           1          51          47   7337.159    
           1          51          58  -994.3211    
           1          51          59  -21378.71    
           1          52          40   4592.312    
           1          52          46   441.3573    
           1          52          47   5961.180    
           1          52          58  -22962.38    
           1          53          40   3897.794    
           1          53          46   1268.509    
           1          53          47   6477.464    
           1          53          57  -4930.183    
           1          53          58  -13503.97    
           1          54          40   682.6925    
           1          54          41   3189.957    
           1          54          46   6584.268    
           1          54          57  -18645.18    
           1          55          41   3343.454    
           1          55          46   5747.691    
           1          55          56  -13218.95    
           1          55          57  -7371.806    
           1          56          41   3210.551    
           1          56          45   4510.895    
           1          56          56  -16175.15    
           1          57          41   3625.009    
           1          57          45   6246.957    
           1          57          46  0.0000000E+00
           1          57          56  -13531.59    
           1          58          31  0.0000000E+00
           1          58          41   374.2520    
           1          58          42   3802.213    
           1          58          44   3297.554    
           1          58          45   1511.946    
           1          58          46  0.0000000E+00
           1          58          56  -11867.49    
           1          59          31  0.0000000E+00
           1          59          32  0.0000000E+00
           1          59          42   684.4903    
           1          59          43   10587.49    
           1          59          44   2653.172    
           1          59          45  0.0000000E+00
           1          59          56  -6445.195    
           1          60          32  0.0000000E+00
           1          60          42   144.4118    
           1          60          43   9921.114    
           1          60          57  -9897.671    
           1          61          32  0.0000000E+00
           1          61          42   8682.398    
           1          61          57  -5731.679    
           1          62          32  0.0000000E+00
           1          62          33  0.0000000E+00
           1          62          41   1107.164    
           1          62          42   7406.050    
           1          62          57  -6241.284    
           1          63          33  0.0000000E+00
           1          63          41   8612.331    
           1          63          57  0.0000000E+00
           1          64          33  0.0000000E+00
           1          65          33  0.0000000E+00
           1          64          41   3339.720    
           1          64          57  0.0000000E+00
           1          65          56  0.0000000E+00
           1          65          57  0.0000000E+00
           1          66          28  0.0000000E+00
           1          66          34  0.0000000E+00
           1          66          40   6241.119    
           1          66          55  0.0000000E+00
           1          66          56  0.0000000E+00
           1          67          28  0.0000000E+00
           1          67          35  0.0000000E+00
           1          67          40   6807.616    
           1          67          53  0.0000000E+00
           1          67          54  0.0000000E+00
           1          67          55  0.0000000E+00
           1          68          28  0.0000000E+00
           1          68          36  0.0000000E+00
           1          68          40   6807.616    
           1          68          51  0.0000000E+00
           1          68          52  0.0000000E+00
           1          68          53  0.0000000E+00
           1          69          28  0.0000000E+00
           1          69          29  0.0000000E+00
           1          69          36  0.0000000E+00
           1          69          39   433.2359    
           1          69          40   8968.684    
           1          69          47  0.0000000E+00
           1          69          48  0.0000000E+00
           1          69          49  0.0000000E+00
           1          69          50  0.0000000E+00
           1          69          51  0.0000000E+00
           1          70          29  0.0000000E+00
           1          70          30  0.0000000E+00
           1          71          30  0.0000000E+00
           1          70          36  0.0000000E+00
           1          70          38   1877.357    
           1          70          39   4035.572    
           1          70          46  0.0000000E+00
           1          70          47  0.0000000E+00
           1          71          31  0.0000000E+00
           1          71          32  0.0000000E+00
           1          71          37   610.5555    
           1          71          38   10013.70    
           1          71          45  0.0000000E+00
           1          71          46  0.0000000E+00
           1          72          30  0.0000000E+00
           1          72          31  0.0000000E+00
           1          72          32   50.48011    
           1          72          37   4280.430    
           1          72          44  0.0000000E+00
           1          72          45  0.0000000E+00
           1          73          31  0.0000000E+00
           1          73          32   765.5560    
           1          73          36   2263.777    
           1          73          37   3866.435    
           1          73          44  0.0000000E+00
           1          74          32   125.5040    
           1          74          33   645.6198    
           1          74          34   639.2504    
           1          74          35   610.5707    
           1          74          36   4289.033    
           1          74          44  0.0000000E+00
           1          75          36   3314.226    
           1          75          44  0.0000000E+00
           1          76          37   3625.534    
           1          76          45  0.0000000E+00
           1          77          37   4101.052    
           1          77          45  0.0000000E+00
           1          77          46  0.0000000E+00
           1          78          37   3499.505    
           1          78          46   1297.765    
           1          79          33  0.0000000E+00
           1          80          34  0.0000000E+00
           1          79          34  0.0000000E+00
           1          79          37   2115.656    
           1          79          46   1390.812    
           1          80          47   4011.951    
           1          80          35  0.0000000E+00
           1          80          37   543.6552    
           1          80          38   943.3539    
           1          81          36  0.0000000E+00
           1          81          38   2407.062    
           1          81          47   1747.932    
           1          82          35  0.0000000E+00
           1          82          37   1300.428    
           1          82          38   3686.865    
           1          82          47   2286.601    
           1          83          47   4815.354    
           1          83          35   970.8437    
           1          83          36   2160.822    
           1          83          37   449.4213    
           1          84          35   5283.622    
           1          84          47   2033.837    
           1          85          35   5301.336    
           1          85          46   1046.463    
           1          85          47   854.7766    
           1          86          35   5553.322    
           1          86          46   2225.079    
           1          87          34   3737.548    
           1          87          35   3729.206    
           1          87          45   413.0484    
           1          87          46   1541.838    
           1          87          49  0.0000000E+00
           1          88          33   1167.613    
           1          88          34   6409.548    
           1          88          45   2297.714    
           1          88          47  0.0000000E+00
           1          89          47  0.0000000E+00
           1          88          48  0.0000000E+00
           1          88          49  0.0000000E+00
           1          89          33   1021.789    
           1          89          42  0.0000000E+00
           1          89          44   1341.216    
           1          89          45   1460.277    
           1          89          46  0.0000000E+00
           1          90          33   3923.858    
           1          90          38   318.8228    
           1          90          39   1663.317    
           1          90          40   2401.205    
           1          90          41   1384.906    
           1          90          42   174.0365    
           1          90          43   2179.412    
           1          90          44   421.4183    
           1          90          45  0.0000000E+00
           1          90          46  0.0000000E+00
           1          91          33   1802.054    
           1          91          37   754.6616    
           1          91          38   2062.183    
           1          91          41   49.80796    
           1          91          42   1501.456    
           1          91          43  0.0000000E+00
           1          91          44  0.0000000E+00
           1          92          33   1900.034    
           1          92          37   1971.601    
           1          93          33   894.6065    
           1          93          34   1419.474    
           1          93          36   1647.610    
           1          93          37   334.9354    
           1          94          34   1844.285    
           1          94          36   1742.735    
           1          95          34   1754.721    
           1          95          36   2088.300    
           1          96          34   1774.992    
           1          96          35   1783.458    
           1          96          36   292.3836    
           1          97          34   4877.187    
           1          98          34   5282.993    
           1          97          35   4467.885    
           1          98          33   330.6690    
           1          99          34   2451.846    
           1         100          34   4839.047    
           1         101          30  0.0000000E+00
           1         101          33   2936.803    
           1         102          29  0.0000000E+00
           1         102          33   2059.251    
           1         103          29  0.0000000E+00
           1         103          33   253.2790    
           1         103          36  0.0000000E+00
           1         104          29  0.0000000E+00
           1         104          34   1613.698    
           1         104          35  0.0000000E+00
           1         105          30  0.0000000E+00
           1         105          34   2705.942    
           1         106          28  0.0000000E+00
           1         107          28  0.0000000E+00
           1         106          30  0.0000000E+00
           1         106          33   4031.299    
           1         107          29  0.0000000E+00
           1         107          30  0.0000000E+00
           1         107          33   4345.680    
           1         108          29   8.689962    
           1         108          30   105.7738    
           1         108          32   4385.819    
           1         108          33   4145.029    
           1         109          29   3.515234    
           1         109          30   120.5916    
           1         109          32  -936.3448    
           1         110          30   135.5493    
           1         110          32   882.1763    
           1         110          34  0.0000000E+00
           1         110          35  0.0000000E+00
           1         110          36  0.0000000E+00
           1         111          29   1358.882    
           1         111          30   1879.142    
           1         111          32   3505.181    
           1         111          33  0.0000000E+00
           1         111          34  0.0000000E+00
           1         112          29  -314.1270    
           1         112          31   1719.835    
           1         112          32   693.2939    
           1         112          33  0.0000000E+00
           1         113          25  0.0000000E+00
           1         113          28   548.6967    
           1         113          29  -227.2960    
           1         114          25  0.0000000E+00
           1         114          27   1107.823    
           1         114          28  -453.7820    
           1         115          25  0.0000000E+00
           1         115          26   1890.995    
           1         115          27   1383.909    
           1         115          28   593.2301    
           1         116          24   591.0967    
           1         116          25   1540.065    
           1         116          26   335.8685    
           1         117          23   257.3008    
           1         117          24   791.5317    
           1         117          25  0.0000000E+00
           1         118          22   297.3329    
           1         118          23   1410.623    
           1         118          25  0.0000000E+00
           1         118          26  0.0000000E+00
           1         118          27  0.0000000E+00
           1         118          28  0.0000000E+00
           1         118          29  0.0000000E+00
           1         119          19  0.0000000E+00
           1         119          21   516.9848    
           1         119          22   1462.538    
           1         120          19  0.0000000E+00
           1         120          21   1267.600    
           1         121          19  0.0000000E+00
           1         121          20   949.3585    
           1         121          21   384.2658    
           1         122          18   111.5954    
           1         122          19   730.7553    
           1         122          20   903.5693    
           1         123          16   49.45053    
           1         123          17   338.5470    
           1         123          18   835.0913    
           1         124          14   232.0823    
           1         124          15   345.4872    
           1         124          16   207.6683    
           1         125          11   17191.60    
           1         125          12   29144.55    
           1         125          13   1147.372    
           1         126           9   21541.46    
           1         126          10   23983.58    
           1         126          11   8303.474    
           1         127           7   10274.47    
           1         127           8   27655.17    
           1         127           9   9807.684    
           1         128           6   15566.48    
           1         128           7   22886.10    
           1         129           4   6158.285    
           1         129           5   26641.24    
           1         129           6   11269.94    
           1         130           2   16314.84    
           1         130           3   24825.71    
           1         130           4   25040.05    
           1         131           1   19906.13    
           1         131           2   13501.61    
