 Yearly Total Recharge Values from apex (mm)
 
 year:        1987
           1   10.39364    
           2   5.538856    
           3   3.016011    
           4   65.74972    
           5   54.56118    
           6   13.02566    
           7  0.0000000E+00
           8  0.0000000E+00
           9   29.06675    
          10   127.1349    
          11  0.0000000E+00
          12   125.2279    
          13   191.3879    
          14   32.88640    
          15   7.370861    
          16   15.17679    
          17   74.98833    
          18   98.45058    
          19   8.521075    
          20   5.641957    
          21   226.9236    
          22   11.06648    
          23   8.805917    
          24  0.0000000E+00
          25   223.6560    
          26   88.39606    
          27  0.0000000E+00
          28  0.0000000E+00
          29   24.45277    
          30   166.6543    
          31  0.0000000E+00
          32   85.69469    
          33   106.1918    
          34  0.0000000E+00
          35  0.0000000E+00
          36  0.0000000E+00
          37   20.43244    
          38  0.0000000E+00
          39   62.05743    
          40  0.0000000E+00
          41   4.058563    
          42  0.0000000E+00
          43   10.90609    
          44   19.05714    
          45  0.0000000E+00
          46   83.97755    
          47  0.0000000E+00
          48  0.0000000E+00
          49  0.0000000E+00
          50  0.0000000E+00
          51  0.0000000E+00
          52  0.0000000E+00
          53  0.0000000E+00
          54  0.0000000E+00
          55  0.0000000E+00
          56  0.0000000E+00
          57  0.0000000E+00
          58  0.0000000E+00
          59  0.0000000E+00
          60  0.0000000E+00
          61  0.0000000E+00
          62  0.0000000E+00
          63  0.0000000E+00
          64  0.0000000E+00
          65  0.0000000E+00
          66   49.92107    
          67  0.0000000E+00
          68  0.0000000E+00
          69  0.0000000E+00
          70  0.0000000E+00
          71  0.0000000E+00
          72  0.0000000E+00
          73  0.0000000E+00
          74  0.0000000E+00
          75  0.0000000E+00
 
 year:        1988
           1   44.84678    
           2   137.4039    
           3   136.9491    
           4   190.7807    
           5   36.21929    
           6   40.78433    
           7   99.03494    
           8  0.0000000E+00
           9   26.92678    
          10   241.6229    
          11   153.7210    
          12   186.7365    
          13   279.9642    
          14   41.02033    
          15   136.7544    
          16   203.0368    
          17   217.2051    
          18   244.6392    
          19   9.667002    
          20   16.05491    
          21   333.4344    
          22  0.0000000E+00
          23   37.23898    
          24   90.17566    
          25   29.78627    
          26   168.0101    
          27  0.0000000E+00
          28   196.8562    
          29   200.6423    
          30   276.4452    
          31  0.0000000E+00
          32   163.7849    
          33   278.2616    
          34   128.1051    
          35   94.63501    
          36   57.56502    
          37   147.6954    
          38   146.4378    
          39   106.7335    
          40   60.68189    
          41   106.9873    
          42  0.0000000E+00
          43   179.9692    
          44   154.8833    
          45   172.5366    
          46   109.7323    
          47   84.90255    
          48   137.8105    
          49  0.0000000E+00
          50   63.60860    
          51   32.04608    
          52  0.0000000E+00
          53  0.0000000E+00
          54  0.0000000E+00
          55  0.0000000E+00
          56  0.0000000E+00
          57   28.28871    
          58   16.80167    
          59   24.82463    
          60  0.0000000E+00
          61   44.46639    
          62   69.82972    
          63   59.16771    
          64  0.0000000E+00
          65  0.0000000E+00
          66   73.89976    
          67   49.27706    
          68   49.90666    
          69  0.0000000E+00
          70   58.31393    
          71   76.99052    
          72   58.67844    
          73   61.47185    
          74   60.72280    
          75   24.62931    
 
 year:        1989
           1   21.85232    
           2  0.0000000E+00
           3   77.09349    
           4   78.56883    
           5   37.62244    
           6   19.64047    
           7   67.83841    
           8  0.0000000E+00
           9   9.612658    
          10   99.82031    
          11   58.41136    
          12  0.0000000E+00
          13   50.73281    
          14   36.57257    
          15   75.75929    
          16   115.1274    
          17   137.6222    
          18   182.0378    
          19   2.176655    
          20   7.261447    
          21   151.1689    
          22  0.0000000E+00
          23   20.54026    
          24   66.91808    
          25   37.73420    
          26   138.4967    
          27  0.0000000E+00
          28   109.3899    
          29   142.5274    
          30   148.2027    
          31  0.0000000E+00
          32   132.4841    
          33   90.82718    
          34  0.0000000E+00
          35   33.53368    
          36  0.0000000E+00
          37   84.99512    
          38   92.66060    
          39   31.46493    
          40   28.22315    
          41   38.64949    
          42  0.0000000E+00
          43   79.32572    
          44   66.00034    
          45   59.67631    
          46   52.76776    
          47   38.07928    
          48   50.82494    
          49  0.0000000E+00
          50   16.55120    
          51   10.21772    
          52  0.0000000E+00
          53  0.0000000E+00
          54  0.0000000E+00
          55  0.0000000E+00
          56  0.0000000E+00
          57  1.2013815E-04
          58  1.9157919E-03
          59  0.0000000E+00
          60  0.0000000E+00
          61  0.0000000E+00
          62  0.0000000E+00
          63  3.1293500E-03
          64  0.0000000E+00
          65  0.0000000E+00
          66   23.85485    
          67  4.3313086E-04
          68  1.6105033E-02
          69  0.0000000E+00
          70   5.164775    
          71   2.714681    
          72   3.179298    
          73   3.082225    
          74   3.571602    
          75  3.4031385E-05
 
