 Annual Total GW/SW Rates for apex subareas (m3)
 Positive values: GW --> SW
 Negative values: SW --> GW
 
 year:        1987
           1  -3162.714    
           2  -8969.898    
           3  0.0000000E+00
           4  -47560.10    
           5  -12796.14    
           6  -1994.632    
           7  -640882.1    
           8  -84748.24    
           9  -634117.1    
          10  -140510.9    
          11  -149416.2    
          12  -345777.6    
          13  -8915819.    
          14  -304888.1    
          15  -32941.03    
          16  -26136.75    
          17   1183374.    
          18   1630350.    
          19 -1.3476866E+07
          20  -66931.91    
          21   2130014.    
          22   1176839.    
          23  1.1380644E+07
          24  -6786732.    
          25  3.2963098E+07
          26  -164284.1    
          27  1.6459603E+07
          28  -249576.7    
          29  -3701909.    
          30  -858321.1    
          31   4346312.    
          32  -8597334.    
          33  -5696700.    
          34  -19570.18    
          35  -3694553.    
          36  -2876196.    
          37  -16169.57    
          38  -610904.6    
          39 -2.4904086E+07
          40  -108.9382    
          41  -1256664.    
          42  -1834753.    
          43  -1082792.    
          44  5.9147376E+07
          45  -58412.03    
          46  -9501428.    
          47  -852439.7    
          48 -1.0293012E+07
          49  -182235.8    
          50  -743826.6    
          51 -1.2187927E+07
          52  -9622323.    
          53  -699242.9    
          54  -132449.6    
          55 -2.5473570E+07
          56 -1.2045309E+07
          57  -2510956.    
          58  -8120178.    
          59  -1314408.    
          60  -863.9201    
          61  -434.6220    
          62  -375700.5    
          63  -396540.0    
          64  -4701064.    
          65  -549753.6    
          66  -89584.47    
          67  -4607382.    
          68  -3757130.    
          69  -559143.2    
          70  -1287495.    
          71 -2.1302626E+07
          72  -7478242.    
          73  -412706.5    
          74 -2.1675144E+07
          75 -4.4586624E+07
 
 year:        1988
           1  -3394.264    
           2  -9414.264    
           3  0.0000000E+00
           4  -84730.00    
           5  -13430.05    
           6  -2140.658    
           7  -672816.1    
           8  -125323.8    
           9  -727606.2    
          10  -156992.1    
          11  -166942.3    
          12  -455358.3    
          13   2663678.    
          14  -357943.9    
          15  -39277.14    
          16  -31164.16    
          17   4009245.    
          18   2550042.    
          19  -249303.8    
          20   473811.4    
          21   2708937.    
          22   768518.4    
          23   5444698.    
          24  -8045879.    
          25  2.7054574E+07
          26  -167803.2    
          27  1.4804473E+07
          28  -278733.3    
          29  -3713752.    
          30   769575.8    
          31  2.0788922E+07
          32  -8077884.    
          33   7216183.    
          34   4692680.    
          35  -2753318.    
          36   907490.6    
          37  -16466.48    
          38   188796.1    
          39   5025014.    
          40  -110.9393    
          41   177104.2    
          42   598159.9    
          43  -938805.2    
          44  4.9425480E+07
          45  -54262.63    
          46   160939.1    
          47  -159337.0    
          48   187016.9    
          49  -143704.9    
          50   23208.56    
          51  -140818.4    
          52  -2521622.    
          53  -18931.72    
          54   198661.0    
          55  -1863422.    
          56  -4159634.    
          57  -1012849.    
          58   378385.0    
          59   301153.8    
          60  -1187.107    
          61  -597.2101    
          62  -86875.19    
          63   75725.76    
          64   1485518.    
          65   227134.7    
          66   32563.29    
          67   845791.8    
          68   190395.9    
          69   115675.8    
          70  -483631.5    
          71  -6587688.    
          72  -2427524.    
          73  -471252.7    
          74 -1.0194730E+07
          75 -1.6791394E+07
 
 year:        1989
           1  -4135.317    
           2  -9755.615    
           3  0.0000000E+00
           4  -78701.69    
           5  -13916.99    
           6  -2608.005    
           7  -697195.3    
           8  -126205.4    
           9  -851360.9    
          10  -150546.1    
          11  -160087.8    
          12  -10083.71    
          13   4556856.    
          14  -309703.1    
          15  -24324.11    
          16  -19299.81    
          17   5086402.    
          18   4012595.    
          19   1497876.    
          20   478436.5    
          21   2325389.    
          22   626967.1    
          23   3959664.    
          24  -4133155.    
          25  2.1428758E+07
          26  -56288.89    
          27  1.2126641E+07
          28   357991.0    
          29   843504.6    
          30   1933547.    
          31  2.0393092E+07
          32   3368414.    
          33   6501106.    
          34   4479450.    
          35  -286787.0    
          36   1036760.    
          37  -16390.68    
          38   608319.2    
          39   7031484.    
          40  -110.4280    
          41   148179.8    
          42   610271.0    
          43  -931295.1    
          44  3.9661772E+07
          45  -50084.21    
          46   30696.49    
          47  -190776.1    
          48   924348.1    
          49   24045.93    
          50   60660.67    
          51   1011445.    
          52   898209.6    
          53   239905.0    
          54   1259545.    
          55   575047.4    
          56   1254983.    
          57  -70651.98    
          58   926562.0    
          59   292022.2    
          60  -982.6529    
          61  -494.3543    
          62  -82169.73    
          63   43038.64    
          64   1188322.    
          65   385735.8    
          66   26734.30    
          67   426104.6    
          68   23312.77    
          69   101971.1    
          70  -25838.74    
          71  -364440.8    
          72  -721813.3    
          73  -9446.227    
          74  -1241912.    
          75  -1522496.    
 
