 Groundwater/Surface Water exchange (m3/day)
 for each APEX subarea
 --Calculated from MODFLOW River Package--
 Positive: Volume entering stream from the aquifer
 Negative: Volume seeps from stream to the aquifer
 
 Day:           1
 Daily GW/SW Exchange for each Subarea
 Aquifer/Stream       Drain/Stream
  0.0000000E+00  0.0000000E+00
  0.0000000E+00  0.0000000E+00
  0.0000000E+00  0.0000000E+00
  0.0000000E+00  0.0000000E+00
  0.0000000E+00  0.0000000E+00
  0.0000000E+00  0.0000000E+00
  0.0000000E+00  0.0000000E+00
  0.0000000E+00  0.0000000E+00
  0.0000000E+00  0.0000000E+00
  0.0000000E+00  0.0000000E+00
  0.0000000E+00  0.0000000E+00
  0.0000000E+00  0.0000000E+00
  0.0000000E+00  0.0000000E+00
  0.0000000E+00  0.0000000E+00
  0.0000000E+00  0.0000000E+00
  0.0000000E+00  0.0000000E+00
  0.0000000E+00  0.0000000E+00
  0.0000000E+00  0.0000000E+00
  0.0000000E+00  0.0000000E+00
  0.0000000E+00  0.0000000E+00
  0.0000000E+00  0.0000000E+00
  0.0000000E+00  0.0000000E+00
  0.0000000E+00  0.0000000E+00
  0.0000000E+00  0.0000000E+00
  0.0000000E+00  0.0000000E+00
  0.0000000E+00  0.0000000E+00
  0.0000000E+00  0.0000000E+00
  0.0000000E+00  0.0000000E+00
  0.0000000E+00  0.0000000E+00
  0.0000000E+00  0.0000000E+00
  0.0000000E+00  0.0000000E+00
  0.0000000E+00  0.0000000E+00
  0.0000000E+00  0.0000000E+00
  0.0000000E+00  0.0000000E+00
  0.0000000E+00  0.0000000E+00
  0.0000000E+00  0.0000000E+00
  0.0000000E+00  0.0000000E+00
  0.0000000E+00  0.0000000E+00
  0.0000000E+00  0.0000000E+00
  0.0000000E+00  0.0000000E+00
  0.0000000E+00  0.0000000E+00
  0.0000000E+00  0.0000000E+00
  0.0000000E+00  0.0000000E+00
   18021.77      0.0000000E+00
  0.0000000E+00  0.0000000E+00
  0.0000000E+00  0.0000000E+00
  0.0000000E+00  0.0000000E+00
  0.0000000E+00  0.0000000E+00
  0.0000000E+00  0.0000000E+00
  0.0000000E+00  0.0000000E+00
  0.0000000E+00  0.0000000E+00
  0.0000000E+00  0.0000000E+00
  0.0000000E+00  0.0000000E+00
  0.0000000E+00  0.0000000E+00
  0.0000000E+00  0.0000000E+00
  0.0000000E+00  0.0000000E+00
  0.0000000E+00  0.0000000E+00
  0.0000000E+00  0.0000000E+00
  0.0000000E+00  0.0000000E+00
  0.0000000E+00  0.0000000E+00
  0.0000000E+00  0.0000000E+00
  0.0000000E+00  0.0000000E+00
  0.0000000E+00  0.0000000E+00
  0.0000000E+00  0.0000000E+00
  0.0000000E+00  0.0000000E+00
  0.0000000E+00  0.0000000E+00
  0.0000000E+00  0.0000000E+00
  0.0000000E+00  0.0000000E+00
  0.0000000E+00  0.0000000E+00
  0.0000000E+00  0.0000000E+00
  0.0000000E+00  0.0000000E+00
  0.0000000E+00  0.0000000E+00
  0.0000000E+00  0.0000000E+00
  0.0000000E+00  0.0000000E+00
  0.0000000E+00  0.0000000E+00
 
 Day:         100
 Daily GW/SW Exchange for each Subarea
 Aquifer/Stream       Drain/Stream
  0.0000000E+00  0.0000000E+00
  0.0000000E+00  0.0000000E+00
  0.0000000E+00  0.0000000E+00
  0.0000000E+00  0.0000000E+00
  0.0000000E+00  0.0000000E+00
  0.0000000E+00  0.0000000E+00
  0.0000000E+00  0.0000000E+00
  0.0000000E+00  0.0000000E+00
  0.0000000E+00  0.0000000E+00
  0.0000000E+00  0.0000000E+00
  0.0000000E+00  0.0000000E+00
  0.0000000E+00  0.0000000E+00
  0.0000000E+00  0.0000000E+00
  0.0000000E+00  0.0000000E+00
  -2.955025      0.0000000E+00
  -2.344643      0.0000000E+00
   1888.490      0.0000000E+00
   5067.004      0.0000000E+00
  -402.7693      0.0000000E+00
  -673.5287      0.0000000E+00
   4670.844      0.0000000E+00
   4310.800      0.0000000E+00
   37706.57      0.0000000E+00
  -707.1730      0.0000000E+00
   127736.0      0.0000000E+00
  -69.93781      0.0000000E+00
   52030.17      0.0000000E+00
  -701.9489      0.0000000E+00
  -4775.531      0.0000000E+00
  -2940.632      0.0000000E+00
  -17106.34      0.0000000E+00
  -24783.05      0.0000000E+00
  -24899.08      0.0000000E+00
  -2115.127      0.0000000E+00
  -11921.40      0.0000000E+00
  -9544.407      0.0000000E+00
  -45.33175      0.0000000E+00
  -2504.788      0.0000000E+00
  -85839.91      0.0000000E+00
 -0.3054112      0.0000000E+00
  -4074.509      0.0000000E+00
  -4256.889      0.0000000E+00
  -3171.950      0.0000000E+00
   194764.4      0.0000000E+00
  -159.5529      0.0000000E+00
  -18965.11      0.0000000E+00
  -628.6364      0.0000000E+00
  -11266.10      0.0000000E+00
  -493.8885      0.0000000E+00
  -1380.964      0.0000000E+00
  -34676.72      0.0000000E+00
  -31082.84      0.0000000E+00
  -1897.248      0.0000000E+00
  -361.3698      0.0000000E+00
  -17008.00      0.0000000E+00
  -28205.55      0.0000000E+00
  -3101.901      0.0000000E+00
  -9511.399      0.0000000E+00
  -1821.502      0.0000000E+00
  -2.888745      0.0000000E+00
  -1.453270      0.0000000E+00
  -1228.735      0.0000000E+00
  -1382.152      0.0000000E+00
  -21822.61      0.0000000E+00
  -1463.065      0.0000000E+00
  -272.0507      0.0000000E+00
  -5649.107      0.0000000E+00
  -2964.754      0.0000000E+00
  -331.2884      0.0000000E+00
  -259.6645      0.0000000E+00
  -7792.525      0.0000000E+00
  -1362.441      0.0000000E+00
  -159.4073      0.0000000E+00
  -2069.949      0.0000000E+00
  -330070.1      0.0000000E+00
