 Annual Total GW/SW Rates for River Cells (m3)
 Negative values: GW --> SW
 Positive values: SW --> GW
 
 year:        1987
  0.0000000E+00
  0.0000000E+00
  0.0000000E+00
  0.0000000E+00
  0.0000000E+00
  0.0000000E+00
  0.0000000E+00
  0.0000000E+00
  0.0000000E+00
  0.0000000E+00
  0.0000000E+00
  0.0000000E+00
  0.0000000E+00
  0.0000000E+00
  0.0000000E+00
  0.0000000E+00
  0.0000000E+00
  0.0000000E+00
  0.0000000E+00
  0.0000000E+00
  0.0000000E+00
  0.0000000E+00
  0.0000000E+00
  0.0000000E+00
  0.0000000E+00
  0.0000000E+00
  0.0000000E+00
   45614.51    
   9113.044    
  0.0000000E+00
  0.0000000E+00
  0.0000000E+00
   42930.36    
   331200.3    
   208728.4    
   65676.58    
   19046.71    
   191898.0    
   177117.9    
   169250.8    
   135593.5    
  0.0000000E+00
  0.0000000E+00
  0.0000000E+00
  0.0000000E+00
   220927.5    
   340868.7    
  0.0000000E+00
   181519.0    
   156650.0    
  0.0000000E+00
  0.0000000E+00
   520438.4    
   125720.9    
  0.0000000E+00
   476287.2    
   468307.3    
   559667.9    
   581815.0    
   347553.4    
   385824.0    
  0.0000000E+00
   547379.5    
  0.0000000E+00
  0.0000000E+00
   661224.7    
  0.0000000E+00
  0.0000000E+00
   544407.6    
  0.0000000E+00
  0.0000000E+00
  0.0000000E+00
  0.0000000E+00
   1012901.    
  0.0000000E+00
  0.0000000E+00
  0.0000000E+00
  0.0000000E+00
  0.0000000E+00
  0.0000000E+00
  0.0000000E+00
   963931.4    
  0.0000000E+00
  0.0000000E+00
  0.0000000E+00
  0.0000000E+00
  0.0000000E+00
   97644.30    
  0.0000000E+00
  0.0000000E+00
  0.0000000E+00
  0.0000000E+00
  0.0000000E+00
  0.0000000E+00
   428943.6    
  0.0000000E+00
  0.0000000E+00
  0.0000000E+00
  0.0000000E+00
  0.0000000E+00
  0.0000000E+00
   808261.4    
   874559.1    
  0.0000000E+00
  0.0000000E+00
  0.0000000E+00
  0.0000000E+00
  0.0000000E+00
  0.0000000E+00
   526922.4    
   796001.3    
  0.0000000E+00
  0.0000000E+00
  0.0000000E+00
  0.0000000E+00
  0.0000000E+00
   1002742.    
   107160.7    
  0.0000000E+00
  0.0000000E+00
  0.0000000E+00
  0.0000000E+00
  0.0000000E+00
  0.0000000E+00
  0.0000000E+00
   872950.6    
   352992.8    
   329008.5    
   70721.11    
  0.0000000E+00
  0.0000000E+00
  0.0000000E+00
   804260.2    
   367774.4    
   51136.27    
   666641.6    
   487199.1    
   332795.0    
  0.0000000E+00
  -13242.48    
   60202.39    
   340882.8    
   133032.9    
   190463.5    
   358615.7    
   428871.0    
   267917.4    
  0.0000000E+00
  0.0000000E+00
   401692.8    
   88924.05    
   106907.3    
   210390.9    
  -170503.2    
  0.0000000E+00
   342003.6    
  0.0000000E+00
  -251521.7    
   206679.3    
   152208.5    
   391861.2    
  -155816.0    
  0.0000000E+00
   155359.9    
   222031.4    
   156877.7    
  0.0000000E+00
   282922.8    
  0.0000000E+00
  -368132.1    
   356369.8    
  -279385.5    
   329919.4    
  -401025.7    
   337132.0    
  0.0000000E+00
  -460677.7    
   363876.6    
  0.0000000E+00
  -350028.8    
  0.0000000E+00
  0.0000000E+00
  0.0000000E+00
   117416.6    
   566538.1    
  0.0000000E+00
  0.0000000E+00
   125671.6    
  -352468.3    
  0.0000000E+00
  0.0000000E+00
   45139.32    
   583647.1    
  0.0000000E+00
  0.0000000E+00
  0.0000000E+00
   20811.23    
  0.0000000E+00
  -26596.53    
  -138928.7    
  -193382.8    
  0.0000000E+00
  0.0000000E+00
   474539.6    
   344242.6    
  0.0000000E+00
   172433.8    
  0.0000000E+00
   32571.69    
   62931.91    
  0.0000000E+00
  0.0000000E+00
   419687.3    
   445544.1    
  0.0000000E+00
  -122794.2    
  -142305.8    
  0.0000000E+00
   637520.6    
  0.0000000E+00
   47742.53    
   217086.2    
  -18259.44    
  -356750.6    
   899638.2    
   137942.9    
   256855.7    
  -355462.5    
   845403.1    
  0.0000000E+00
   241617.3    
   133882.4    
  -134277.5    
  -215644.5    
   148070.8    
   691876.5    
   226058.1    
  -237375.0    
   725171.2    
   281660.7    
  -179659.6    
  -116029.5    
   696345.3    
   427161.9    
  0.0000000E+00
  -236641.4    
   814864.4    
  0.0000000E+00
   448129.7    
  0.0000000E+00
  -179799.8    
  0.0000000E+00
   95875.44    
   974413.4    
   671655.8    
   487000.5    
  0.0000000E+00
  -124674.2    
  0.0000000E+00
  0.0000000E+00
   175422.0    
   823126.0    
   657427.6    
  0.0000000E+00
  -11948.27    
  0.0000000E+00
  0.0000000E+00
   55132.60    
   765822.6    
  0.0000000E+00
  0.0000000E+00
   880893.2    
  0.0000000E+00
  0.0000000E+00
  0.0000000E+00
   422686.9    
   860939.5    
  0.0000000E+00
  0.0000000E+00
   921631.2    
  0.0000000E+00
  0.0000000E+00
  0.0000000E+00
   834678.6    
  0.0000000E+00
  0.0000000E+00
  0.0000000E+00
  0.0000000E+00
  0.0000000E+00
  0.0000000E+00
  0.0000000E+00
  0.0000000E+00
  0.0000000E+00
   662054.3    
  0.0000000E+00
  0.0000000E+00
  0.0000000E+00
  0.0000000E+00
  0.0000000E+00
  0.0000000E+00
  0.0000000E+00
   567206.5    
  0.0000000E+00
  0.0000000E+00
  0.0000000E+00
  0.0000000E+00
  0.0000000E+00
   336933.6    
  0.0000000E+00
  0.0000000E+00
  0.0000000E+00
  0.0000000E+00
  0.0000000E+00
  0.0000000E+00
   165408.6    
   116885.0    
  0.0000000E+00
  0.0000000E+00
  0.0000000E+00
  0.0000000E+00
  0.0000000E+00
  0.0000000E+00
  0.0000000E+00
  0.0000000E+00
  0.0000000E+00
  0.0000000E+00
   348084.9    
  -21224.52    
  0.0000000E+00
  0.0000000E+00
  0.0000000E+00
  0.0000000E+00
   115012.1    
  -76292.60    
  0.0000000E+00
  0.0000000E+00
  0.0000000E+00
  0.0000000E+00
   11104.94    
  -46784.07    
  0.0000000E+00
  0.0000000E+00
  0.0000000E+00
  0.0000000E+00
   169322.1    
   208679.8    
   147477.2    
  0.0000000E+00
   27758.58    
   142796.2    
   141386.5    
   135043.8    
  -97522.20    
  0.0000000E+00
   494085.5    
  0.0000000E+00
  0.0000000E+00
  0.0000000E+00
   357872.2    
  0.0000000E+00
   346764.4    
  0.0000000E+00
  0.0000000E+00
   801662.7    
   236035.1    
  0.0000000E+00
  0.0000000E+00
  0.0000000E+00
   882404.8    
   252885.1    
  0.0000000E+00
   291479.1    
  0.0000000E+00
  0.0000000E+00
   435358.7    
   1226464.    
  0.0000000E+00
   1336026.    
   317818.2    
  0.0000000E+00
  0.0000000E+00
   1110674.    
   1554174.    
   403447.8    
   125610.8    
   855052.1    
   943539.1    
   1249127.    
   1066688.    
   369779.8    
   1501424.    
  0.0000000E+00
   190261.2    
   155410.3    
   1055396.    
  0.0000000E+00
  -183597.9    
   1274078.    
   1012106.    
   75097.95    
   280327.9    
  0.0000000E+00
   613622.9    
   782276.4    
   302299.2    
  0.0000000E+00
  0.0000000E+00
  0.0000000E+00
  0.0000000E+00
   536986.8    
  0.0000000E+00
  0.0000000E+00
   243851.5    
   265498.6    
  0.0000000E+00
   685263.6    
  0.0000000E+00
   86124.10    
   449314.1    
   648640.6    
   354600.9    
   31642.22    
   396246.8    
   76657.26    
  0.0000000E+00
  0.0000000E+00
   626645.4    
   203857.6    
   367700.9    
   12042.38    
   360865.4    
  0.0000000E+00
  0.0000000E+00
   573433.8    
   216218.3    
   839870.1    
   464019.7    
   445071.0    
   90476.61    
   532333.0    
   470768.0    
   652455.3    
   326223.7    
   812490.3    
   481768.5    
   78981.95    
   707981.9    
   449364.5    
   452070.1    
   987317.6    
  0.0000000E+00
   724207.2    
   772768.1    
  0.0000000E+00
   542496.3    
  0.0000000E+00
  0.0000000E+00
  0.0000000E+00
   224710.8    
  0.0000000E+00
  0.0000000E+00
  0.0000000E+00
   182403.2    
  0.0000000E+00
  0.0000000E+00
  0.0000000E+00
  0.0000000E+00
   429025.1    
  0.0000000E+00
  0.0000000E+00
  0.0000000E+00
   427902.0    
  0.0000000E+00
  0.0000000E+00
  0.0000000E+00
   330258.1    
  0.0000000E+00
  0.0000000E+00
  0.0000000E+00
   280937.6    
   1903.081    
   23151.25    
   364830.8    
   340952.5    
   769.3981    
   26394.55    
   215041.9    
   29668.46    
   175063.2    
  0.0000000E+00
  0.0000000E+00
  0.0000000E+00
   353490.4    
   192730.8    
  0.0000000E+00
   169776.1    
  0.0000000E+00
  0.0000000E+00
   112731.8    
   141629.1    
   141841.4    
  0.0000000E+00
  0.0000000E+00
   121032.6    
   86162.34    
  0.0000000E+00
  0.0000000E+00
   127631.6    
   14453.67    
  0.0000000E+00
   30566.76    
   29535.10    
   70655.77    
   190838.3    
   32210.54    
   62090.71    
   147265.3    
   34495.49    
  0.0000000E+00
   172416.2    
   37498.96    
  0.0000000E+00
  0.0000000E+00
  0.0000000E+00
  0.0000000E+00
  -12273.27    
  0.0000000E+00
   170343.2    
   62837.54    
  0.0000000E+00
   101683.4    
  0.0000000E+00
   130248.0    
   90447.91    
   178740.0    
   141384.9    
   108602.9    
  0.0000000E+00
   204099.2    
   181403.8    
   153482.8    
   280527.2    
   219329.8    
   207679.4    
   295264.8    
   305671.1    
   259261.7    
  0.0000000E+00
   275104.4    
   243890.4    
   248825.5    
   193627.0    
   218412.9    
   263891.7    
   155195.9    
   169897.7    
   90050.80    
   121580.8    
   142125.2    
   11253.39    
   51626.21    
   139559.7    
   2638176.    
   112250.0    
 
 year:        1988
  0.0000000E+00
  0.0000000E+00
  0.0000000E+00
  0.0000000E+00
  0.0000000E+00
  0.0000000E+00
  0.0000000E+00
  0.0000000E+00
  0.0000000E+00
  0.0000000E+00
  0.0000000E+00
  0.0000000E+00
  0.0000000E+00
  0.0000000E+00
  0.0000000E+00
  0.0000000E+00
  0.0000000E+00
  0.0000000E+00
  0.0000000E+00
  0.0000000E+00
  0.0000000E+00
  0.0000000E+00
  0.0000000E+00
  0.0000000E+00
  0.0000000E+00
  0.0000000E+00
  0.0000000E+00
   50404.14    
   10053.41    
  0.0000000E+00
  0.0000000E+00
  0.0000000E+00
   45677.01    
   81799.83    
   222184.5    
   121111.9    
   21046.71    
   212047.8    
   195716.4    
   187022.5    
   149831.5    
  0.0000000E+00
  0.0000000E+00
  0.0000000E+00
  0.0000000E+00
   210920.0    
   155403.0    
  0.0000000E+00
   287691.7    
   173098.8    
  0.0000000E+00
  0.0000000E+00
  -229494.2    
   193523.8    
  0.0000000E+00
  -300460.1    
  -371689.4    
  -361613.3    
  -371992.2    
  -392268.1    
  -387105.2    
  0.0000000E+00
  -362643.2    
  0.0000000E+00
  0.0000000E+00
  -412867.1    
  0.0000000E+00
  0.0000000E+00
   227594.4    
  0.0000000E+00
  0.0000000E+00
  0.0000000E+00
  0.0000000E+00
  -80962.21    
  0.0000000E+00
  0.0000000E+00
  0.0000000E+00
  0.0000000E+00
  0.0000000E+00
  0.0000000E+00
  0.0000000E+00
  -7358.755    
  0.0000000E+00
  0.0000000E+00
  0.0000000E+00
  0.0000000E+00
  0.0000000E+00
   90544.44    
  0.0000000E+00
  0.0000000E+00
  0.0000000E+00
  0.0000000E+00
  0.0000000E+00
  0.0000000E+00
   397754.2    
  0.0000000E+00
  0.0000000E+00
  0.0000000E+00
  0.0000000E+00
  0.0000000E+00
  0.0000000E+00
   124172.3    
  -88944.59    
  0.0000000E+00
  0.0000000E+00
  0.0000000E+00
  0.0000000E+00
  0.0000000E+00
  0.0000000E+00
   330134.1    
   57400.05    
  0.0000000E+00
  0.0000000E+00
  0.0000000E+00
  0.0000000E+00
  0.0000000E+00
  -116205.3    
   127872.3    
  0.0000000E+00
  0.0000000E+00
  0.0000000E+00
  0.0000000E+00
  -100994.8    
  0.0000000E+00
  0.0000000E+00
   42805.47    
   327325.8    
   392642.5    
  -614739.8    
  -100240.5    
  -186191.6    
  -107066.9    
  -97994.98    
   438904.6    
  -504304.6    
  -3822.298    
   227268.2    
   397162.7    
  0.0000000E+00
  -546436.4    
  -298676.3    
   45211.44    
   108532.0    
  -275646.0    
  -138487.7    
  -121541.2    
   104958.6    
  0.0000000E+00
  0.0000000E+00
   479383.2    
  -39121.16    
  -325876.2    
  -91754.02    
  -516209.9    
  0.0000000E+00
   408149.7    
  0.0000000E+00
  -500305.2    
  -39222.95    
   181647.0    
   467651.9    
  -310973.6    
  0.0000000E+00
   185407.8    
   264974.4    
   71342.79    
  0.0000000E+00
   337642.8    
  0.0000000E+00
  -522342.0    
   395921.3    
  -361836.4    
   393730.3    
  -421098.8    
   387994.9    
  0.0000000E+00
  -453680.1    
   418438.0    
  0.0000000E+00
  -236308.2    
  0.0000000E+00
  0.0000000E+00
  0.0000000E+00
   140122.9    
   36416.53    
  0.0000000E+00
  -141661.7    
  -40037.89    
  -317591.7    
  0.0000000E+00
  0.0000000E+00
   62524.96    
   34977.48    
  0.0000000E+00
  0.0000000E+00
  0.0000000E+00
  -184415.5    
  0.0000000E+00
  -23515.03    
  -121048.0    
  -222354.3    
  0.0000000E+00
  0.0000000E+00
   225967.3    
   407080.4    
  0.0000000E+00
  -148258.9    
  0.0000000E+00
  -170619.2    
  -31452.19    
  -134167.8    
  0.0000000E+00
   324810.8    
   162840.0    
  -163260.1    
  -497759.8    
  -464115.8    
  0.0000000E+00
   125554.7    
  0.0000000E+00
  -152782.2    
  -62418.54    
  -343694.0    
  -485901.8    
  -286668.2    
  -218785.3    
  -10762.80    
  -554826.3    
  -175808.9    
  0.0000000E+00
  -260870.8    
  -147998.3    
  -426722.6    
  -378001.9    
   194191.1    
  -48371.12    
  -371421.8    
  -499855.5    
  -80405.44    
  -289990.6    
  -502434.9    
  -323812.4    
  -22933.26    
  -299562.5    
  0.0000000E+00
  -550897.2    
  -136729.5    
  0.0000000E+00
  -262336.2    
  0.0000000E+00
  -457811.7    
  0.0000000E+00
   121310.8    
  -94898.30    
  -88524.07    
  -181921.6    
  0.0000000E+00
  -418562.6    
  0.0000000E+00
  0.0000000E+00
   221962.0    
  -77817.45    
  -96879.97    
  0.0000000E+00
  -358627.7    
  0.0000000E+00
  0.0000000E+00
   55036.54    
  -111506.6    
  -325310.9    
  0.0000000E+00
  -117287.4    
  -189312.9    
  0.0000000E+00
  0.0000000E+00
   413917.4    
  -104450.0    
  -217136.8    
  0.0000000E+00
  -119142.4    
  -15568.44    
  0.0000000E+00
  0.0000000E+00
  -134969.6    
  -174564.6    
  0.0000000E+00
  0.0000000E+00
  0.0000000E+00
  0.0000000E+00
  0.0000000E+00
  0.0000000E+00
  0.0000000E+00
  0.0000000E+00
  -187972.8    
  0.0000000E+00
  0.0000000E+00
  0.0000000E+00
  0.0000000E+00
  0.0000000E+00
  0.0000000E+00
  0.0000000E+00
  -173128.8    
  0.0000000E+00
  0.0000000E+00
  0.0000000E+00
  0.0000000E+00
  0.0000000E+00
  -271933.8    
  0.0000000E+00
  0.0000000E+00
  0.0000000E+00
  0.0000000E+00
  0.0000000E+00
  0.0000000E+00
   165111.7    
  -481993.9    
  0.0000000E+00
  0.0000000E+00
  0.0000000E+00
  0.0000000E+00
  0.0000000E+00
  0.0000000E+00
  0.0000000E+00
  0.0000000E+00
  0.0000000E+00
  0.0000000E+00
   102174.4    
  -594928.9    
  0.0000000E+00
  0.0000000E+00
  0.0000000E+00
  0.0000000E+00
  -237557.0    
  -479920.5    
  0.0000000E+00
  0.0000000E+00
  0.0000000E+00
  0.0000000E+00
   12235.42    
  -353028.2    
  0.0000000E+00
  0.0000000E+00
  0.0000000E+00
  0.0000000E+00
   186571.2    
  -62879.26    
  -170156.0    
  -56634.92    
   30586.23    
   157341.8    
   155789.5    
   130077.4    
  -539889.9    
  0.0000000E+00
   227099.3    
  0.0000000E+00
  0.0000000E+00
  0.0000000E+00
  -150105.6    
  0.0000000E+00
  -458990.0    
  0.0000000E+00
  0.0000000E+00
  -201013.5    
   125931.0    
  0.0000000E+00
  0.0000000E+00
  0.0000000E+00
  -289107.2    
   349327.1    
  0.0000000E+00
  -521154.9    
  0.0000000E+00
  0.0000000E+00
   460180.7    
  -171015.1    
  0.0000000E+00
  -315629.9    
  -251983.8    
  0.0000000E+00
  0.0000000E+00
  -47876.05    
  -325690.4    
  -356000.0    
  -661429.7    
   178576.5    
  -507701.0    
   397841.7    
  -142119.1    
  -175337.7    
  -152771.8    
  0.0000000E+00
   262842.8    
   214696.7    
  -797083.0    
  0.0000000E+00
  -890888.8    
   223370.9    
  -206310.8    
   103746.6    
  -166169.1    
  -109059.9    
   536953.9    
  -258422.5    
  -432950.6    
  0.0000000E+00
  0.0000000E+00
  -142830.1    
  0.0000000E+00
   458672.2    
  0.0000000E+00
  0.0000000E+00
   336877.0    
   366782.1    
  0.0000000E+00
  -130474.5    
  0.0000000E+00
   96162.64    
   235125.3    
   72899.88    
   411499.5    
   43713.24    
   182431.1    
   105899.9    
  0.0000000E+00
  0.0000000E+00
  -52151.48    
   227619.2    
  -432532.1    
   14576.62    
   94010.95    
  0.0000000E+00
  -3140.252    
  -174931.1    
  -415459.8    
   191313.7    
  -234618.7    
   92666.39    
   101022.4    
  -178353.9    
  -62398.57    
  -104523.8    
  -271226.2    
   15341.06    
   116338.1    
   88188.05    
  -114335.8    
  -487387.8    
  -248624.7    
   218568.8    
  0.0000000E+00
  -51821.48    
   98113.62    
  0.0000000E+00
  -275970.3    
  0.0000000E+00
  0.0000000E+00
  0.0000000E+00
  -218605.6    
  0.0000000E+00
  0.0000000E+00
  0.0000000E+00
   190997.9    
  0.0000000E+00
  0.0000000E+00
  0.0000000E+00
  0.0000000E+00
  -158238.2    
  0.0000000E+00
  0.0000000E+00
  0.0000000E+00
  -61822.11    
  0.0000000E+00
  0.0000000E+00
  0.0000000E+00
  -121837.1    
  0.0000000E+00
  0.0000000E+00
  0.0000000E+00
  -163110.5    
   2614.179    
   31823.53    
  -41977.41    
   45592.04    
   1057.609    
   36281.72    
  -96147.35    
   40782.00    
  -70541.91    
  0.0000000E+00
  0.0000000E+00
  0.0000000E+00
   89289.28    
  -104817.4    
  0.0000000E+00
  -31114.19    
  0.0000000E+00
  0.0000000E+00
  -125176.4    
  -41534.09    
   6672.452    
  0.0000000E+00
  0.0000000E+00
  -65566.21    
  -97216.88    
  0.0000000E+00
  0.0000000E+00
  -39194.30    
  -140525.9    
  0.0000000E+00
  -133085.9    
  -105829.2    
  -45837.51    
   21583.42    
  -121642.5    
  -64553.57    
  -56212.52    
  -138485.0    
  -6374.627    
  -22944.69    
  -191757.4    
  0.0000000E+00
  -3886.654    
  -29689.38    
  -49377.69    
  -61571.66    
  0.0000000E+00
  -39227.55    
  -169838.8    
  0.0000000E+00
  -112174.4    
  0.0000000E+00
  -77627.92    
  -108858.3    
  -46398.25    
  -65824.73    
  -89929.24    
  0.0000000E+00
  -68624.86    
  -69181.83    
  -69667.02    
  -61310.40    
  -74325.63    
  -58873.84    
  -35344.01    
  -27977.71    
  -49651.70    
  0.0000000E+00
  -32954.31    
  -34430.35    
  -17762.41    
  -26504.38    
  -41560.18    
  -23521.61    
  -41317.63    
  -51122.63    
  -53635.71    
   15838.73    
   30818.60    
  -154951.5    
  -83068.28    
   56913.05    
   2927413.    
   6122.711    
 
 year:        1989
  0.0000000E+00
  0.0000000E+00
  0.0000000E+00
  -39980.19    
  0.0000000E+00
  0.0000000E+00
  0.0000000E+00
  0.0000000E+00
  0.0000000E+00
  0.0000000E+00
  0.0000000E+00
  0.0000000E+00
  0.0000000E+00
  0.0000000E+00
  0.0000000E+00
  0.0000000E+00
  0.0000000E+00
  0.0000000E+00
  0.0000000E+00
  0.0000000E+00
  0.0000000E+00
  0.0000000E+00
  0.0000000E+00
  0.0000000E+00
  0.0000000E+00
  0.0000000E+00
  0.0000000E+00
   61256.82    
   12268.71    
  0.0000000E+00
  0.0000000E+00
  0.0000000E+00
   49683.34    
  -107716.4    
  -69601.74    
   12944.25    
   25578.37    
   100595.9    
   153385.3    
   227291.2    
   182092.2    
  0.0000000E+00
  0.0000000E+00
  0.0000000E+00
  0.0000000E+00
  -105579.5    
  -90264.20    
  0.0000000E+00
   7029.521    
   210369.3    
  0.0000000E+00
  0.0000000E+00
  -135045.2    
   151613.2    
  0.0000000E+00
  -132230.6    
  -201829.0    
  -223202.7    
  -240864.6    
  -225789.9    
  -224672.0    
  0.0000000E+00
  -197858.9    
  0.0000000E+00
  0.0000000E+00
  -222462.9    
  0.0000000E+00
  0.0000000E+00
  -31182.04    
  0.0000000E+00
  0.0000000E+00
  0.0000000E+00
  0.0000000E+00
  -90494.17    
  0.0000000E+00
  0.0000000E+00
  0.0000000E+00
  0.0000000E+00
  0.0000000E+00
  0.0000000E+00
  0.0000000E+00
  -801.5203    
  0.0000000E+00
  0.0000000E+00
  0.0000000E+00
  0.0000000E+00
  0.0000000E+00
   95618.24    
  0.0000000E+00
  0.0000000E+00
  0.0000000E+00
  -90326.89    
  0.0000000E+00
  0.0000000E+00
   145066.3    
  0.0000000E+00
  0.0000000E+00
  0.0000000E+00
  0.0000000E+00
  0.0000000E+00
  -218686.8    
   20059.62    
  -111889.0    
  0.0000000E+00
  0.0000000E+00
  -346833.6    
  0.0000000E+00
  0.0000000E+00
  -214876.3    
   135139.9    
  -68409.49    
  0.0000000E+00
  0.0000000E+00
  0.0000000E+00
  -234821.6    
  -79206.62    
  -146366.6    
   77991.18    
  0.0000000E+00
  0.0000000E+00
  0.0000000E+00
  0.0000000E+00
  -400932.1    
  0.0000000E+00
  -280289.5    
  -42581.53    
   345668.3    
   239454.8    
  -583106.1    
  -278097.2    
  -362077.9    
  -357626.1    
  -101246.7    
  -50431.19    
  -412492.0    
   7511.459    
   411.8316    
   49212.30    
  0.0000000E+00
  -396004.8    
  -237875.9    
   59805.79    
   118449.3    
  -267839.0    
  -123667.4    
  -107087.8    
  -108936.2    
  0.0000000E+00
  0.0000000E+00
  -64370.22    
   1716.075    
  -227911.2    
  -46741.76    
  -473260.8    
  0.0000000E+00
   44722.07    
  0.0000000E+00
  -485586.9    
   10053.23    
   110778.2    
  -137980.3    
  -368460.8    
  0.0000000E+00
   113071.6    
   161595.4    
   24828.08    
  0.0000000E+00
   151843.4    
  0.0000000E+00
  -520081.5    
  -135973.6    
  -343603.4    
  -72546.21    
  -383221.7    
  -128225.6    
  -351928.5    
  -417579.8    
  -131006.6    
  -215610.0    
  -186020.6    
  0.0000000E+00
  0.0000000E+00
  0.0000000E+00
   85474.50    
  -295123.5    
  0.0000000E+00
  -345939.4    
  -33168.36    
  -302528.0    
  0.0000000E+00
  0.0000000E+00
   30465.19    
  -305402.4    
  0.0000000E+00
  0.0000000E+00
  -149665.4    
  -187728.8    
  0.0000000E+00
  -12525.58    
  -103816.4    
  -221486.5    
  0.0000000E+00
  0.0000000E+00
  -203239.8    
  -188459.9    
  0.0000000E+00
  -127627.6    
  -140246.3    
  -167701.9    
  -63720.80    
  -224420.9    
  -15173.88    
  -164094.3    
  -280677.1    
  -476013.9    
  -346968.9    
  -383240.4    
  0.0000000E+00
  -190878.6    
  0.0000000E+00
  -319234.2    
  -57939.18    
  -179165.7    
  -379495.6    
  -292160.6    
  -286346.3    
  -26343.25    
  -413988.6    
  -232092.4    
  0.0000000E+00
  -188401.3    
  -196864.3    
  -266715.8    
  -280183.9    
   105715.1    
  -210129.0    
  -232533.9    
  -369352.5    
  -220319.9    
  -160831.4    
  -365930.3    
  -240042.5    
  -178249.1    
  -131493.6    
  0.0000000E+00
  -436087.3    
  -103301.6    
  0.0000000E+00
  -90378.11    
  0.0000000E+00
  -362088.2    
  0.0000000E+00
   60818.29    
  -58158.57    
  -19082.96    
  -59062.50    
  0.0000000E+00
  -342854.9    
  0.0000000E+00
  0.0000000E+00
   111282.8    
  -16619.37    
  -26429.34    
  0.0000000E+00
  -298295.2    
  0.0000000E+00
  0.0000000E+00
   56561.86    
  -38150.23    
  -277904.1    
  0.0000000E+00
  -43221.68    
  -209612.6    
  0.0000000E+00
  0.0000000E+00
  -43017.38    
  -33382.34    
  -239681.2    
  0.0000000E+00
  -47544.45    
  -156300.5    
  0.0000000E+00
  0.0000000E+00
  -64042.11    
  -248777.9    
  0.0000000E+00
  0.0000000E+00
  0.0000000E+00
  0.0000000E+00
  0.0000000E+00
  0.0000000E+00
  0.0000000E+00
  0.0000000E+00
  -116686.6    
  0.0000000E+00
  0.0000000E+00
  0.0000000E+00
  0.0000000E+00
  0.0000000E+00
  0.0000000E+00
  0.0000000E+00
  -115243.7    
  0.0000000E+00
  -103785.4    
  0.0000000E+00
  0.0000000E+00
  0.0000000E+00
  -191327.7    
  -25978.45    
  0.0000000E+00
  0.0000000E+00
  0.0000000E+00
  0.0000000E+00
  0.0000000E+00
   169685.0    
  -470441.1    
  0.0000000E+00
  -251779.6    
  -221633.6    
  -260683.3    
  0.0000000E+00
  0.0000000E+00
  0.0000000E+00
  0.0000000E+00
  0.0000000E+00
  0.0000000E+00
   191510.0    
  -613292.8    
  0.0000000E+00
  -364147.5    
  0.0000000E+00
  0.0000000E+00
  -188291.7    
  -442767.1    
  0.0000000E+00
  0.0000000E+00
  0.0000000E+00
  0.0000000E+00
   12078.16    
  -291109.9    
  0.0000000E+00
  0.0000000E+00
  0.0000000E+00
  0.0000000E+00
   93264.51    
  -77123.20    
  -154434.4    
  -354046.3    
   30091.23    
   25680.21    
   78077.30    
  -12009.91    
  -555406.8    
  -193404.6    
   251156.8    
  0.0000000E+00
  0.0000000E+00
  0.0000000E+00
  -80749.79    
  -209898.2    
  -430692.9    
  0.0000000E+00
  0.0000000E+00
  -168627.7    
  -240442.5    
  0.0000000E+00
  0.0000000E+00
  0.0000000E+00
  -283503.5    
   350733.2    
  0.0000000E+00
  -531019.7    
  0.0000000E+00
  0.0000000E+00
   435505.9    
  -175373.0    
  0.0000000E+00
  -278274.7    
  -291713.0    
  0.0000000E+00
  0.0000000E+00
  -12017.72    
  -270241.2    
  -338491.3    
  -627873.8    
   204367.7    
  -471240.2    
   134777.9    
  -132732.0    
  -201458.7    
  -211291.2    
  0.0000000E+00
   263895.0    
   215556.0    
  -924378.5    
  0.0000000E+00
  -880632.0    
   207707.5    
  -232655.9    
   104161.8    
  -158298.0    
  -352031.7    
   173231.6    
  -297836.9    
  -451974.5    
  0.0000000E+00
  -105023.9    
  -254246.7    
  0.0000000E+00
   158236.0    
  0.0000000E+00
  0.0000000E+00
   143986.5    
   368250.1    
  0.0000000E+00
  -140343.5    
  0.0000000E+00
   92910.98    
  -176321.6    
  -205803.6    
   12248.99    
   43888.20    
  -110552.8    
   94897.65    
  0.0000000E+00
  0.0000000E+00
  -70903.93    
   219922.4    
  -406141.4    
   14322.13    
  -122841.5    
  0.0000000E+00
  -260939.5    
  -187641.3    
  -374392.9    
   158874.8    
  -218089.7    
   25736.17    
   97606.39    
  -150380.0    
  -173994.4    
  -90939.49    
  -276211.0    
   11806.90    
   288.2575    
   85206.09    
  -116385.1    
  -486900.1    
  -235496.1    
   181177.0    
  0.0000000E+00
  -28744.67    
   118643.2    
  0.0000000E+00
  -262979.9    
  0.0000000E+00
  0.0000000E+00
  0.0000000E+00
  -214405.5    
  0.0000000E+00
  0.0000000E+00
  0.0000000E+00
   134849.2    
  0.0000000E+00
  0.0000000E+00
  0.0000000E+00
  0.0000000E+00
  -149730.1    
  0.0000000E+00
  0.0000000E+00
  0.0000000E+00
  -40204.95    
  0.0000000E+00
  0.0000000E+00
  0.0000000E+00
  -124429.5    
  0.0000000E+00
  0.0000000E+00
  0.0000000E+00
  -150053.6    
   2162.470    
   26292.57    
  -41496.16    
   80026.46    
   873.7953    
   29975.90    
  -76325.46    
   33693.99    
  -59399.80    
  0.0000000E+00
  0.0000000E+00
  0.0000000E+00
   128577.9    
  -69528.80    
  0.0000000E+00
  -32304.62    
  0.0000000E+00
  0.0000000E+00
  -92308.60    
  -17736.57    
   10822.64    
  0.0000000E+00
  -6661.154    
  -14150.16    
  -51792.34    
  0.0000000E+00
  0.0000000E+00
   11694.96    
  -92621.63    
  0.0000000E+00
  -84916.70    
  -57682.07    
   4127.508    
   72232.55    
  -73861.21    
  -16583.04    
   12387.87    
  -90178.73    
  -17846.50    
   45669.33    
  -112996.8    
  -7405.942    
  -16144.37    
  -32298.95    
  -47043.20    
  -67552.20    
  0.0000000E+00
   33994.52    
  -96420.27    
  0.0000000E+00
  -42181.69    
  0.0000000E+00
  -3925.851    
  -49338.06    
   6559.477    
  -9782.687    
  -27962.15    
  0.0000000E+00
  -12125.76    
  -13095.34    
  -15314.46    
  -5573.239    
  -17106.13    
  -2373.327    
  -10309.76    
  -2607.188    
  -5334.466    
  0.0000000E+00
  -8099.674    
  -9943.330    
   6444.949    
  -2090.722    
  -18103.93    
   293.7837    
  -17217.76    
  -27165.96    
  -31264.50    
   38215.86    
   53397.84    
  -129171.3    
  -61588.53    
   75868.03    
   2692527.    
   27978.54    
 
