 MODFLOW River Stage (L) (for each River Cell)
 --Calculated from APEX Channel Depth--
 
 Day:           1
 Channel depth for each MODFLOW River Cell
  0.0000000E+00
  0.0000000E+00
  0.0000000E+00
  0.0000000E+00
  0.0000000E+00
  0.0000000E+00
  0.0000000E+00
  0.0000000E+00
  0.0000000E+00
  0.0000000E+00
  0.0000000E+00
  0.0000000E+00
  0.0000000E+00
  0.0000000E+00
  0.0000000E+00
  0.0000000E+00
  0.0000000E+00
  0.0000000E+00
  0.0000000E+00
  0.0000000E+00
  0.0000000E+00
  0.0000000E+00
  0.0000000E+00
  0.0000000E+00
  0.0000000E+00
  0.0000000E+00
  0.0000000E+00
  0.0000000E+00
  0.0000000E+00
  0.0000000E+00
  0.0000000E+00
  0.0000000E+00
  0.0000000E+00
  0.0000000E+00
  0.0000000E+00
  0.0000000E+00
  0.0000000E+00
  0.0000000E+00
  0.0000000E+00
  0.0000000E+00
  0.0000000E+00
  0.0000000E+00
  0.0000000E+00
  0.0000000E+00
  0.0000000E+00
  0.0000000E+00
  0.0000000E+00
  0.0000000E+00
  0.0000000E+00
  0.0000000E+00
  0.0000000E+00
  0.0000000E+00
  0.0000000E+00
  0.0000000E+00
  0.0000000E+00
  0.0000000E+00
  0.0000000E+00
  0.0000000E+00
  0.0000000E+00
  0.0000000E+00
  0.0000000E+00
  0.0000000E+00
  0.0000000E+00
  0.0000000E+00
  0.0000000E+00
  0.0000000E+00
  0.0000000E+00
  0.0000000E+00
  0.0000000E+00
  0.0000000E+00
  0.0000000E+00
  0.0000000E+00
  0.0000000E+00
  0.0000000E+00
  0.0000000E+00
  0.0000000E+00
  0.0000000E+00
  0.0000000E+00
  0.0000000E+00
  0.0000000E+00
  0.0000000E+00
  0.0000000E+00
  0.0000000E+00
  0.0000000E+00
  0.0000000E+00
  0.0000000E+00
  0.0000000E+00
  0.0000000E+00
  0.0000000E+00
  0.0000000E+00
  0.0000000E+00
  0.0000000E+00
  0.0000000E+00
  0.0000000E+00
  0.0000000E+00
  0.0000000E+00
  0.0000000E+00
  0.0000000E+00
  0.0000000E+00
  0.0000000E+00
  0.0000000E+00
  0.0000000E+00
  0.0000000E+00
  0.0000000E+00
  0.0000000E+00
  0.0000000E+00
  0.0000000E+00
  0.0000000E+00
  0.0000000E+00
  0.0000000E+00
  0.0000000E+00
  0.0000000E+00
  0.0000000E+00
  0.0000000E+00
  0.0000000E+00
  0.0000000E+00
  0.0000000E+00
  0.0000000E+00
  0.0000000E+00
  0.0000000E+00
  0.0000000E+00
  0.0000000E+00
  0.0000000E+00
  0.0000000E+00
  0.0000000E+00
  0.0000000E+00
  0.0000000E+00
  0.0000000E+00
  0.0000000E+00
  0.0000000E+00
  0.0000000E+00
  0.0000000E+00
  0.0000000E+00
  0.0000000E+00
  0.0000000E+00
  0.0000000E+00
  0.0000000E+00
  0.0000000E+00
  0.0000000E+00
  0.0000000E+00
  0.0000000E+00
  0.0000000E+00
  0.0000000E+00
  0.0000000E+00
  0.0000000E+00
  0.0000000E+00
  0.0000000E+00
  0.0000000E+00
  0.0000000E+00
  0.0000000E+00
  0.0000000E+00
  0.0000000E+00
  0.0000000E+00
  0.0000000E+00
  0.0000000E+00
  0.0000000E+00
  0.0000000E+00
  0.0000000E+00
  0.0000000E+00
  0.0000000E+00
  0.0000000E+00
  0.0000000E+00
  0.0000000E+00
  0.0000000E+00
  0.0000000E+00
  0.0000000E+00
  0.0000000E+00
  0.0000000E+00
  0.0000000E+00
  0.0000000E+00
  0.0000000E+00
  0.0000000E+00
  0.0000000E+00
  0.0000000E+00
  0.0000000E+00
  0.0000000E+00
  0.0000000E+00
  0.0000000E+00
  0.0000000E+00
  0.0000000E+00
  0.0000000E+00
  0.0000000E+00
  0.0000000E+00
  0.0000000E+00
  0.0000000E+00
  0.0000000E+00
  0.0000000E+00
  0.0000000E+00
  0.0000000E+00
  0.0000000E+00
  0.0000000E+00
  0.0000000E+00
  0.0000000E+00
  0.0000000E+00
  0.0000000E+00
  0.0000000E+00
  0.0000000E+00
  0.0000000E+00
  0.0000000E+00
  0.0000000E+00
  0.0000000E+00
  0.0000000E+00
  0.0000000E+00
  0.0000000E+00
  0.0000000E+00
  0.0000000E+00
  0.0000000E+00
  0.0000000E+00
  0.0000000E+00
  0.0000000E+00
  0.0000000E+00
  0.0000000E+00
  0.0000000E+00
  0.0000000E+00
  0.0000000E+00
  0.0000000E+00
  0.0000000E+00
  0.0000000E+00
  0.0000000E+00
  0.0000000E+00
  0.0000000E+00
  0.0000000E+00
  0.0000000E+00
  0.0000000E+00
  0.0000000E+00
  0.0000000E+00
  0.0000000E+00
  0.0000000E+00
  0.0000000E+00
  0.0000000E+00
  0.0000000E+00
  0.0000000E+00
  0.0000000E+00
  0.0000000E+00
  0.0000000E+00
  0.0000000E+00
  0.0000000E+00
  0.0000000E+00
  0.0000000E+00
  0.0000000E+00
  0.0000000E+00
  0.0000000E+00
  0.0000000E+00
  0.0000000E+00
  0.0000000E+00
  0.0000000E+00
  0.0000000E+00
  0.0000000E+00
  0.0000000E+00
  0.0000000E+00
  0.0000000E+00
  0.0000000E+00
  0.0000000E+00
  0.0000000E+00
  0.0000000E+00
  0.0000000E+00
  0.0000000E+00
  0.0000000E+00
  0.0000000E+00
  0.0000000E+00
  0.0000000E+00
  0.0000000E+00
  0.0000000E+00
  0.0000000E+00
  0.0000000E+00
  0.0000000E+00
  0.0000000E+00
  0.0000000E+00
  0.0000000E+00
  0.0000000E+00
  0.0000000E+00
  0.0000000E+00
  0.0000000E+00
  0.0000000E+00
  0.0000000E+00
  0.0000000E+00
  0.0000000E+00
  0.0000000E+00
  0.0000000E+00
  0.0000000E+00
  0.0000000E+00
  0.0000000E+00
  0.0000000E+00
  0.0000000E+00
  0.0000000E+00
  0.0000000E+00
  0.0000000E+00
  0.0000000E+00
  0.0000000E+00
  0.0000000E+00
  0.0000000E+00
  0.0000000E+00
  0.0000000E+00
  0.0000000E+00
  0.0000000E+00
  0.0000000E+00
  0.0000000E+00
  0.0000000E+00
  0.0000000E+00
  0.0000000E+00
  0.0000000E+00
  0.0000000E+00
  0.0000000E+00
  0.0000000E+00
  0.0000000E+00
  0.0000000E+00
  0.0000000E+00
  0.0000000E+00
  0.0000000E+00
  0.0000000E+00
  0.0000000E+00
  0.0000000E+00
  0.0000000E+00
  0.0000000E+00
  0.0000000E+00
  0.0000000E+00
  0.0000000E+00
  0.0000000E+00
  0.0000000E+00
  0.0000000E+00
  0.0000000E+00
  0.0000000E+00
  0.0000000E+00
  0.0000000E+00
  0.0000000E+00
  0.0000000E+00
  0.0000000E+00
  0.0000000E+00
  0.0000000E+00
  0.0000000E+00
  0.0000000E+00
  0.0000000E+00
  0.0000000E+00
  0.0000000E+00
  0.0000000E+00
  0.0000000E+00
  0.0000000E+00
  0.0000000E+00
  0.0000000E+00
  0.0000000E+00
  0.0000000E+00
  0.0000000E+00
  0.0000000E+00
  0.0000000E+00
  0.0000000E+00
  0.0000000E+00
  0.0000000E+00
  0.0000000E+00
  0.0000000E+00
  0.0000000E+00
  0.0000000E+00
  0.0000000E+00
  0.0000000E+00
  0.0000000E+00
  0.0000000E+00
  0.0000000E+00
  0.0000000E+00
  0.0000000E+00
  0.0000000E+00
  0.0000000E+00
  0.0000000E+00
  0.0000000E+00
  0.0000000E+00
  0.0000000E+00
  0.0000000E+00
  0.0000000E+00
  0.0000000E+00
  0.0000000E+00
  0.0000000E+00
  0.0000000E+00
  0.0000000E+00
  0.0000000E+00
  0.0000000E+00
  0.0000000E+00
  0.0000000E+00
  0.0000000E+00
  0.0000000E+00
  0.0000000E+00
  0.0000000E+00
  0.0000000E+00
  0.0000000E+00
  0.0000000E+00
  0.0000000E+00
  0.0000000E+00
  0.0000000E+00
  0.0000000E+00
  0.0000000E+00
  0.0000000E+00
  0.0000000E+00
  0.0000000E+00
  0.0000000E+00
  0.0000000E+00
  0.0000000E+00
  0.0000000E+00
  0.0000000E+00
  0.0000000E+00
  0.0000000E+00
  0.0000000E+00
  0.0000000E+00
  0.0000000E+00
  0.0000000E+00
  0.0000000E+00
  0.0000000E+00
  0.0000000E+00
  0.0000000E+00
  0.0000000E+00
  0.0000000E+00
  0.0000000E+00
  0.0000000E+00
  0.0000000E+00
  0.0000000E+00
  0.0000000E+00
  0.0000000E+00
  0.0000000E+00
  0.0000000E+00
  0.0000000E+00
  0.0000000E+00
  0.0000000E+00
  0.0000000E+00
  0.0000000E+00
  0.0000000E+00
  0.0000000E+00
  0.0000000E+00
  0.0000000E+00
  0.0000000E+00
  0.0000000E+00
  0.0000000E+00
  0.0000000E+00
  0.0000000E+00
  0.0000000E+00
  0.0000000E+00
  0.0000000E+00
  0.0000000E+00
  0.0000000E+00
  0.0000000E+00
  0.0000000E+00
  0.0000000E+00
  0.0000000E+00
  0.0000000E+00
  0.0000000E+00
  0.0000000E+00
  0.0000000E+00
  0.0000000E+00
  0.0000000E+00
  0.0000000E+00
  0.0000000E+00
  0.0000000E+00
  0.0000000E+00
  0.0000000E+00
  0.0000000E+00
  0.0000000E+00
  0.0000000E+00
  0.0000000E+00
  0.0000000E+00
  0.0000000E+00
  0.0000000E+00
  0.0000000E+00
  0.0000000E+00
  0.0000000E+00
  0.0000000E+00
  0.0000000E+00
  0.0000000E+00
  0.0000000E+00
  0.0000000E+00
  0.0000000E+00
  0.0000000E+00
  0.0000000E+00
  0.0000000E+00
  0.0000000E+00
  0.0000000E+00
  0.0000000E+00
  0.0000000E+00
  0.0000000E+00
  0.0000000E+00
  0.0000000E+00
  0.0000000E+00
  0.0000000E+00
  0.0000000E+00
  0.0000000E+00
  0.0000000E+00
  0.0000000E+00
  0.0000000E+00
  0.0000000E+00
  0.0000000E+00
  0.0000000E+00
  0.0000000E+00
  0.0000000E+00
  0.0000000E+00
  0.0000000E+00
  0.0000000E+00
  0.0000000E+00
  0.0000000E+00
  0.0000000E+00
  0.0000000E+00
  0.0000000E+00
  0.0000000E+00
  0.0000000E+00
  0.0000000E+00
  0.0000000E+00
  0.0000000E+00
  0.0000000E+00
  0.0000000E+00
  0.0000000E+00
  0.0000000E+00
 
 Day:         100
 Channel depth for each MODFLOW River Cell
  0.0000000E+00
  0.0000000E+00
  0.0000000E+00
  0.0000000E+00
  0.0000000E+00
  0.0000000E+00
  0.0000000E+00
  0.0000000E+00
  0.0000000E+00
  0.0000000E+00
  0.0000000E+00
  0.0000000E+00
  0.0000000E+00
  0.0000000E+00
  0.0000000E+00
  0.0000000E+00
  0.0000000E+00
  0.0000000E+00
  0.0000000E+00
  0.0000000E+00
  0.0000000E+00
  0.0000000E+00
  0.0000000E+00
  0.0000000E+00
  0.0000000E+00
  0.0000000E+00
  0.0000000E+00
  0.0000000E+00
  0.0000000E+00
  0.0000000E+00
  0.0000000E+00
  0.0000000E+00
  0.0000000E+00
  0.0000000E+00
  0.0000000E+00
  0.0000000E+00
  0.0000000E+00
  0.0000000E+00
  0.0000000E+00
  0.0000000E+00
  0.0000000E+00
  0.0000000E+00
  0.0000000E+00
  0.0000000E+00
  0.0000000E+00
  0.0000000E+00
  0.0000000E+00
  0.0000000E+00
  0.0000000E+00
  0.0000000E+00
  0.0000000E+00
  0.0000000E+00
  0.0000000E+00
  0.0000000E+00
  0.0000000E+00
  0.0000000E+00
  0.0000000E+00
  0.0000000E+00
  0.0000000E+00
  0.0000000E+00
  0.0000000E+00
  0.0000000E+00
  0.0000000E+00
  0.0000000E+00
  0.0000000E+00
  0.0000000E+00
  0.0000000E+00
  0.0000000E+00
  0.0000000E+00
  0.0000000E+00
  0.0000000E+00
  0.0000000E+00
  0.0000000E+00
  0.0000000E+00
  0.0000000E+00
  0.0000000E+00
  0.0000000E+00
  0.0000000E+00
  0.0000000E+00
  0.0000000E+00
  0.0000000E+00
  0.0000000E+00
  0.0000000E+00
  0.0000000E+00
  0.0000000E+00
  0.0000000E+00
  0.0000000E+00
  0.0000000E+00
  0.0000000E+00
  0.0000000E+00
  0.0000000E+00
  0.0000000E+00
  0.0000000E+00
  0.0000000E+00
  0.0000000E+00
  0.0000000E+00
  0.0000000E+00
  0.0000000E+00
  0.0000000E+00
  0.0000000E+00
  0.0000000E+00
  4.9140970E-03
  0.0000000E+00
  0.0000000E+00
  0.0000000E+00
  0.0000000E+00
  0.0000000E+00
  0.0000000E+00
  0.0000000E+00
  0.0000000E+00
  7.7736834E-03
  3.9216917E-02
  0.0000000E+00
  0.0000000E+00
  0.0000000E+00
  0.0000000E+00
  7.7736834E-03
  8.3611824E-02
  8.6082809E-02
  0.0000000E+00
  7.7736834E-03
  8.3611824E-02
  0.3480740    
  0.3480740    
  0.3480740    
  0.3480740    
  0.1366243    
  0.0000000E+00
  7.7736834E-03
  8.3611824E-02
  8.5211307E-02
  0.3480740    
  0.3480740    
  0.3480740    
  0.3480740    
  0.0000000E+00
  7.7736834E-03
  0.2461182    
  0.3480740    
  7.7736834E-03
  7.7736829E-03
  0.2049262    
  7.7736834E-03
  7.7736834E-03
  0.2049262    
  7.7736834E-03
  0.2049262    
  7.7736839E-03
  0.2049262    
  7.7736834E-03
  0.2049262    
  7.7736834E-03
  0.0000000E+00
  0.2049262    
  7.7736839E-03
  0.0000000E+00
  0.2049262    
  0.0000000E+00
  0.0000000E+00
  0.0000000E+00
  2.6893604E-03
  0.1392668    
  0.0000000E+00
  0.0000000E+00
  0.1870794    
  0.0000000E+00
  0.0000000E+00
  0.0000000E+00
  0.1626137    
  0.1626137    
  0.0000000E+00
  0.0000000E+00
  0.0000000E+00
  0.3622013    
  0.0000000E+00
  0.0000000E+00
  0.0000000E+00
  0.0000000E+00
  0.0000000E+00
  0.0000000E+00
  0.1626137    
  0.1626137    
  0.0000000E+00
  0.0000000E+00
  0.3622013    
  0.0000000E+00
  0.0000000E+00
  0.1626137    
  0.2386191    
  0.0000000E+00
  0.2572368    
  0.3622013    
  0.0000000E+00
  0.0000000E+00
  0.3816072    
  4.5892950E-02
  0.3622013    
  0.0000000E+00
  0.0000000E+00
  0.3816072    
  0.1612140    
  0.3622013    
  0.0000000E+00
  0.3816072    
  9.8679520E-02
  0.3622013    
  0.0000000E+00
  0.0000000E+00
  0.3816072    
  0.3816072    
  0.3874319    
  0.0000000E+00
  0.3816072    
  0.3955995    
  0.0000000E+00
  0.0000000E+00
  0.3816072    
  0.3955995    
  0.0000000E+00
  0.3825637    
  0.3955995    
  0.0000000E+00
  0.0000000E+00
  0.0000000E+00
  0.3834230    
  0.3834230    
  0.3469123    
  8.2196526E-02
  0.0000000E+00
  0.0000000E+00
  0.0000000E+00
  0.0000000E+00
  0.3834230    
  0.3772976    
  0.2910722    
  0.0000000E+00
  0.0000000E+00
  0.0000000E+00
  0.4048085    
  0.4025565    
  0.0000000E+00
  0.0000000E+00
  0.4048085    
  0.0000000E+00
  0.0000000E+00
  0.0000000E+00
  0.4048085    
  0.4048085    
  0.0000000E+00
  0.0000000E+00
  0.4048085    
  0.0000000E+00
  0.0000000E+00
  0.4048085    
  0.0000000E+00
  0.0000000E+00
  0.0000000E+00
  0.0000000E+00
  0.0000000E+00
  0.0000000E+00
  0.4048085    
  0.0000000E+00
  0.0000000E+00
  0.0000000E+00
  0.0000000E+00
  0.4048085    
  0.0000000E+00
  0.0000000E+00
  0.0000000E+00
  0.0000000E+00
  0.0000000E+00
  0.4048085    
  0.0000000E+00
  0.0000000E+00
  0.0000000E+00
  0.0000000E+00
  0.0000000E+00
  0.0000000E+00
  0.4048085    
  0.4048085    
  0.0000000E+00
  0.0000000E+00
  0.0000000E+00
  0.0000000E+00
  0.0000000E+00
  0.0000000E+00
  0.0000000E+00
  0.0000000E+00
  0.4048085    
  0.4048085    
  0.0000000E+00
  0.0000000E+00
  0.0000000E+00
  0.0000000E+00
  0.0000000E+00
  0.1722532    
  0.4048085    
  0.0000000E+00
  0.0000000E+00
  0.0000000E+00
  0.0000000E+00
  1.1915030E-02
  0.1969730    
  0.0000000E+00
  0.0000000E+00
  0.0000000E+00
  0.1241954    
  0.1618333    
  0.1919020    
  0.0000000E+00
  0.1241954    
  0.1241954    
  0.1241954    
  0.1241954    
  0.1584849    
  0.0000000E+00
  0.1638953    
  0.0000000E+00
  0.1638953    
  0.0000000E+00
  0.1638953    
  0.0000000E+00
  0.0000000E+00
  0.1638953    
  0.4227154    
  0.0000000E+00
  0.0000000E+00
  0.1638953    
  0.4911807    
  0.0000000E+00
  0.0000000E+00
  0.1609947    
  0.1000000    
  0.4911807    
  0.0000000E+00
  0.1000000    
  0.4911807    
  0.0000000E+00
  0.1000000    
  0.1000000    
  0.4911807    
  4.2817373E-02
  0.1000000    
  0.1000000    
  0.4911807    
  0.2507543    
  0.4911807    
  0.2507543    
  0.4911807    
  0.4911807    
  0.2507543    
  0.4911807    
  0.2507543    
  0.2507543    
  0.4911807    
  0.4911807    
  0.0000000E+00
  0.2507543    
  0.2507543    
  0.4911807    
  0.0000000E+00
  0.0000000E+00
  0.0000000E+00
  0.2507543    
  0.0000000E+00
  0.4911807    
  0.4911807    
  0.0000000E+00
  0.0000000E+00
  0.1573943    
  0.3742204    
  0.3742204    
  0.3742204    
  0.2464184    
  0.4911807    
  0.4911807    
  0.1379946    
  0.0000000E+00
  0.0000000E+00
  8.2145482E-02
  0.3742204    
  0.3742204    
  0.3923626    
  0.3789074    
  0.0000000E+00
  0.0000000E+00
  8.2145482E-02
  0.3742204    
  8.2145482E-02
  8.2145482E-02
  0.3742204    
  0.3742203    
  8.2145482E-02
  0.3742204    
  8.2145482E-02
  0.3742204    
  8.2145482E-02
  0.3742204    
  0.3742204    
  0.1766353    
  0.3742204    
  8.2145482E-02
  0.3008735    
  0.2214213    
  0.1997806    
  0.0000000E+00
  0.2009532    
  0.0000000E+00
  0.2009532    
  0.0000000E+00
  0.2009532    
  0.0000000E+00
  0.0000000E+00
  8.8157013E-02
  0.0000000E+00
  0.0000000E+00
  0.1164135    
  0.0000000E+00
  0.0000000E+00
  0.1636679    
  0.0000000E+00
  0.0000000E+00
  0.0000000E+00
  0.1636679    
  1.6879207E-02
  3.3735387E-02
  0.1636679    
  0.1636679    
  3.3735387E-02
  3.3735387E-02
  0.1636679    
  3.3735387E-02
  0.1636679    
  0.0000000E+00
  0.0000000E+00
  0.0000000E+00
  8.1740975E-02
  6.2632605E-02
  0.1455112    
  0.0000000E+00
  0.0000000E+00
  8.1740975E-02
  8.4764086E-02
  3.2290388E-02
  0.0000000E+00
  0.0000000E+00
  8.1740975E-02
  8.1740975E-02
  0.0000000E+00
  8.1740975E-02
  8.1740975E-02
  0.0000000E+00
  6.6150881E-02
  8.1740975E-02
  8.1740975E-02
  5.6891799E-02
  5.6891795E-02
  5.6891795E-02
  4.5873538E-02
  2.9544499E-02
  0.0000000E+00
  4.5873534E-02
  4.5873538E-02
  0.0000000E+00
  0.0000000E+00
  0.0000000E+00
  0.0000000E+00
  0.0000000E+00
  0.0000000E+00
  4.5873538E-02
  4.5873538E-02
  0.0000000E+00
  4.5873538E-02
  0.0000000E+00
  4.5873538E-02
  4.5873541E-02
  3.1495843E-02
  2.2054298E-02
  4.5873538E-02
  9.8412158E-03
  1.1991212E-02
  3.1495843E-02
  9.8412167E-03
  9.8412167E-03
  9.8412167E-03
  0.9971377    
  0.9971377    
  5.8071263E-02
  0.9971377    
  0.9971377    
  0.9971377    
  0.9971377    
  0.9971377    
  0.9971377    
  0.9971377    
  0.9971377    
  0.9971377    
  0.9971377    
  0.9971377    
  0.9971377    
  0.9971377    
  0.9971377    
  0.9971377    
  0.9971377    
