 Monthly Total GW/SW Rates for apex subareas(m3)
 Positive values: GW --> SW
 Negative values: SW --> GW
 
 month:           1 year:        1987
           1  0.0000000E+00
           2  0.0000000E+00
           3  0.0000000E+00
           4  0.0000000E+00
           5  0.0000000E+00
           6  0.0000000E+00
           7  0.0000000E+00
           8  0.0000000E+00
           9  0.0000000E+00
          10  0.0000000E+00
          11  0.0000000E+00
          12  0.0000000E+00
          13  0.0000000E+00
          14  0.0000000E+00
          15  0.0000000E+00
          16  0.0000000E+00
          17  0.0000000E+00
          18  0.0000000E+00
          19  0.0000000E+00
          20  0.0000000E+00
          21  0.0000000E+00
          22   37215.73    
          23   591397.0    
          24  0.0000000E+00
          25  -68667.56    
          26  0.0000000E+00
          27   827689.0    
          28  0.0000000E+00
          29  0.0000000E+00
          30  -24231.41    
          31  -270518.7    
          32  0.0000000E+00
          33  -178171.4    
          34  -14848.04    
          35  -20994.21    
          36  -46970.17    
          37  0.0000000E+00
          38  -19056.98    
          39  -651402.2    
          40  0.0000000E+00
          41  -25411.11    
          42  -25865.35    
          43  -2206.809    
          44   4723162.    
          45  -3112.065    
          46  -114744.9    
          47  -5023.717    
          48  -108755.5    
          49  -9974.395    
          50  -5535.641    
          51  -136131.4    
          52  -606119.1    
          53  -38236.14    
          54  -7087.029    
          55  -211748.7    
          56  -560474.2    
          57  -45269.57    
          58  -130039.4    
          59  -25970.07    
          60  0.0000000E+00
          61  0.0000000E+00
          62  -15806.15    
          63  -25920.58    
          64  -476164.9    
          65  -24626.02    
          66  -7174.709    
          67  -345597.4    
          68  -93166.99    
          69  -11143.34    
          70  -11053.67    
          71  -276176.0    
          72  -62992.66    
          73  -3378.029    
          74  -177763.4    
          75  -428633.8    
 
 month:           2 year:        1987
           1  0.0000000E+00
           2  0.0000000E+00
           3  0.0000000E+00
           4  0.0000000E+00
           5  0.0000000E+00
           6  0.0000000E+00
           7  0.0000000E+00
           8  0.0000000E+00
           9  0.0000000E+00
          10  0.0000000E+00
          11  0.0000000E+00
          12  0.0000000E+00
          13  0.0000000E+00
          14  0.0000000E+00
          15  0.0000000E+00
          16  0.0000000E+00
          17  0.0000000E+00
          18  0.0000000E+00
          19  0.0000000E+00
          20  0.0000000E+00
          21  0.0000000E+00
          22   132290.8    
          23   1767716.    
          24  0.0000000E+00
          25   1238922.    
          26  0.0000000E+00
          27   1278318.    
          28  0.0000000E+00
          29  0.0000000E+00
          30  -59025.17    
          31  -659311.0    
          32  0.0000000E+00
          33  -460149.8    
          34  -38852.97    
          35  -56548.41    
          36  -125812.0    
          37  0.0000000E+00
          38  -51679.66    
          39  -1768722.    
          40  0.0000000E+00
          41  -63445.67    
          42  -62931.18    
          43  -5368.652    
          44   4990694.    
          45  -3652.388    
          46  -279563.0    
          47  -10031.32    
          48  -223061.8    
          49  -11585.22    
          50  -9150.362    
          51  -225820.2    
          52  -711348.8    
          53  -44472.63    
          54  -8305.526    
          55  -285836.3    
          56  -653186.8    
          57  -58690.50    
          58  -173936.3    
          59  -34679.87    
          60  0.0000000E+00
          61  0.0000000E+00
          62  -20780.73    
          63  -34192.94    
          64  -634471.1    
          65  -32727.24    
          66  -9409.341    
          67  -454243.8    
          68  -120787.9    
          69  -14409.67    
          70  -13898.50    
          71  -356389.3    
          72  -78770.69    
          73  -4181.762    
          74  -220877.6    
          75  -490531.6    
 
 month:           3 year:        1987
           1  0.0000000E+00
           2  0.0000000E+00
           3  0.0000000E+00
           4  0.0000000E+00
           5  0.0000000E+00
           6  0.0000000E+00
           7  0.0000000E+00
           8  0.0000000E+00
           9  0.0000000E+00
          10  0.0000000E+00
          11  0.0000000E+00
          12  0.0000000E+00
          13  0.0000000E+00
          14  0.0000000E+00
          15  -1072.674    
          16  -851.1054    
          17   18483.38    
          18   49592.74    
          19  -6041.538    
          20  -10102.93    
          21  -4719.139    
          22   131487.8    
          23   1642470.    
          24  -223014.0    
          25   3661373.    
          26  -6591.704    
          27   1615578.    
          28  -17815.99    
          29  -220352.5    
          30  -99141.02    
          31  -1102048.    
          32  -615872.7    
          33  -875372.7    
          34  -76100.09    
          35  -337676.1    
          36  -325006.6    
          37  -1164.749    
          38  -104001.3    
          39  -3520818.    
          40  -7.847198    
          41  -273932.1    
          42  -295750.7    
          43  -98541.26    
          44   5445147.    
          45  -4274.469    
          46  -1445748.    
          47  -67874.81    
          48  -1474072.    
          49  -14593.07    
          50  -73352.88    
          51  -1796335.    
          52  -832513.9    
          53  -55571.52    
          54  -9824.159    
          55  -2014136.    
          56  -949225.7    
          57  -207335.3    
          58  -706945.4    
          59  -149398.9    
          60  -25.34978    
          61  -12.75297    
          62  -126907.4    
          63  -193340.6    
          64  -3071164.    
          65  -165283.7    
          66  -57218.50    
          67  -2278324.    
          68  -844682.9    
          69  -103416.7    
          70  -116397.1    
          71  -2598504.    
          72  -678424.4    
          73  -37647.93    
          74  -1973718.    
          75  -5096667.    
 
 month:           4 year:        1987
           1  -90.01006    
           2  -104.6030    
           3  0.0000000E+00
           4  -1218.674    
           5  -149.2227    
           6  -56.76660    
           7  -7479.309    
           8  -2301.106    
           9  -17967.99    
          10  -2452.581    
          11  -2608.026    
          12  -4615.425    
          13  -121841.9    
          14  -3860.502    
          15  -1289.130    
          16  -1022.850    
          17   56243.21    
          18   150906.1    
          19  -199600.1    
          20  -26581.54    
          21   176067.2    
          22   119105.7    
          23   1108461.    
          24  -267901.8    
          25   3825116.    
          26  -7808.231    
          27   1550004.    
          28  -26304.05    
          29  -256373.4    
          30  -118568.5    
          31  -786922.8    
          32  -919120.0    
          33  -1016850.    
          34  -87688.27    
          35  -464835.4    
          36  -393652.2    
          37  -1244.310    
          38  -112476.8    
          39  -3826334.    
          40  -8.383224    
          41  -258049.7    
          42  -297813.0    
          43  -104065.1    
          44   5493780.    
          45  -4846.593    
          46  -1531074.    
          47  -64074.35    
          48  -1401842.    
          49  -15692.40    
          50  -66334.50    
          51  -1619799.    
          52  -943914.1    
          53  -59967.21    
          54  -11047.02    
          55  -1963618.    
          56  -1000967.    
          57  -185461.8    
          58  -607375.1    
          59  -121874.9    
          60  -86.97632    
          61  -43.75606    
          62  -103799.0    
          63  -139940.2    
          64  -1264074.    
          65  -98394.27    
          66  -31632.17    
          67  -865591.5    
          68  -543504.5    
          69  -67158.45    
          70  -90698.94    
          71  -1689965.    
          72  -544761.4    
          73  -31492.66    
          74  -1636350.    
          75  -4941416.    
 
 month:           5 year:        1987
           1  -840.6666    
           2  -1039.384    
           3  0.0000000E+00
           4  -11169.09    
           5  -1482.746    
           6  -530.1827    
           7  -74347.76    
           8  -21090.58    
           9  -167291.0    
          10  -24561.79    
          11  -26118.52    
          12  -51866.61    
          13  -1352923.    
          14  -42233.13    
          15  -2862.385    
          16  -2271.138    
          17   65452.36    
          18   175615.2    
          19  -1988957.    
          20  -66384.94    
          21   206520.6    
          22   101843.7    
          23   1034986.    
          24  -591263.3    
          25   3746598.    
          26  -15198.41    
          27   1528420.    
          28  -25922.53    
          29  -395593.4    
          30  -211293.4    
          31  -465109.9    
          32  -892306.1    
          33  -1789264.    
          34  -156057.1    
          35  -605832.4    
          36  -643257.1    
          37  -2605.188    
          38  -220080.7    
          39  -6620478.    
          40  -17.55179    
          41  -617615.8    
          42  -710120.5    
          43  -224589.6    
          44   5549648.    
          45  -5586.564    
          46  -3604741.    
          47  -162243.7    
          48  -3541530.    
          49  -17807.14    
          50  -170127.5    
          51  -4143685.    
          52  -1088058.    
          53  -68349.66    
          54  -12713.13    
          55  -4729226.    
          56  -1310879.    
          57  -405474.6    
          58  -1388956.    
          59  -280986.4    
          60  -69.43456    
          61  -34.93114    
          62  -39129.72    
          63  -24057.72    
          64  -103828.1    
          65  -95674.13    
          66   1960.572    
          67  -766812.9    
          68  -718980.8    
          69  -171374.6    
          70  -193708.2    
          71  -4371234.    
          72  -1126206.    
          73  -61907.30    
          74  -3246040.    
          75  -8392192.    
 
 month:           6 year:        1987
           1  -197.8847    
           2  -1346.071    
           3  0.0000000E+00
           4  -860.3702    
           5  -1920.255    
           6  -124.7999    
           7  -96179.03    
           8  -4682.432    
           9  -38460.94    
          10  -15524.81    
          11  -16508.77    
          12  -44728.69    
          13  -1123337.    
          14  -37697.40    
          15  -5053.094    
          16  -4009.338    
          17   61576.44    
          18   165215.7    
          19  -2036623.    
          20  -61342.12    
          21   316795.0    
          22   112751.6    
          23   932775.6    
          24  -1030767.    
          25   3360262.    
          26  -19140.42    
          27   1429072.    
          28  -6620.017    
          29  -84603.65    
          30  -165930.0    
          31   184795.5    
          32  -231487.8    
          33  -1458574.    
          34  -128271.5    
          35  -260795.4    
          36  -439101.3    
          37  -1893.757    
          38  -120860.1    
          39  -3794287.    
          40  -12.75871    
          41  -41695.04    
          42  -190438.9    
          43  -111777.6    
          44   5003806.    
          45  -5782.065    
          46  -1431175.    
          47  -86673.01    
          48  -1113243.    
          49  -15852.13    
          50  -88689.20    
          51  -1765245.    
          52  -1125976.    
          53  -61340.85    
          54  -12873.23    
          55  -2443505.    
          56  -1031746.    
          57  -211246.0    
          58  -709922.1    
          59  -142647.2    
          60  -65.93877    
          61  -33.17247    
          62  -5981.377    
          63   2685.948    
          64   38050.77    
          65  -46351.21    
          66   1872.733    
          67  -82603.31    
          68  -250590.2    
          69  -82173.20    
          70  -86692.08    
          71  -2004639.    
          72  -499099.2    
          73  -27108.96    
          74  -1428759.    
          75  -3128962.    
 
 month:           7 year:        1987
           1  -397.8307    
           2  -2099.656    
           3  0.0000000E+00
           4  -7480.531    
           5  -2995.292    
           6  -250.8997    
           7  -150063.1    
           8  -13237.99    
           9  -82513.59    
          10  -29182.53    
          11  -31032.12    
          12  -73155.88    
          13  -2144004.    
          14  -69378.72    
          15  -5993.825    
          16  -4755.756    
          17   75363.91    
          18   175069.5    
          19  -3495332.    
          20  -102350.4    
          21   217193.5    
          22   93885.12    
          23   583100.2    
          24  -1231357.    
          25   3044976.    
          26  -27764.38    
          27   1392835.    
          28  -30089.68    
          29  -503784.9    
          30  -86434.40    
          31   815315.3    
          32  -1028990.    
          33  -721187.1    
          34  -209638.6    
          35  -394289.2    
          36  -436384.2    
          37  -3622.839    
          38  -11311.42    
          39  -3598949.    
          40  -24.40796    
          41  -18034.80    
          42  -389015.6    
          43  -217716.1    
          44   5055833.    
          45  -8310.485    
          46  -903393.7    
          47  -179428.2    
          48  -1162202.    
          49  -24087.28    
          50  -191208.4    
          51  -1875096.    
          52  -1548695.    
          53  -92805.98    
          54  -18642.09    
          55  -5232630.    
          56  -1683672.    
          57  -442488.4    
          58  -1420232.    
          59  -179087.9    
          60  -155.5945    
          61  -78.27649    
          62  -17438.91    
          63   2829.257    
          64   78209.17    
          65  -92146.58    
          66   1937.985    
          67   30285.22    
          68  -526743.2    
          69  -144764.8    
          70  -191666.8    
          71  -3311149.    
          72  -1111884.    
          73  -61228.49    
          74  -3221983.    
          75  -6646212.    
 
 month:           8 year:        1987
           1  -765.7726    
           2  -2099.656    
           3  0.0000000E+00
           4  -13890.50    
           5  -2995.292    
           6  -482.9494    
           7  -150059.8    
           8  -23097.01    
           9  -156725.0    
          10  -28780.34    
          11  -30604.44    
          12  -73111.04    
          13  -2144357.    
          14  -69697.94    
          15  -3761.895    
          16  -2984.848    
          17   179278.0    
          18   197609.1    
          19  -3542469.    
          20   6836.018    
          21   265033.1    
          22   92762.50    
          23   672657.9    
          24  -775060.9    
          25   3120685.    
          26  -18842.82    
          27   1576734.    
          28  -26123.71    
          29  -429443.2    
          30  -88227.13    
          31   1134865.    
          32  -894882.1    
          33  -289100.7    
          34  -223236.5    
          35  -280126.0    
          36  -356629.3    
          37  -2121.341    
          38  -9844.380    
          39  -1449012.    
          40  -14.29200    
          41   2662.583    
          42  -51653.46    
          43  -124437.7    
          44   4872654.    
          45  -6664.998    
          46  -198259.7    
          47  -189893.0    
          48  -668038.4    
          49  -20512.40    
          50  -133786.4    
          51  -488346.4    
          52  -1125555.    
          53  -78481.20    
          54  -15070.91    
          55  -4717080.    
          56  -1529907.    
          57  -478203.3    
          58  -1527037.    
          59  -150499.8    
          60  -99.24306    
          61  -49.92721    
          62  -10202.10    
          63   2975.811    
          64   153760.6    
          65   1517.395    
          66   1965.090    
          67   30319.54    
          68  -495163.2    
          69   6413.578    
          70  -220522.5    
          71  -3030882.    
          72  -1276926.    
          73  -70168.69    
          74  -3687924.    
          75  -6405120.    
 
 month:           9 year:        1987
           1  -607.0526    
           2  -1694.062    
           3  0.0000000E+00
           4  -6817.978    
           5  -2416.686    
           6  -382.8495    
           7  -121088.8    
           8  -12908.61    
           9  -117184.8    
          10  -25327.94    
          11  -26933.23    
          12  -65529.18    
          13  -1750665.    
          14  -58736.89    
          15  -3032.742    
          16  -2406.307    
          17   172885.4    
          18   177370.3    
          19  -2432327.    
          20   19638.90    
          21   199622.5    
          22   83143.16    
          23   622503.8    
          24  -627528.6    
          25   2782607.    
          26  -16832.22    
          27   1328411.    
          28  -30658.00    
          29  -476780.5    
          30  -59719.54    
          31   1282857.    
          32  -1052628.    
          33   7834.587    
          34  -114413.1    
          35  -320270.9    
          36  -218202.6    
          37  -1884.505    
          38  -6840.407    
          39  -379359.0    
          40  -12.69638    
          41   9872.632    
          42   48448.82    
          43  -109599.0    
          44   4642434.    
          45  -5667.954    
          46   16920.90    
          47  -28806.24    
          48  -442691.5    
          49  -17607.53    
          50  -1861.998    
          51  -196122.9    
          52  -775326.2    
          53  -67569.70    
          54  -12843.53    
          55  -2839481.    
          56  -1314344.    
          57  -302309.5    
          58  -1001698.    
          59  -131488.5    
          60  -105.4810    
          61  -53.06543    
          62  -11092.28    
          63   2812.067    
          64   144459.2    
          65   1174.966    
          66   1961.576    
          67   28888.01    
          68  -166433.4    
          69   6800.993    
          70  -186195.2    
          71  -1990679.    
          72  -1077428.    
          73  -59446.54    
          74  -3127105.    
          75  -5200015.    
 
 month:          10 year:        1987
           1  -242.5462    
           2  -543.9041    
           3  0.0000000E+00
           4  -4587.676    
           5  -775.9130    
           6  -152.9664    
           7  -38837.61    
           8  -5794.756    
           9  -47728.88    
          10  -10808.63    
          11  -11493.68    
          12  -25664.69    
          13  -337493.4    
          14  -19626.43    
          15  -3890.736    
          16  -3087.073    
          17   191406.2    
          18   198992.1    
          19  -461646.1    
          20   52188.69    
          21   311908.4    
          22   94473.91    
          23   803116.2    
          24  -799625.9    
          25   3047867.    
          26  -18272.02    
          27   1364300.    
          28  -22931.53    
          29  -346683.5    
          30  -4492.907    
          31   1395101.    
          32  -790484.7    
          33   330074.7    
          34   341079.3    
          35  -251128.1    
          36   16979.29    
          37  -673.5006    
          38   6382.777    
          39   63167.57    
          40  -4.537537    
          41   9853.201    
          42   47584.87    
          43  -35888.47    
          44   4638296.    
          45  -4082.103    
          46  -16774.71    
          47  -19573.70    
          48  -144104.0    
          49  -13047.81    
          50  -1477.385    
          51  -58024.55    
          52  -390980.4    
          53  -50145.83    
          54  -9296.220    
          55  -873167.4    
          56  -833930.8    
          57  -90063.34    
          58  -303606.2    
          59  -71891.01    
          60  -108.6420    
          61  -54.65561    
          62  -11223.53    
          63   3182.354    
          64   149148.3    
          65   1132.628    
          66   2064.975    
          67   32203.84    
          68   700.5457    
          69   7373.220    
          70  -105758.0    
          71  -1035773.    
          72  -611892.5    
          73  -33682.83    
          74  -1772166.    
          75  -2586407.    
 
 month:          11 year:        1987
           1  -10.30649    
           2  -18.98996    
           3  0.0000000E+00
           4  -754.9961    
           5  -27.09035    
           6  -6.499991    
           7  -1265.202    
           8  -847.0624    
           9  -3101.698    
          10  -2363.203    
          11  -2512.984    
          12  -4405.788    
          13   4370.731    
          14  -2090.649    
          15  -2943.206    
          16  -2335.264    
          17   174573.2    
          18   169128.8    
          19   307930.7    
          20   61919.10    
          21   229064.7    
          22   90808.24    
          23   841502.7    
          24  -609946.2    
          25   2658764.    
          26  -16639.67    
          27   1282236.    
          28  -31038.06    
          29  -486048.3    
          30   26856.41    
          31   1382362.    
          32  -1067966.    
          33   347560.5    
          34   337137.8    
          35  -345445.5    
          36   44626.07    
          37  -471.8204    
          38   18436.84    
          39   300222.1    
          40  -3.178769    
          41   9375.962    
          42   45599.43    
          43  -23907.56    
          44   4353158.    
          45  -3359.552    
          46   2501.693    
          47  -19084.76    
          48  -8945.118    
          49  -11056.35    
          50  -1207.406    
          51   51123.20    
          52  -279267.9    
          53  -42405.00    
          54  -7684.874    
          55  -95749.62    
          56  -606542.1    
          57  -43505.79    
          58  -87082.59    
          59  -21702.78    
          60  -100.4781    
          61  -50.54855    
          62  -10192.87    
          63   3157.037    
          64   141680.5    
          65   889.3204    
          66   2007.252    
          67   31490.33    
          68   1068.909    
          69   7214.420    
          70  -36819.27    
          71  -334206.2    
          72  -212778.6    
          73  -11668.55    
          74  -614284.1    
          75  -676442.4    
 
 month:          12 year:        1987
           1  -10.65004    
           2  -23.57920    
           3  0.0000000E+00
           4  -780.1626    
           5  -33.63718    
           6  -6.716657    
           7  -1561.313    
           8  -788.7720    
           9  -3151.419    
          10  -1508.815    
          11  -1604.443    
          12  -2701.344    
          13   54421.95    
          14  -1566.422    
          15  -3041.312    
          16  -2413.106    
          17   188111.4    
          18   170851.6    
          19   378230.5    
          20   59247.65    
          21   212529.6    
          22   87071.16    
          23   779973.7    
          24  -630277.8    
          25   2544586.    
          26  -17194.33    
          27   1285988.    
          28  -32072.66    
          29  -502250.0    
          30   31884.53    
          31   1434932.    
          32  -1103565.    
          33   406488.5    
          34   351317.8    
          35  -356621.3    
          36   47223.41    
          37  -487.5478    
          38   20426.57    
          39   341811.4    
          40  -3.284728    
          41   9758.609    
          42   47202.17    
          43  -24689.49    
          44   4378821.    
          45  -3072.800    
          46   4644.881    
          47  -19733.10    
          48  -4521.606    
          49  -10420.09    
          50  -1094.915    
          51   65533.77    
          52  -194582.5    
          53  -39897.59    
          54  -7061.992    
          55  -67391.07    
          56  -570420.1    
          57  -40910.01    
          58  -63345.69    
          59  -4179.750    
          60  -46.78512    
          61  -23.53666    
          62  -3148.186    
          63   3268.775    
          64   143378.1    
          65   735.1102    
          66   2080.033    
          67   32628.79    
          68   1157.837    
          69   7495.059    
          70  -34084.91    
          71  -302979.1    
          72  -197084.1    
          73  -10794.82    
          74  -568190.8    
          75  -594105.8    
 
 month:           1 year:        1988
           1  -10.65004    
           2  -79.75784    
           3  0.0000000E+00
           4  -746.5511    
           5  -113.7795    
           6  -6.716657    
           7  -5632.171    
           8  -779.5355    
           9  -3157.623    
          10  -1236.895    
          11  -1315.289    
          12  -2047.371    
          13   54330.06    
          14  -1326.998    
          15  -3041.312    
          16  -2413.106    
          17   233409.5    
          18   168505.2    
          19   347241.8    
          20   54972.94    
          21   195713.6    
          22   80041.06    
          23   707462.6    
          24  -630277.8    
          25   2402010.    
          26  -17194.33    
          27   1255688.    
          28  -32072.66    
          29  -502250.0    
          30   37397.12    
          31   1564256.    
          32  -1103565.    
          33   417338.6    
          34   352407.0    
          35  -356274.0    
          36   48206.16    
          37  -231.2843    
          38   20759.89    
          39   351429.3    
          40  -1.558221    
          41   9826.062    
          42   47283.90    
          43  -8062.968    
          44   4241198.    
          45  -3024.131    
          46   4577.867    
          47  -19679.37    
          48  -3045.582    
          49  -10238.58    
          50  -934.2134    
          51   72667.16    
          52  -188456.4    
          53  -39211.92    
          54  -6948.766    
          55  -60735.35    
          56  -487846.5    
          57  -39989.24    
          58  -37895.23    
          59   24107.12    
          60  -47.30844    
          61  -23.79994    
          62  -3207.038    
          63   3279.689    
          64   140323.1    
          65   571.2194    
          66   2091.076    
          67   32767.97    
          68   1204.326    
          69   7516.961    
          70  -33076.38    
          71  -291952.8    
          72  -191334.5    
          73  -10511.84    
          74  -553184.8    
          75  -458602.1    
 
 month:           2 year:        1988
           1  -9.619393    
           2  -106.6603    
           3  0.0000000E+00
           4  -455.3659    
           5  -152.1575    
           6  -6.066658    
           7  -7723.038    
           8  -1138.190    
           9  -3403.170    
          10  -1696.659    
          11  -1804.193    
          12  -2703.810    
          13   36891.40    
          14  -1454.534    
          15  -2746.992    
          16  -2179.580    
          17   205905.6    
          18   150142.9    
          19   301320.8    
          20   46597.28    
          21   161045.2    
          22   66202.66    
          23   587531.5    
          24  -569283.1    
          25   2060586.    
          26  -15530.36    
          27   1103748.    
          28  -28968.86    
          29  -453645.1    
          30   32284.91    
          31   1380036.    
          32  -996768.3    
          33   413168.2    
          34   318288.0    
          35  -321498.8    
          36   44320.52    
          37  -124.8936    
          38   19091.64    
          39   349929.1    
          40 -0.8414388    
          41   8904.793    
          42   42727.31    
          43  -1900.651    
          44   3709874.    
          45  -3215.945    
          46   4212.291    
          47  -17922.41    
          48  -1291.923    
          49  -10491.77    
          50  -710.3019    
          51   72120.95    
          52  -186294.2    
          53  -35920.38    
          54  -7167.582    
          55  -18533.92    
          56  -414957.1    
          57  -36697.87    
          58  -30422.75    
          59   21768.83    
          60  -42.51480    
          61  -21.38835    
          62  -2860.271    
          63   2938.169    
          64   124037.6    
          65   362.7994    
          66   1890.803    
          67   29498.71    
          68   1061.756    
          69   6802.362    
          70  -28471.27    
          71  -248590.1    
          72  -164788.3    
          73  -9107.985    
          74  -403661.3    
          75  -378530.8    
 
 month:           3 year:        1988
           1  -10.65004    
           2  -93.20906    
           3  0.0000000E+00
           4  -367.9981    
           5  -132.9685    
           6  -6.716657    
           7  -6702.445    
           8  -1171.143    
           9  -3680.676    
          10  -1389.519    
          11  -1477.587    
          12  -1959.163    
          13   50755.56    
          14  -1072.709    
          15  -3041.312    
          16  -2413.106    
          17   222490.7    
          18   163799.9    
          19   316351.6    
          20   48325.59    
          21   175284.6    
          22   69637.27    
          23   600322.0    
          24  -630277.8    
          25   2180087.    
          26  -17194.33    
          27   1191580.    
          28  -32072.66    
          29  -502250.0    
          30   36718.47    
          31   1546672.    
          32  -1103565.    
          33   472564.8    
          34   352489.9    
          35  -353508.4    
          36   53393.68    
          37  -134.1450    
          38   23664.60    
          39   461286.2    
          40 -0.9037676    
          41   31532.26    
          42   54251.75    
          43  -736.8162    
          44   3979434.    
          45  -3135.570    
          46   134298.4    
          47  -7781.840    
          48   222844.3    
          49  -10652.00    
          50  -680.3043    
          51   14771.67    
          52  -123648.1    
          53   6836.639    
          54  -5246.201    
          55  -120186.1    
          56  -387118.9    
          57  -66718.26    
          58  -139498.3    
          59   32152.51    
          60  -182.8911    
          61  -92.00886    
          62  -3835.930    
          63   23929.71    
          64   141967.2    
          65   5709.088    
          66   5933.416    
          67   265410.9    
          68   101645.2    
          69   21433.81    
          70  -94348.58    
          71  -697689.8    
          72  -551566.5    
          73  -30883.83    
          74  -1128235.    
          75  -1789710.    
 
 month:           4 year:        1988
           1  -10.30649    
           2  -90.20232    
           3  0.0000000E+00
           4  -415.6223    
           5  -128.6792    
           6  -6.499991    
           7  -6485.486    
           8  -1335.267    
           9  -3842.490    
          10  -1253.558    
          11  -1333.009    
          12  -1910.640    
          13   42888.01    
          14  -1108.701    
          15  -3016.933    
          16  -2393.763    
          17   209871.7    
          18   155944.6    
          19   288654.0    
          20   44461.04    
          21   147025.8    
          22   60438.95    
          23   542404.6    
          24  -624825.9    
          25   2011874.    
          26  -16835.44    
          27   1121441.    
          28  -30712.59    
          29  -480702.4    
          30   32126.09    
          31   1487186.    
          32  -1056608.    
          33   457097.6    
          34   345413.2    
          35  -324066.5    
          36   84060.20    
          37  -1366.428    
          38   36904.96    
          39   1048609.    
          40  -9.205967    
          41   45355.29    
          42   56635.36    
          43  -76902.04    
          44   3728029.    
          45  -3761.522    
          46   139452.9    
          47   27830.14    
          48   414762.7    
          49  -12896.88    
          50   12011.92    
          51   185236.5    
          52  -163335.7    
          53   4200.558    
          54  -6454.358    
          55  -183721.4    
          56  -439074.3    
          57  -81004.43    
          58   35957.43    
          59   30930.87    
          60  -62.86161    
          61  -31.62443    
          62   5818.455    
          63   17417.98    
          64   134859.7    
          65   4645.190    
          66   5401.362    
          67   241163.1    
          68   75433.20    
          69   14564.37    
          70  -101713.9    
          71  -898986.8    
          72  -566912.5    
          73  -32538.52    
          74  -1007541.    
          75  -1827433.    
 
 month:           5 year:        1988
           1  -509.1409    
           2  -481.3954    
           3  0.0000000E+00
           4  -6569.232    
           5  -686.7405    
           6  -321.0996    
           7  -34492.58    
           8  -13125.62    
           9  -102153.2    
          10  -13507.38    
          11  -14363.47    
          12  -27099.98    
          13  -251143.7    
          14  -22383.71    
          15  -6314.445    
          16  -5010.150    
          17   429301.3    
          18   185496.7    
          19  -222943.5    
          20   41348.20    
          21   108842.4    
          22   38016.52    
          23   351366.8    
          24  -1299517.    
          25   2240162.    
          26  -30649.94    
          27   1190737.    
          28  -39181.26    
          29  -642408.3    
          30  -7761.480    
          31   1693254.    
          32  -1280650.    
          33   1432808.    
          34   628182.3    
          35  -351652.9    
          36   133164.2    
          37  -6763.683    
          38   17063.39    
          39   353235.1    
          40  -45.56859    
          41   11235.36    
          42   49738.83    
          43  -411307.2    
          44   5689814.    
          45  -8282.648    
          46  -58677.45    
          47  -13641.94    
          48  -135625.3    
          49  -32211.12    
          50   1770.934    
          51  -182459.1    
          52  -614815.6    
          53  -14717.62    
          54  -15048.46    
          55  -658772.4    
          56  -1348788.    
          57  -205012.5    
          58   47938.32    
          59   24053.10    
          60  -62.84068    
          61  -31.61390    
          62  -4977.125    
          63   3348.525    
          64   125929.0    
          65   25034.93    
          66   2109.648    
          67   32866.05    
          68  -269.1198    
          69   7599.098    
          70  -207312.6    
          71  -1541645.    
          72  -441492.8    
          73  -89309.97    
          74  -2406399.    
          75  -5041082.    
 
 month:           6 year:        1988
           1  -907.3152    
           2  -1674.123    
           3  0.0000000E+00
           4  -16678.96    
           5  -2388.241    
           6  -572.2161    
           7  -119721.0    
           8  -26435.73    
           9  -185097.1    
          10  -33990.36    
          11  -36144.68    
          12  -65375.57    
          13   655567.9    
          14  -56979.56    
          15  -1581.678    
          16  -1254.969    
          17   748596.9    
          18   376762.9    
          19  -811681.1    
          20   11604.86    
          21   477034.9    
          22   44131.72    
          23   160469.7    
          24  -332958.8    
          25   3119360.    
          26  -12265.40    
          27   2129887.    
          28  -45629.55    
          29  -535687.2    
          30  -4543.447    
          31   2495850.    
          32  -1055507.    
          33   722215.1    
          34   438658.4    
          35  -424653.9    
          36   65977.87    
          37  -1146.246    
          38  -2970.123    
          39   175035.9    
          40  -7.722537    
          41   9581.342    
          42   47757.16    
          43  -64958.12    
          44   5395813.    
          45  -4585.740    
          46  -76703.44    
          47  -17884.79    
          48  -135073.7    
          49  -15777.28    
          50   442.4657    
          51  -214806.6    
          52  -242089.2    
          53   2047.456    
          54  -7993.195    
          55  -551863.4    
          56  -357991.7    
          57  -190245.1    
          58   44141.25    
          59   23348.79    
          60  -104.3507    
          61  -52.49676    
          62  -10335.30    
          63   3290.969    
          64   121094.5    
          65   28887.57    
          66   2085.555    
          67   33700.92    
          68   782.4155    
          69   7660.701    
          70  -2926.605    
          71  -1231909.    
          72  -147797.6    
          73  -97026.48    
          74  -2605651.    
          75  -3809872.    
 
 month:           7 year:        1988
           1  -405.0453    
           2  -2099.656    
           3  0.0000000E+00
           4  -7012.686    
           5  -2995.292    
           6  -255.4497    
           7  -150048.7    
           8  -12911.12    
           9  -83422.59    
          10  -27418.46    
          11  -29156.25    
          12  -69058.15    
          13   946062.2    
          14  -56716.67    
          15  -4431.059    
          16  -3515.792    
          17   347466.6    
          18   264546.5    
          19  -565382.6    
          20   18168.93    
          21   276050.5    
          22   65140.14    
          23   285019.7    
          24  -896396.9    
          25   2465870.    
          26  -12315.14    
          27   1328877.    
          28  -29434.44    
          29  -119561.5    
          30   87874.33    
          31   1910895.    
          32  -578199.4    
          33   577944.1    
          34   379664.6    
          35  -165219.5    
          36   64000.48    
          37  -2721.755    
          38  -5208.684    
          39   220872.2    
          40  -18.33713    
          41   9852.605    
          42   49552.16    
          43  -161956.2    
          44   4082686.    
          45  -7375.105    
          46  -38197.60    
          47  -18678.20    
          48  -73464.65    
          49  -22564.27    
          50   909.5723    
          51  -89605.81    
          52  -518410.3    
          53  -4205.684    
          54  -6457.799    
          55  -302277.3    
          56  -483453.4    
          57  -138980.7    
          58   67320.66    
          59   24258.71    
          60  -167.7984    
          61  -84.41603    
          62  -18239.51    
          63   3546.446    
          64   122968.0    
          65   29029.34    
          66   2166.869    
          67   34809.73    
          68   1218.739    
          69   8160.372    
          70  -2817.574    
          71  -574868.6    
          72  -80044.45    
          73  -52539.45    
          74  -706637.9    
          75  -1037815.    
 
 month:           8 year:        1988
           1  -1038.895    
           2  -2099.656    
           3  0.0000000E+00
           4  -13606.23    
           5  -2995.292    
           6  -655.1991    
           7  -150099.6    
           8  -26379.47    
           9  -206086.8    
          10  -33618.45    
          11  -35749.22    
          12  -73567.84    
          13   247261.1    
          14  -68356.08    
          15  -2114.173    
          16  -1677.474    
          17   331884.8    
          18   228460.9    
          19  -755040.9    
          20   10859.59    
          21   207021.0    
          22   65490.13    
          23   170405.4    
          24  -428117.2    
          25   2084274.    
          26  -6006.426    
          27   1144916.    
          28  -24489.90    
          29  -159318.1    
          30   75965.98    
          31   1808909.    
          32  -386758.5    
          33   576935.0    
          34   384090.7    
          35  -205535.7    
          36   82922.77    
          37  -1722.606    
          38  -9573.901    
          39   231638.6    
          40  -11.60563    
          41   9737.892    
          42   50854.39    
          43  -99555.17    
          44   3958462.    
          45  -6025.311    
          46  -16904.27    
          47  -17696.74    
          48  -84808.94    
          49  -18373.19    
          50   1415.247    
          51  -115056.8    
          52  -378690.0    
          53   417.5698    
          54   26486.39    
          55  -184215.0    
          56  -365830.8    
          57  -145985.3    
          58   63536.21    
          59   24245.94    
          60  -269.9721    
          61  -135.8176    
          62  -31279.46    
          63   3507.234    
          64   120206.6    
          65   28246.42    
          66   2164.359    
          67   34154.04    
          68   748.7142    
          69   8291.792    
          70  -2810.401    
          71  -455740.6    
          72  -91526.31    
          73  -60544.98    
          74  -509996.3    
          75  -1124578.    
 
 month:           9 year:        1988
           1  -192.0444    
           2  -2010.403    
           3  0.0000000E+00
           4  -17273.32    
           5  -2867.967    
           6  -121.1165    
           7  -143661.8    
           8  -19180.36    
           9  -56069.85    
          10  -25059.05    
          11  -26647.28    
          12  -69092.80    
          13   252484.4    
          14  -61791.50    
          15  -5352.438    
          16  -4246.852    
          17   322529.4    
          18   220393.9    
          19  -523763.2    
          20   20719.32    
          21   280342.0    
          22   67097.54    
          23   245122.6    
          24  -1087090.    
          25   2237965.    
          26  -17333.99    
          27   1124799.    
          28  -21931.41    
          29  -111985.1    
          30   104784.8    
          31   1946251.    
          32  -337271.3    
          33   544738.6    
          34   371326.3    
          35  -87439.53    
          36   86023.00    
          37  -1014.876    
          38  -5172.251    
          39   325349.1    
          40  -6.837470    
          41   9784.790    
          42   50806.72    
          43  -55642.54    
          44   3746990.    
          45  -5060.620    
          46   32358.39    
          47  -18015.54    
          48  -73208.54    
          49  -15765.05    
          50   1692.726    
          51  -98695.99    
          52  -182930.9    
          53   2697.488    
          54   49929.98    
          55  -31431.05    
          56  -203713.8    
          57  -92071.78    
          58   63220.91    
          59   23502.02    
          60  -79.50332    
          61  -39.99654    
          62  -6934.499    
          63   3432.727    
          64   114154.6    
          65   26621.50    
          66   2118.683    
          67   34202.15    
          68   1728.396    
          69   8286.316    
          70  -2632.510    
          71  -324175.7    
          72  -85724.76    
          73  -56826.70    
          74  -477784.1    
          75  -1042526.    
 
 month:          10 year:        1988
           1  -279.6495    
           2  -615.2745    
           3  0.0000000E+00
           4  -10309.70    
           5  -877.7277    
           6  -176.3664    
           7  -43921.34    
           8  -13333.86    
           9  -63896.58    
          10  -11846.69    
          11  -12597.54    
          12  -54447.93    
          13   244263.5    
          14  -36231.91    
          15  -3739.290    
          16  -2966.911    
          17   325704.4    
          18   213788.2    
          19   265197.2    
          20   53394.39    
          21   254312.7    
          22   72623.88    
          23   537511.1    
          24  -758558.9    
          25   2215970.    
          26  -11646.11    
          27   1110983.    
          28  -26482.23    
          29  -156439.6    
          30   102533.2    
          31   1658120.    
          32  -396133.2    
          33   542463.2    
          34   380080.5    
          35  -73815.69    
          36   84590.45    
          37  -628.1688    
          38   8354.114    
          39   489884.9    
          40  -4.232126    
          41   10195.24    
          42   50425.39    
          43  -32455.75    
          44   3756318.    
          45  -3997.118    
          46   8808.828    
          47  -18796.41    
          48  -16128.11    
          49   1732.402    
          50   2155.547    
          51   7953.080    
          52  -40207.10    
          53   19308.01    
          54   58233.55    
          55   55318.83    
          56   12670.64    
          57  -5657.588    
          58   80000.22    
          59   24358.18    
          60  -65.12234    
          61  -32.76178    
          62  -4957.529    
          63   3583.486    
          64   115073.1    
          65   26710.52    
          66   2196.483    
          67   34760.50    
          68   1810.577    
          69   8513.562    
          70  -2646.855    
          71  -189810.6    
          72  -54691.45    
          73  -29381.85    
          74  -271345.7    
          75  -439661.1    
 
 month:          11 year:        1988
           1  -10.30649    
           2  -18.98996    
           3  0.0000000E+00
           4  -7891.571    
           5  -27.09035    
           6  -6.499991    
           7  -1234.065    
           8  -6517.762    
           9  -10694.10    
          10  -3601.612    
          11  -3829.885    
          12  -64383.74    
          13   171911.7    
          14  -36707.62    
          15  -2120.970    
          16  -1682.867    
          17   307261.2    
          18   196689.3    
          19   566441.4    
          20   62894.32    
          21   225441.9    
          22   71427.50    
          23   646552.9    
          24  -429402.8    
          25   2056343.    
          26  -6041.269    
          27   1047822.    
          28   8817.829    
          29  -63040.36    
          30   135837.8    
          31   1648134.    
          32   45878.45    
          33   523757.4    
          34   365526.2    
          35  -52389.43    
          36   78761.95    
          37  -275.6909    
          38   39496.95    
          39   494371.9    
          40  -1.857399    
          41   10350.96    
          42   48246.12    
          43  -11232.86    
          44   3555316.    
          45  -2868.634    
          46   12938.10    
          47  -18232.25    
          48   33533.38    
          49   1721.149    
          50   2439.453    
          51   97753.98    
          52   38102.70    
          53   19398.38    
          54   58526.26    
          55   93706.48    
          56   156514.0    
          57  -5143.573    
          58   90088.12    
          59   23793.28    
          60  -52.06022    
          61  -26.19046    
          62  -3254.377    
          63   3664.890    
          64   111664.6    
          65   25424.30    
          66   2155.826    
          67   35572.48    
          68   2473.569    
          69   8282.208    
          70  -2411.580    
          71  -68635.81    
          72  -26194.90    
          73  -1305.734    
          74  -62883.78    
          75   64619.81    
 
 month:          12 year:        1988
           1  -10.65004    
           2  -44.94290    
           3  0.0000000E+00
           4  -3402.610    
           5  -64.11385    
           6  -6.716657    
           7  -3094.553    
           8  -3015.475    
           9  -6107.499    
          10  -2373.807    
          11  -2524.260    
          12  -23710.94    
          13   212412.9    
          14  -13813.77    
          15  -1776.561    
          16  -1409.599    
          17   324821.8    
          18   225511.9    
          19   544302.3    
          20   60465.09    
          21   200825.6    
          22   68271.21    
          23   610516.1    
          24  -359160.3    
          25   1980082.    
          26  -4790.138    
          27   1053997.    
          28   23424.40    
          29   13536.36    
          30   136359.5    
          31   1649357.    
          32   171280.4    
          33   535156.8    
          34   376550.8    
          35  -37273.20    
          36   82067.79    
          37  -336.7502    
          38   46385.73    
          39   523366.6    
          40  -2.268769    
          41   10747.23    
          42   49879.72    
          43  -14091.22    
          44   3581479.    
          45  -2930.298    
          46   14775.52    
          47  -18837.60    
          48   38524.58    
          49   1811.658    
          50   2695.505    
          51   109302.6    
          52   79157.93    
          53   20217.70    
          54   60801.29    
          55   99294.41    
          56   159962.0    
          57  -5342.659    
          58   93997.75    
          59   24634.00    
          60  -49.88319    
          61  -25.09524    
          62  -2812.822    
          63   3785.872    
          64   113249.7    
          65   25891.76    
          66   2249.187    
          67   36884.66    
          68   2558.188    
          69   8564.215    
          70  -2463.226    
          71  -63693.56    
          72  -25446.49    
          73  -1275.259    
          74  -61413.06    
          75   93854.66    
 
 month:           1 year:        1989
           1  -10.99359    
           2  -108.8757    
           3  0.0000000E+00
           4  -658.8686    
           5  -155.3180    
           6  -6.933323    
           7  -7790.863    
           8  -1076.408    
           9  -3592.393    
          10  -1814.819    
          11  -1929.843    
          12  -3123.001    
          13   230360.7    
          14  -2322.248    
          15  -539.1441    
          16  -427.7800    
          17   370050.7    
          18   249968.8    
          19   517246.0    
          20   58205.98    
          21   196729.7    
          22   66909.52    
          23   578928.4    
          24  -107440.0    
          25   1968091.    
          26  -440.9867    
          27   1067114.    
          28   24101.92    
          29   39421.83    
          30   141361.6    
          31   1699744.    
          32   225838.4    
          33   548211.4    
          34   387778.6    
          35  -14961.31    
          36   86383.59    
          37  -333.0496    
          38   48829.05    
          39   618498.3    
          40  -2.243838    
          41   11131.35    
          42   51526.39    
          43  -13753.59    
          44   3588251.    
          45  -2916.657    
          46   14562.84    
          47  -19426.83    
          48   40773.89    
          49   1905.593    
          50   2963.342    
          51   116219.8    
          52   115270.9    
          53   21080.71    
          54   81278.70    
          55   102983.9    
          56   168716.9    
          57  -5568.131    
          58   97282.80    
          59   25446.02    
          60  -49.79946    
          61  -25.05312    
          62  -2633.848    
          63   3901.403    
          64   114642.3    
          65   26310.57    
          66   2340.038    
          67   38143.98    
          68   2650.592    
          69   8842.113    
          70  -2524.914    
          71  -63260.95    
          72  -25702.71    
          73  -1238.421    
          74  -61151.68    
          75   192764.8    
 
 month:           2 year:        1989
           1  -9.619393    
           2  -92.10129    
           3  0.0000000E+00
           4  -430.1679    
           5  -131.3882    
           6  -6.066658    
           7  -6643.325    
           8  -801.5435    
           9  -2963.010    
          10  -1446.326    
          11  -1537.995    
          12  -2726.201    
          13   193523.7    
          14  -2130.552    
          15  -572.2406    
          16  -454.0400    
          17   314566.5    
          18   208944.9    
          19   416740.3    
          20   47713.16    
          21   158584.6    
          22   54401.11    
          23   462971.9    
          24  -114455.0    
          25   1656340.    
          26  -743.8185    
          27   915467.9    
          28   20970.10    
          29   30507.63    
          30   122918.7    
          31   1479565.    
          32   194245.7    
          33   475966.9    
          34   338109.7    
          35  -14934.63    
          36   74849.17    
          37  -231.2844    
          38   41942.71    
          39   536732.8    
          40  -1.558220    
          41   9744.507    
          42   45113.43    
          43  -8134.871    
          44   3052080.    
          45  -2849.831    
          46   11062.72    
          47  -16989.30    
          48   34817.93    
          49   1689.593    
          50   2743.716    
          51   101641.5    
          52   81992.66    
          53   18432.33    
          54   76335.05    
          55   89293.11    
          56   136367.8    
          57  -4915.595    
          58   84890.91    
          59   22308.21    
          60  -43.28931    
          61  -21.77800    
          62  -2252.436    
          63   3407.561    
          64   98581.78    
          65   22685.25    
          66   2066.481    
          67   33457.17    
          68   2908.124    
          69   8111.088    
          70  -1479.083    
          71  -44217.81    
          72  -20073.94    
          73  -887.4565    
          74  -46245.59    
          75   203801.3    
 
 month:           3 year:        1989
           1  -10.65004    
           2  -49.05739    
           3  0.0000000E+00
           4  -316.8766    
           5  -69.98343    
           6  -6.716657    
           7  -3482.323    
           8  -806.8482    
           9  -3215.430    
          10  -962.7028    
          11  -1023.719    
          12  -1253.016    
          13   208411.7    
          14  -1227.630    
          15  -4098.768    
          16  -3252.136    
          17   340003.5    
          18   223961.3    
          19   436385.0    
          20   51274.14    
          21   172965.5    
          22   56672.29    
          23   496742.9    
          24  -832106.2    
          25   1764354.    
          26  -12949.86    
          27   993062.0    
          28   23241.19    
          29  -47125.96    
          30   134684.8    
          31   1626254.    
          32   105158.3    
          33   522816.0    
          34   375633.2    
          35  -41163.82    
          36   96373.91    
          37  -781.7413    
          38   58963.09    
          39   781468.4    
          40  -5.266785    
          41   28482.63    
          42   57774.04    
          43  -40511.78    
          44   3286823.    
          45  -2925.136    
          46   147952.5    
          47   4341.351    
          48   267416.1    
          49   1903.146    
          50   6813.757    
          51   119258.8    
          52   109290.0    
          53   20614.94    
          54   85813.40    
          55   70809.03    
          56   157309.0    
          57  -5674.020    
          58   85242.50    
          59   24653.10    
          60  -62.04523    
          61  -31.21373    
          62  -4333.895    
          63   3698.495    
          64   106850.5    
          65   24733.56    
          66   2253.704    
          67   36449.80    
          68   2569.303    
          69   8792.832    
          70  -2008.454    
          71  -139060.7    
          72  -42955.96    
          73  -998.6400    
          74  -82594.12    
          75  -42672.29    
 
 month:           4 year:        1989
           1  -10.30649    
           2  -47.47490    
           3  0.0000000E+00
           4  -306.6548    
           5  -67.72590    
           6  -6.499991    
           7  -3369.990    
           8  -780.8209    
           9  -3111.707    
          10  -931.6478    
          11  -990.6957    
          12  -1212.597    
          13   194383.0    
          14  -1252.668    
          15  -4086.800    
          16  -3242.641    
          17   333574.8    
          18   210060.5    
          19   390862.1    
          20   48747.45    
          21   134305.1    
          22   47392.22    
          23   458122.2    
          24  -829734.7    
          25   1644611.    
          26  -12946.07    
          27   938624.6    
          28   22731.79    
          29  -52912.82    
          30   140483.2    
          31   1570510.    
          32   99808.76    
          33   571738.0    
          34   366161.2    
          35  -40255.44    
          36   91076.58    
          37  -2167.598    
          38   52689.25    
          39   678051.3    
          40  -14.60364    
          41   13806.31    
          42   51432.14    
          43  -126673.9    
          44   3230700.    
          45  -4495.594    
          46   56544.66    
          47  -14698.63    
          48   85331.55    
          49   1821.443    
          50   3775.421    
          51   32726.96    
          52   26827.87    
          53   18892.71    
          54   80706.95    
          55   53283.42    
          56   56164.04    
          57  -5757.849    
          58   77344.74    
          59   23815.23    
          60  -85.49013    
          61  -43.00838    
          62  -7473.922    
          63   3478.539    
          64   100636.4    
          65   36448.21    
          66   2165.363    
          67   33594.36    
          68   1008.033    
          69   8228.819    
          70  -2278.161    
          71  -161353.4    
          72  -56133.14    
          73  -916.9270    
          74  -99000.17    
          75  -176310.8    
 
 month:           5 year:        1989
           1  -914.8733    
           2  -1259.509    
           3  0.0000000E+00
           4  -14872.35    
           5  -1796.769    
           6  -576.9827    
           7  -90096.32    
           8  -24368.01    
           9  -183790.1    
          10  -29125.72    
          11  -30971.72    
          12  -52706.07    
          13   534789.6    
          14  -47366.65    
          15  -4448.643    
          16  -3529.742    
          17   915111.8    
          18   685888.1    
          19  -483963.9    
          20   18906.80    
          21   315790.8    
          22   20505.66    
          23  -63245.68    
          24  -894523.4    
          25   2271285.    
          26  -9022.239    
          27   1559220.    
          28   56372.17    
          29   128498.3    
          30   283663.2    
          31   2419880.    
          32   520328.8    
          33   840057.4    
          34   448037.2    
          35  -55197.31    
          36   90517.05    
          37  -2902.156    
          38   79642.02    
          39   571037.9    
          40  -19.55255    
          41   10762.26    
          42   50557.01    
          43  -172671.2    
          44   4929706.    
          45  -5923.459    
          46  -86528.70    
          47  -18028.07    
          48   56376.51    
          49   1970.417    
          50   3715.426    
          51  -56955.48    
          52  -36448.23    
          53   19122.87    
          54   83999.13    
          55  -52725.14    
          56  -12468.02    
          57  -6602.093    
          58   45323.29    
          59   24411.65    
          60  -84.12947    
          61  -42.32386    
          62  -7272.033    
          63   3357.058    
          64   101329.8    
          65   37398.65    
          66   2226.599    
          67   34761.28    
          68   1016.862    
          69   8621.710    
          70  -2596.645    
          71  -89446.50    
          72  -157908.7    
          73  -1086.716    
          74  -247978.4    
          75  -1205973.    
 
 month:           6 year:        1989
           1  -498.4908    
           2  -1522.045    
           3  0.0000000E+00
           4  -9138.221    
           5  -2171.293    
           6  -314.3830    
           7  -108760.2    
           8  -16406.54    
           9  -103567.6    
          10  -21557.04    
          11  -22923.32    
          12   31630.83    
          13   1163336.    
          14  -46036.52    
          15  -2727.044    
          16  -2163.754    
          17   438273.2    
          18   527576.9    
          19  -414763.5    
          20   16820.40    
          21   286638.2    
          22   49456.96    
          23   119029.8    
          24  -486024.2    
          25   2005307.    
          26  -5000.821    
          27   1083862.    
          28   40347.34    
          29   258732.8    
          30   142716.2    
          31   1778152.    
          32   560090.5    
          33   517032.3    
          34   365883.4    
          35  -42339.52    
          36   84226.89    
          37  -2314.695    
          38   47007.16    
          39   546633.0    
          40  -15.59467    
          41   9897.854    
          42   49456.41    
          43  -136687.5    
          44   3238111.    
          45  -5508.493    
          46  -43929.50    
          47  -17553.46    
          48   57268.37    
          49   1937.638    
          50   4450.369    
          51   18003.18    
          52  -9652.599    
          53   19126.16    
          54   97754.41    
          55  -8308.577    
          56   51532.98    
          57  -6155.373    
          58   58406.37    
          59   23759.68    
          60  -228.7551    
          61  -115.0821    
          62  -25820.20    
          63   3361.205    
          64   96948.27    
          65   35354.08    
          66   2163.857    
          67   33766.02    
          68   1092.944    
          69   8302.743    
          70  -2349.892    
          71   16646.21    
          72  -99892.45    
          73  -919.2713    
          74  -165757.8    
          75  -539626.5    
 
 month:           7 year:        1989
           1  -584.7219    
           2  -2099.656    
           3  0.0000000E+00
           4  -19766.62    
           5  -2995.292    
           6  -368.7662    
           7  -150060.1    
           8  -24467.05    
           9  -128523.1    
          10  -28815.56    
          11  -30641.89    
          12   11710.51    
          13   544482.2    
          14  -67003.27    
          15  -553.9195    
          16  -439.5031    
          17   424833.0    
          18   411371.4    
          19  -583795.4    
          20   12290.67    
          21   205040.6    
          22   50130.89    
          23   107714.8    
          24  -72950.99    
          25   1786738.    
          26   253.2946    
          27   979946.4    
          28   29843.96    
          29   106786.8    
          30   134778.2    
          31   1625289.    
          32   313950.7    
          33   516493.5    
          34   374240.6    
          35  -14094.77    
          36   85711.32    
          37  -2713.429    
          38   46905.71    
          39   534839.3    
          40  -18.28104    
          41   10557.13    
          42   50807.52    
          43  -160774.5    
          44   3240054.    
          45  -5956.181    
          46  -39305.87    
          47  -18230.45    
          48   61256.26    
          49   2050.163    
          50   5677.060    
          51   58926.28    
          52  -15111.17    
          53   19953.09    
          54   105151.0    
          55   29881.63    
          56   61387.49    
          57  -6131.640    
          58   73394.61    
          59   24698.68    
          60  -68.86935    
          61  -34.64680    
          62  -5118.687    
          63   3618.102    
          64   99341.29    
          65   35731.71    
          66   2256.716    
          67   35783.31    
          68   1620.625    
          69   8588.855    
          70  -2269.553    
          71   18641.18    
          72  -67753.70    
          73  -808.0880    
          74  -115683.2    
          75  -162547.1    
 
 month:           8 year:        1989
           1  -750.9999    
           2  -2099.656    
           3  0.0000000E+00
           4  -15336.07    
           5  -2995.292    
           6  -473.6328    
           7  -150037.9    
           8  -22674.71    
           9  -153733.7    
          10  -26105.45    
          11  -27760.01    
          12   620.6462    
          13   288958.5    
          14  -66734.10    
          15  -2563.485    
          16  -2033.978    
          17   413701.4    
          18   360415.8    
          19  -295375.3    
          20   15230.40    
          21   174693.1    
          22   54365.77    
          23   84991.86    
          24  -438609.5    
          25   1687827.    
          26  -6895.211    
          27   955731.0    
          28   28678.61    
          29   80844.62    
          30   134694.0    
          31   1631083.    
          32   282686.0    
          33   511766.5    
          34   373030.2    
          35  -12049.58    
          36   85827.26    
          37  -1278.541    
          38   46909.97    
          39   525278.4    
          40  -8.613842    
          41   10459.47    
          42   50812.92    
          43  -72347.65    
          44   3147869.    
          45  -4807.788    
          46  -48602.95    
          47  -18187.46    
          48   61861.64    
          49   2108.872    
          50   5947.038    
          51   63354.64    
          52   50562.04    
          53   20433.42    
          54   128699.3    
          55   16169.79    
          56   90614.48    
          57  -6252.412    
          58   69033.68    
          59   24711.99    
          60  -121.4320    
          61  -61.09000    
          62  -11833.99    
          63   3575.188    
          64   97446.93    
          65   35009.48    
          66   2255.210    
          67   35629.75    
          68   1575.206    
          69   8594.332    
          70  -2248.034    
          71   18500.60    
          72  -79271.98    
          73  -745.7986    
          74  -131861.4    
          75  -290955.3    
 
 month:           9 year:        1989
           1  -663.7382    
           2  -1948.053    
           3  0.0000000E+00
           4  -8418.924    
           5  -2779.020    
           6  -418.5995    
           7  -139218.0    
           8  -17025.88    
           9  -131677.7    
          10  -25278.32    
          11  -26880.47    
          12   1297.001    
          13   283249.2    
          14  -58911.38    
          15  -1083.608    
          16  -859.7802    
          17   391820.7    
          18   313083.5    
          19  -123524.8    
          20   23639.92    
          21   169839.1    
          22   55207.04    
          23   143591.7    
          24  -124460.2    
          25   1627739.    
          26  -1801.869    
          27   913504.2    
          28   27666.27    
          29   77051.47    
          30   137222.4    
          31   1687553.    
          32   259774.4    
          33   497219.5    
          34   359929.3    
          35  -17261.18    
          36   83513.01    
          37  -1713.355    
          38   45503.39    
          39   512991.4    
          40  -11.54330    
          41   10300.67    
          42   49483.20    
          43  -99600.83    
          44   3000209.    
          45  -5203.674    
          46  -27387.49    
          47  -17530.18    
          48   62936.17    
          49   2064.351    
          50   6029.533    
          51   133538.3    
          52   28887.47    
          53   19412.72    
          54   127673.6    
          55   11078.25    
          56   51270.96    
          57  -6037.510    
          58   64930.60    
          59   24005.30    
          60  -65.83411    
          61  -33.11983    
          62  -4782.251    
          63   3519.292    
          64   94012.66    
          65   33349.58    
          66   2210.538    
          67   35574.90    
          68   1880.558    
          69   8369.822    
          70  -2090.227    
          71   18940.06    
          72  -80327.27    
          73  -635.2850    
          74  -131251.4    
          75  -318982.3    
 
 month:          10 year:        1989
           1  -658.9285    
           2  -280.2601    
           3  0.0000000E+00
           4  -7056.996    
           5  -399.8086    
           6  -415.5662    
           7  -20014.00    
           8  -14888.66    
           9  -129161.3    
          10  -8370.438    
          11  -8900.957    
          12   1754.285    
          13   318045.4    
          14  -9229.525    
          15  -1258.250    
          16  -998.3492    
          17   394879.6    
          18   294294.2    
          19   530096.2    
          20   63093.97    
          21   161238.9    
          22   56968.40    
          23   516686.8    
          24  -130048.9    
          25   1711519.    
          26  -2352.545    
          27   928266.4    
          28   28501.86    
          29   74920.76    
          30   191374.9    
          31   1688637.    
          32   269599.4    
          33   510812.4    
          34   369369.4    
          35  -11992.15    
          36   87055.45    
          37  -933.4636    
          38   47135.78    
          39   568973.6    
          40  -6.288975    
          41   11066.74    
          42   51444.01    
          43  -50931.27    
          44   3046425.    
          45  -3587.683    
          46  -162.5557    
          47  -18323.58    
          48   65900.77    
          49   2193.022    
          50   6242.730    
          51   141412.2    
          52   169956.0    
          53   21004.72    
          54   131972.7    
          55   74606.57    
          56   129084.2    
          57  -5947.239    
          58   86828.58    
          59   24939.50    
          60  -70.43933    
          61  -35.43663    
          62  -5189.519    
          63   3722.638    
          64   95318.70    
          65   33816.90    
          66   2285.326    
          67   36685.51    
          68   2332.700    
          69   8606.653    
          70  -2057.231    
          71   20230.12    
          72  -40250.97    
          73  -513.7202    
          74  -69666.08    
          75   148255.0    
 
 month:          11 year:        1989
           1  -11.33714    
           2  -78.65008    
           3  0.0000000E+00
           4  -644.6105    
           5  -112.1992    
           6  -7.149989    
           7  -5599.079    
           8  -1075.980    
           9  -3565.616    
          10  -3121.020    
          11  -3318.831    
          12   1934.105    
          13   299341.0    
          14  -3528.752    
          15  -1846.448    
          16  -1465.051    
          17   373956.8    
          18   267315.0    
          19   578074.0    
          20   62579.40    
          21   181930.6    
          22   58795.89    
          23   544648.1    
          24  -165501.6    
          25   1679845.    
          26  -4491.744    
          27   892494.5    
          28   27401.16    
          29   73680.68    
          30   183552.1    
          31   1572513.    
          32   262349.0    
          33   488838.0    
          34   355563.3    
          35  -15934.51    
          36   84288.11    
          37  -588.3875    
          38   45648.66    
          39   571235.1    
          40  -3.964112    
          41   10875.00    
          42   50418.81    
          43  -29237.32    
          44   2929440.    
          45  -2859.048    
          46   30648.76    
          47  -17766.58    
          48   64778.60    
          49   2156.573    
          50   6068.102    
          51   138928.5    
          52   188554.6    
          53   20619.88    
          54   127856.9    
          55   92602.61    
          56   165793.2    
          57  -5651.778    
          58   90481.52    
          59   24234.15    
          60  -52.64634    
          61  -26.48532    
          62  -2970.504    
          63   3671.208    
          64   91308.91    
          65   32196.52    
          66   2226.097    
          67   35984.04    
          68   2448.014    
          69   8331.491    
          70  -1935.289    
          71   20080.09    
          72  -25375.37    
          73  -390.1461    
          74  -45332.58    
          75   330004.8    
 
 month:          12 year:        1989
           1  -10.65004    
           2  -170.2766    
           3  0.0000000E+00
           4  -1755.447    
           5  -242.9102    
           6  -6.716657    
           7  -12124.84    
           8  -1832.862    
           9  -4463.038    
          10  -3017.250    
          11  -3208.484    
          12   1989.819    
          13   297983.2    
          14  -3959.869    
          15  -545.7933    
          16  -433.0555    
          17   375630.2    
          18   259710.9    
          19   529899.2    
          20   59934.52    
          21   167635.2    
          22   56162.18    
          23   509482.6    
          24   62707.01    
          25   1625127.    
          26   103.1601    
          27   899345.2    
          28   28134.00    
          29   73098.70    
          30   186095.0    
          31   1613884.    
          32   274574.2    
          33   500158.7    
          34   365715.8    
          35  -6602.637    
          36   86936.86    
          37  -432.9645    
          38   47143.05    
          39   585739.5    
          40  -2.916989    
          41   11096.00    
          42   51444.64    
          43  -19970.16    
          44   2972118.    
          45  -3050.678    
          46   15842.11    
          47  -18382.68    
          48   65631.31    
          49   2245.126    
          50   6234.160    
          51   144388.5    
          52   188080.3    
          53   21211.68    
          54   132304.1    
          55   95369.66    
          56   199210.0    
          57  -5958.347    
          58   93401.00    
          59   25038.78    
          60  -49.92505    
          61  -25.11631    
          62  -2488.874    
          63   3727.988    
          64   91898.27    
          65   32702.06    
          66   2284.322    
          67   36277.21    
          68   2209.811    
          69   8580.642    
          70  -2001.281    
          71   19860.35    
          72  -26168.70    
          73  -305.7540    
          74  -45387.26    
          75   339734.9    
 
