 Monthly Total Recharge Values from apex (mm)
 
 month:           1 year:        1987
           1  0.0000000E+00
           2  0.0000000E+00
           3  0.0000000E+00
           4  0.0000000E+00
           5  0.0000000E+00
           6  0.0000000E+00
           7  0.0000000E+00
           8  0.0000000E+00
           9  0.0000000E+00
          10  0.0000000E+00
          11  0.0000000E+00
          12  0.0000000E+00
          13  0.0000000E+00
          14  0.0000000E+00
          15  0.0000000E+00
          16  0.0000000E+00
          17  0.0000000E+00
          18  0.0000000E+00
          19  0.0000000E+00
          20  0.0000000E+00
          21  0.0000000E+00
          22  0.0000000E+00
          23  0.0000000E+00
          24  0.0000000E+00
          25  0.0000000E+00
          26  0.0000000E+00
          27  0.0000000E+00
          28  0.0000000E+00
          29  0.0000000E+00
          30  0.0000000E+00
          31  0.0000000E+00
          32  0.0000000E+00
          33  0.0000000E+00
          34  0.0000000E+00
          35  0.0000000E+00
          36  0.0000000E+00
          37  0.0000000E+00
          38  0.0000000E+00
          39  0.0000000E+00
          40  0.0000000E+00
          41  0.0000000E+00
          42  0.0000000E+00
          43  0.0000000E+00
          44  0.0000000E+00
          45  0.0000000E+00
          46  0.0000000E+00
          47  0.0000000E+00
          48  0.0000000E+00
          49  0.0000000E+00
          50  0.0000000E+00
          51  0.0000000E+00
          52  0.0000000E+00
          53  0.0000000E+00
          54  0.0000000E+00
          55  0.0000000E+00
          56  0.0000000E+00
          57  0.0000000E+00
          58  0.0000000E+00
          59  0.0000000E+00
          60  0.0000000E+00
          61  0.0000000E+00
          62  0.0000000E+00
          63  0.0000000E+00
          64  0.0000000E+00
          65  0.0000000E+00
          66  0.0000000E+00
          67  0.0000000E+00
          68  0.0000000E+00
          69  0.0000000E+00
          70  0.0000000E+00
          71  0.0000000E+00
          72  0.0000000E+00
          73  0.0000000E+00
          74  0.0000000E+00
          75  0.0000000E+00
 
 month:           2 year:        1987
           1  0.0000000E+00
           2  0.0000000E+00
           3  0.0000000E+00
           4  0.0000000E+00
           5  0.0000000E+00
           6  0.0000000E+00
           7  0.0000000E+00
           8  0.0000000E+00
           9  0.0000000E+00
          10  0.0000000E+00
          11  0.0000000E+00
          12  0.0000000E+00
          13  0.0000000E+00
          14  0.0000000E+00
          15  0.0000000E+00
          16  0.0000000E+00
          17  0.0000000E+00
          18  0.0000000E+00
          19  0.0000000E+00
          20  0.0000000E+00
          21  0.0000000E+00
          22  0.0000000E+00
          23  0.0000000E+00
          24  0.0000000E+00
          25  0.0000000E+00
          26  0.0000000E+00
          27  0.0000000E+00
          28  0.0000000E+00
          29  0.0000000E+00
          30  0.0000000E+00
          31  0.0000000E+00
          32  0.0000000E+00
          33  0.0000000E+00
          34  0.0000000E+00
          35  0.0000000E+00
          36  0.0000000E+00
          37  0.0000000E+00
          38  0.0000000E+00
          39  0.0000000E+00
          40  0.0000000E+00
          41  0.0000000E+00
          42  0.0000000E+00
          43  0.0000000E+00
          44  0.0000000E+00
          45  0.0000000E+00
          46  0.0000000E+00
          47  0.0000000E+00
          48  0.0000000E+00
          49  0.0000000E+00
          50  0.0000000E+00
          51  0.0000000E+00
          52  0.0000000E+00
          53  0.0000000E+00
          54  0.0000000E+00
          55  0.0000000E+00
          56  0.0000000E+00
          57  0.0000000E+00
          58  0.0000000E+00
          59  0.0000000E+00
          60  0.0000000E+00
          61  0.0000000E+00
          62  0.0000000E+00
          63  0.0000000E+00
          64  0.0000000E+00
          65  0.0000000E+00
          66  0.0000000E+00
          67  0.0000000E+00
          68  0.0000000E+00
          69  0.0000000E+00
          70  0.0000000E+00
          71  0.0000000E+00
          72  0.0000000E+00
          73  0.0000000E+00
          74  0.0000000E+00
          75  0.0000000E+00
 
 month:           3 year:        1987
           1  0.0000000E+00
           2  0.0000000E+00
           3  0.0000000E+00
           4  0.0000000E+00
           5  0.0000000E+00
           6  0.0000000E+00
           7  0.0000000E+00
           8  0.0000000E+00
           9  0.0000000E+00
          10  0.0000000E+00
          11  0.0000000E+00
          12  0.0000000E+00
          13  0.0000000E+00
          14  0.0000000E+00
          15  0.0000000E+00
          16  0.0000000E+00
          17  0.0000000E+00
          18  0.0000000E+00
          19  0.0000000E+00
          20  0.0000000E+00
          21   9.357120    
          22   1.297668    
          23   3.284760    
          24  0.0000000E+00
          25   7.780721    
          26  0.0000000E+00
          27  0.0000000E+00
          28  0.0000000E+00
          29  0.0000000E+00
          30   29.50175    
          31  0.0000000E+00
          32  0.0000000E+00
          33  0.0000000E+00
          34  0.0000000E+00
          35  0.0000000E+00
          36  0.0000000E+00
          37  0.0000000E+00
          38  0.0000000E+00
          39   1.420626    
          40  0.0000000E+00
          41  0.0000000E+00
          42  0.0000000E+00
          43  0.0000000E+00
          44  0.0000000E+00
          45  0.0000000E+00
          46   5.692833    
          47  0.0000000E+00
          48  0.0000000E+00
          49  0.0000000E+00
          50  0.0000000E+00
          51  0.0000000E+00
          52  0.0000000E+00
          53  0.0000000E+00
          54  0.0000000E+00
          55  0.0000000E+00
          56  0.0000000E+00
          57  0.0000000E+00
          58  0.0000000E+00
          59  0.0000000E+00
          60  0.0000000E+00
          61  0.0000000E+00
          62  0.0000000E+00
          63  0.0000000E+00
          64  0.0000000E+00
          65  0.0000000E+00
          66  5.5160984E-02
          67  0.0000000E+00
          68  0.0000000E+00
          69  0.0000000E+00
          70  0.0000000E+00
          71  0.0000000E+00
          72  0.0000000E+00
          73  0.0000000E+00
          74  0.0000000E+00
          75  0.0000000E+00
 
 month:           4 year:        1987
           1  0.0000000E+00
           2  0.0000000E+00
           3  0.0000000E+00
           4  0.0000000E+00
           5  0.0000000E+00
           6  0.0000000E+00
           7  0.0000000E+00
           8  0.0000000E+00
           9  0.0000000E+00
          10  0.0000000E+00
          11  0.0000000E+00
          12  0.0000000E+00
          13  0.0000000E+00
          14  0.0000000E+00
          15  0.0000000E+00
          16  0.1726510    
          17  0.5362650    
          18  0.0000000E+00
          19  0.0000000E+00
          20  0.0000000E+00
          21   45.53389    
          22   1.681584    
          23   1.286350    
          24  0.0000000E+00
          25   54.85750    
          26  0.0000000E+00
          27  0.0000000E+00
          28  0.0000000E+00
          29  0.0000000E+00
          30   35.44341    
          31  0.0000000E+00
          32  0.0000000E+00
          33  0.4522585    
          34  0.0000000E+00
          35  0.0000000E+00
          36  0.0000000E+00
          37  0.0000000E+00
          38  0.0000000E+00
          39   6.469338    
          40  0.0000000E+00
          41  0.0000000E+00
          42  0.0000000E+00
          43  0.0000000E+00
          44   8.179521    
          45  0.0000000E+00
          46   10.13803    
          47  0.0000000E+00
          48  0.0000000E+00
          49  0.0000000E+00
          50  0.0000000E+00
          51  0.0000000E+00
          52  0.0000000E+00
          53  0.0000000E+00
          54  0.0000000E+00
          55  0.0000000E+00
          56  0.0000000E+00
          57  0.0000000E+00
          58  0.0000000E+00
          59  0.0000000E+00
          60  0.0000000E+00
          61  0.0000000E+00
          62  0.0000000E+00
          63  0.0000000E+00
          64  0.0000000E+00
          65  0.0000000E+00
          66   3.609949    
          67  0.0000000E+00
          68  0.0000000E+00
          69  0.0000000E+00
          70  0.0000000E+00
          71  0.0000000E+00
          72  0.0000000E+00
          73  0.0000000E+00
          74  0.0000000E+00
          75  0.0000000E+00
 
 month:           5 year:        1987
           1  0.0000000E+00
           2  0.1514175    
           3   1.349715    
           4   20.19642    
           5  0.0000000E+00
           6   5.864069    
           7  0.0000000E+00
           8  0.0000000E+00
           9   4.853911    
          10   30.91215    
          11  0.0000000E+00
          12   30.29024    
          13   34.70111    
          14  0.0000000E+00
          15   7.066778    
          16   14.83977    
          17   66.64529    
          18   79.38807    
          19  0.0000000E+00
          20   3.787623    
          21   40.34439    
          22   2.498661    
          23   3.076308    
          24  0.0000000E+00
          25   49.94427    
          26   39.03928    
          27  0.0000000E+00
          28  0.0000000E+00
          29   1.117148    
          30   33.73042    
          31  0.0000000E+00
          32   39.40768    
          33   22.05162    
          34  0.0000000E+00
          35  0.0000000E+00
          36  0.0000000E+00
          37  0.0000000E+00
          38  0.0000000E+00
          39   13.81627    
          40  0.0000000E+00
          41  0.0000000E+00
          42  0.0000000E+00
          43  0.0000000E+00
          44   10.70258    
          45  0.0000000E+00
          46   20.42459    
          47  0.0000000E+00
          48  0.0000000E+00
          49  0.0000000E+00
          50  0.0000000E+00
          51  0.0000000E+00
          52  0.0000000E+00
          53  0.0000000E+00
          54  0.0000000E+00
          55  0.0000000E+00
          56  0.0000000E+00
          57  0.0000000E+00
          58  0.0000000E+00
          59  0.0000000E+00
          60  0.0000000E+00
          61  0.0000000E+00
          62  0.0000000E+00
          63  0.0000000E+00
          64  0.0000000E+00
          65  0.0000000E+00
          66   24.34501    
          67  0.0000000E+00
          68  0.0000000E+00
          69  0.0000000E+00
          70  0.0000000E+00
          71  0.0000000E+00
          72  0.0000000E+00
          73  0.0000000E+00
          74  0.0000000E+00
          75  0.0000000E+00
 
 month:           6 year:        1987
           1   5.506620    
           2   5.369211    
           3   1.661938    
           4   2.146528    
           5   3.897199    
           6  0.1943859    
           7  0.0000000E+00
           8  0.0000000E+00
           9   1.212926    
          10   16.04363    
          11  0.0000000E+00
          12   19.37267    
          13   64.88501    
          14   12.62731    
          15  0.3033352    
          16  0.1639608    
          17  0.9007732    
          18   6.395692    
          19  0.0000000E+00
          20  0.1381120    
          21   19.59024    
          22  0.1769589    
          23  3.1537503E-02
          24  0.0000000E+00
          25   22.18984    
          26   18.69616    
          27  0.0000000E+00
          28  0.0000000E+00
          29   4.134688    
          30   3.480759    
          31  0.0000000E+00
          32   16.95381    
          33  0.6251903    
          34  0.0000000E+00
          35  0.0000000E+00
          36  0.0000000E+00
          37   5.974069    
          38  0.0000000E+00
          39   1.126000    
          40  0.0000000E+00
          41  0.0000000E+00
          42  0.0000000E+00
          43  0.0000000E+00
          44  0.1746028    
          45  0.0000000E+00
          46   1.004911    
          47  0.0000000E+00
          48  0.0000000E+00
          49  0.0000000E+00
          50  0.0000000E+00
          51  0.0000000E+00
          52  0.0000000E+00
          53  0.0000000E+00
          54  0.0000000E+00
          55  0.0000000E+00
          56  0.0000000E+00
          57  0.0000000E+00
          58  0.0000000E+00
          59  0.0000000E+00
          60  0.0000000E+00
          61  0.0000000E+00
          62  0.0000000E+00
          63  0.0000000E+00
          64  0.0000000E+00
          65  0.0000000E+00
          66   1.535207    
          67  0.0000000E+00
          68  0.0000000E+00
          69  0.0000000E+00
          70  0.0000000E+00
          71  0.0000000E+00
          72  0.0000000E+00
          73  0.0000000E+00
          74  0.0000000E+00
          75  0.0000000E+00
 
 month:           7 year:        1987
           1  1.5577258E-02
           2  1.8195515E-02
           3  4.3549286E-03
           4  0.2257950    
           5   14.82919    
           6  4.7817730E-04
           7  0.0000000E+00
           8  0.0000000E+00
           9  0.2288164    
          10   1.496270    
          11  0.0000000E+00
          12   1.753140    
          13   6.350357    
          14   1.917210    
          15  7.4868347E-04
          16  4.0242702E-04
          17  2.2338047E-03
          18  1.6096037E-02
          19  0.8120354    
          20  3.3876713E-04
          21   3.626663    
          22   1.174231    
          23  2.4419622E-02
          24  0.0000000E+00
          25   3.738631    
          26  0.8932085    
          27  0.0000000E+00
          28  0.0000000E+00
          29  0.2363370    
          30   13.05571    
          31  0.0000000E+00
          32  0.3248097    
          33   15.74808    
          34  0.0000000E+00
          35  0.0000000E+00
          36  0.0000000E+00
          37   3.918565    
          38  0.0000000E+00
          39   6.523981    
          40  0.0000000E+00
          41  4.8617642E-02
          42  0.0000000E+00
          43  0.0000000E+00
          44  4.2854671E-04
          45  0.0000000E+00
          46   7.728945    
          47  0.0000000E+00
          48  0.0000000E+00
          49  0.0000000E+00
          50  0.0000000E+00
          51  0.0000000E+00
          52  0.0000000E+00
          53  0.0000000E+00
          54  0.0000000E+00
          55  0.0000000E+00
          56  0.0000000E+00
          57  0.0000000E+00
          58  0.0000000E+00
          59  0.0000000E+00
          60  0.0000000E+00
          61  0.0000000E+00
          62  0.0000000E+00
          63  0.0000000E+00
          64  0.0000000E+00
          65  0.0000000E+00
          66   4.573471    
          67  0.0000000E+00
          68  0.0000000E+00
          69  0.0000000E+00
          70  0.0000000E+00
          71  0.0000000E+00
          72  0.0000000E+00
          73  0.0000000E+00
          74  0.0000000E+00
          75  0.0000000E+00
 
 month:           8 year:        1987
           1  2.6441097E-05
           2  3.1994055E-05
           3  3.9957331E-06
           4   4.680552    
           5   21.85290    
           6  0.0000000E+00
           7  0.0000000E+00
           8  0.0000000E+00
           9   5.469672    
          10   11.11649    
          11  0.0000000E+00
          12   10.95034    
          13   10.53315    
          14   6.792497    
          15  0.0000000E+00
          16  0.0000000E+00
          17  0.0000000E+00
          18  2.7321670E-05
          19   1.886195    
          20  0.7706223    
          21   33.36905    
          22   1.293921    
          23  4.3559175E-02
          24  0.0000000E+00
          25   36.60548    
          26   13.67978    
          27  0.0000000E+00
          28  0.0000000E+00
          29   10.45377    
          30   18.63899    
          31  0.0000000E+00
          32   13.84042    
          33   49.45966    
          34  0.0000000E+00
          35  0.0000000E+00
          36  0.0000000E+00
          37   3.627167    
          38  0.0000000E+00
          39   14.67109    
          40  0.0000000E+00
          41  0.3074973    
          42  0.0000000E+00
          43   4.162705    
          44  0.0000000E+00
          45  0.0000000E+00
          46   14.98628    
          47  0.0000000E+00
          48  0.0000000E+00
          49  0.0000000E+00
          50  0.0000000E+00
          51  0.0000000E+00
          52  0.0000000E+00
          53  0.0000000E+00
          54  0.0000000E+00
          55  0.0000000E+00
          56  0.0000000E+00
          57  0.0000000E+00
          58  0.0000000E+00
          59  0.0000000E+00
          60  0.0000000E+00
          61  0.0000000E+00
          62  0.0000000E+00
          63  0.0000000E+00
          64  0.0000000E+00
          65  0.0000000E+00
          66   4.345208    
          67  0.0000000E+00
          68  0.0000000E+00
          69  0.0000000E+00
          70  0.0000000E+00
          71  0.0000000E+00
          72  0.0000000E+00
          73  0.0000000E+00
          74  0.0000000E+00
          75  0.0000000E+00
 
 month:           9 year:        1987
           1   2.189913    
           2  0.0000000E+00
           3  0.0000000E+00
           4   18.30989    
           5   12.32395    
           6   1.936454    
           7  0.0000000E+00
           8  0.0000000E+00
           9   8.375302    
          10   11.82753    
          11  0.0000000E+00
          12   10.04195    
          13   7.627471    
          14  4.7532521E-02
          15  0.0000000E+00
          16  0.0000000E+00
          17  0.9555694    
          18   1.330527    
          19   1.836058    
          20  0.2993292    
          21   14.04102    
          22   2.171455    
          23  0.6161400    
          24  0.0000000E+00
          25   14.26015    
          26  0.4878787    
          27  0.0000000E+00
          28  0.0000000E+00
          29  0.2942107    
          30   12.88342    
          31  0.0000000E+00
          32  0.3696502    
          33   11.02548    
          34  0.0000000E+00
          35  0.0000000E+00
          36  0.0000000E+00
          37   4.226490    
          38  0.0000000E+00
          39   13.77731    
          40  0.0000000E+00
          41   2.698398    
          42  0.0000000E+00
          43   4.982668    
          44  0.0000000E+00
          45  0.0000000E+00
          46   20.27103    
          47  0.0000000E+00
          48  0.0000000E+00
          49  0.0000000E+00
          50  0.0000000E+00
          51  0.0000000E+00
          52  0.0000000E+00
          53  0.0000000E+00
          54  0.0000000E+00
          55  0.0000000E+00
          56  0.0000000E+00
          57  0.0000000E+00
          58  0.0000000E+00
          59  0.0000000E+00
          60  0.0000000E+00
          61  0.0000000E+00
          62  0.0000000E+00
          63  0.0000000E+00
          64  0.0000000E+00
          65  0.0000000E+00
          66   10.42879    
          67  0.0000000E+00
          68  0.0000000E+00
          69  0.0000000E+00
          70  0.0000000E+00
          71  0.0000000E+00
          72  0.0000000E+00
          73  0.0000000E+00
          74  0.0000000E+00
          75  0.0000000E+00
 
 month:          10 year:        1987
           1   2.656202    
           2  0.0000000E+00
           3  0.0000000E+00
           4   20.05284    
           5   1.639767    
           6   4.976578    
           7  0.0000000E+00
           8  0.0000000E+00
           9   8.858483    
          10   46.01919    
          11  0.0000000E+00
          12   43.13572    
          13   43.84449    
          14   11.27636    
          15  0.0000000E+00
          16  0.0000000E+00
          17   5.933153    
          18   11.06592    
          19   3.720023    
          20  0.6442863    
          21   50.65371    
          22  0.7703651    
          23  0.4388818    
          24  0.0000000E+00
          25   31.72362    
          26   15.18506    
          27  0.0000000E+00
          28  0.0000000E+00
          29   7.991307    
          30   19.71041    
          31  0.0000000E+00
          32   14.39119    
          33   6.785830    
          34  0.0000000E+00
          35  0.0000000E+00
          36  0.0000000E+00
          37   2.680661    
          38  0.0000000E+00
          39   4.242250    
          40  0.0000000E+00
          41  0.9995331    
          42  0.0000000E+00
          43   1.757135    
          44  0.0000000E+00
          45  0.0000000E+00
          46   3.723384    
          47  0.0000000E+00
          48  0.0000000E+00
          49  0.0000000E+00
          50  0.0000000E+00
          51  0.0000000E+00
          52  0.0000000E+00
          53  0.0000000E+00
          54  0.0000000E+00
          55  0.0000000E+00
          56  0.0000000E+00
          57  0.0000000E+00
          58  0.0000000E+00
          59  0.0000000E+00
          60  0.0000000E+00
          61  0.0000000E+00
          62  0.0000000E+00
          63  0.0000000E+00
          64  0.0000000E+00
          65  0.0000000E+00
          66   1.026193    
          67  0.0000000E+00
          68  0.0000000E+00
          69  0.0000000E+00
          70  0.0000000E+00
          71  0.0000000E+00
          72  0.0000000E+00
          73  0.0000000E+00
          74  0.0000000E+00
          75  0.0000000E+00
 
 month:          11 year:        1987
           1  2.5244931E-02
           2  0.0000000E+00
           3  0.0000000E+00
           4  0.1373625    
           5  1.7211150E-02
           6  5.3571306E-02
           7  0.0000000E+00
           8  0.0000000E+00
           9  6.7464776E-02
          10   9.121052    
          11  0.0000000E+00
          12   9.078190    
          13   21.80758    
          14  0.2249275    
          15  0.0000000E+00
          16  0.0000000E+00
          17  1.4982452E-02
          18  0.2536595    
          19  0.2661099    
          20  1.6454837E-03
          21   9.719064    
          22  1.6297867E-03
          23  3.9576818E-03
          24  0.0000000E+00
          25  0.4587163    
          26  0.4136794    
          27  0.0000000E+00
          28  0.0000000E+00
          29  0.2247532    
          30  0.2088832    
          31  0.0000000E+00
          32  0.4061296    
          33  3.2313887E-02
          34  0.0000000E+00
          35  0.0000000E+00
          36  0.0000000E+00
          37  5.4786000E-03
          38  0.0000000E+00
          39  1.0542534E-02
          40  0.0000000E+00
          41  2.8848452E-03
          42  0.0000000E+00
          43  3.5724516E-03
          44  0.0000000E+00
          45  0.0000000E+00
          46  7.5540394E-03
          47  0.0000000E+00
          48  0.0000000E+00
          49  0.0000000E+00
          50  0.0000000E+00
          51  0.0000000E+00
          52  0.0000000E+00
          53  0.0000000E+00
          54  0.0000000E+00
          55  0.0000000E+00
          56  0.0000000E+00
          57  0.0000000E+00
          58  0.0000000E+00
          59  0.0000000E+00
          60  0.0000000E+00
          61  0.0000000E+00
          62  0.0000000E+00
          63  0.0000000E+00
          64  0.0000000E+00
          65  0.0000000E+00
          66  2.0818529E-03
          67  0.0000000E+00
          68  0.0000000E+00
          69  0.0000000E+00
          70  0.0000000E+00
          71  0.0000000E+00
          72  0.0000000E+00
          73  0.0000000E+00
          74  0.0000000E+00
          75  0.0000000E+00
 
 month:          12 year:        1987
           1  5.8072219E-05
           2  0.0000000E+00
           3  0.0000000E+00
           4  3.3621589E-04
           5  9.5119793E-04
           6  1.2769397E-04
           7  0.0000000E+00
           8  0.0000000E+00
           9  1.6306373E-04
          10  0.5986226    
          11  0.0000000E+00
          12  0.6055954    
          13   1.638734    
          14  5.5432739E-04
          15  0.0000000E+00
          16  0.0000000E+00
          17  3.2191605E-05
          18  6.3061336E-04
          19  6.5649784E-04
          20  0.0000000E+00
          21  0.6883677    
          22  0.0000000E+00
          23  4.4425524E-06
          24  0.0000000E+00
          25   2.097080    
          26  1.0241858E-03
          27  0.0000000E+00
          28  0.0000000E+00
          29  5.5390556E-04
          30  5.1384669E-04
          31  0.0000000E+00
          32  1.0054461E-03
          33  1.1388885E-02
          34  0.0000000E+00
          35  0.0000000E+00
          36  0.0000000E+00
          37  8.6055989E-06
          38  0.0000000E+00
          39  2.0908175E-05
          40  0.0000000E+00
          41  1.6340270E-03
          42  0.0000000E+00
          43  4.0053069E-06
          44  0.0000000E+00
          45  0.0000000E+00
          46  3.2771426E-05
          47  0.0000000E+00
          48  0.0000000E+00
          49  0.0000000E+00
          50  0.0000000E+00
          51  0.0000000E+00
          52  0.0000000E+00
          53  0.0000000E+00
          54  0.0000000E+00
          55  0.0000000E+00
          56  0.0000000E+00
          57  0.0000000E+00
          58  0.0000000E+00
          59  0.0000000E+00
          60  0.0000000E+00
          61  0.0000000E+00
          62  0.0000000E+00
          63  0.0000000E+00
          64  0.0000000E+00
          65  0.0000000E+00
          66  0.0000000E+00
          67  0.0000000E+00
          68  0.0000000E+00
          69  0.0000000E+00
          70  0.0000000E+00
          71  0.0000000E+00
          72  0.0000000E+00
          73  0.0000000E+00
          74  0.0000000E+00
          75  0.0000000E+00
 
 month:           1 year:        1988
           1  0.0000000E+00
           2  0.0000000E+00
           3  0.0000000E+00
           4  1.4098757E-03
           5  4.2888614E-06
           6  0.0000000E+00
           7  0.0000000E+00
           8  0.0000000E+00
           9  0.0000000E+00
          10  3.2920208E-02
          11  0.0000000E+00
          12  3.3670854E-02
          13  0.3276130    
          14  0.0000000E+00
          15  0.0000000E+00
          16  0.0000000E+00
          17  0.0000000E+00
          18  0.0000000E+00
          19  0.0000000E+00
          20  0.0000000E+00
          21  3.7963510E-02
          22  0.0000000E+00
          23  0.0000000E+00
          24  0.0000000E+00
          25   6.515534    
          26  0.0000000E+00
          27  0.0000000E+00
          28  0.0000000E+00
          29  1.0933004E-03
          30  0.0000000E+00
          31  0.0000000E+00
          32  0.0000000E+00
          33  1.2551067E-02
          34  0.0000000E+00
          35  0.0000000E+00
          36  0.0000000E+00
          37  0.0000000E+00
          38  0.0000000E+00
          39  0.0000000E+00
          40  0.0000000E+00
          41  1.9009650E-03
          42  0.0000000E+00
          43  2.3479859E-04
          44  0.0000000E+00
          45  0.0000000E+00
          46  2.4247558E-05
          47  0.0000000E+00
          48  0.0000000E+00
          49  0.0000000E+00
          50  0.0000000E+00
          51  0.0000000E+00
          52  0.0000000E+00
          53  0.0000000E+00
          54  0.0000000E+00
          55  0.0000000E+00
          56  0.0000000E+00
          57  0.0000000E+00
          58  0.0000000E+00
          59  0.0000000E+00
          60  0.0000000E+00
          61  0.0000000E+00
          62  0.0000000E+00
          63  0.0000000E+00
          64  0.0000000E+00
          65  0.0000000E+00
          66  0.0000000E+00
          67  0.0000000E+00
          68  0.0000000E+00
          69  0.0000000E+00
          70  0.0000000E+00
          71  0.0000000E+00
          72  0.0000000E+00
          73  0.0000000E+00
          74  0.0000000E+00
          75  0.0000000E+00
 
 month:           2 year:        1988
           1  0.0000000E+00
           2  0.0000000E+00
           3  0.0000000E+00
           4  1.1053269E-02
           5  0.0000000E+00
           6  0.0000000E+00
           7  0.0000000E+00
           8  0.0000000E+00
           9  0.0000000E+00
          10  6.9081066E-03
          11  0.0000000E+00
          12  1.8357799E-03
          13  0.6533631    
          14  0.0000000E+00
          15  0.0000000E+00
          16  0.0000000E+00
          17  0.0000000E+00
          18  0.0000000E+00
          19  0.0000000E+00
          20  0.0000000E+00
          21  3.8183469E-03
          22  0.0000000E+00
          23  0.0000000E+00
          24  0.0000000E+00
          25   5.637721    
          26  0.0000000E+00
          27  0.0000000E+00
          28  0.0000000E+00
          29  8.1556931E-04
          30  6.4441919E-02
          31  0.0000000E+00
          32  2.3241839E-05
          33  9.4972653E-03
          34  0.0000000E+00
          35  0.0000000E+00
          36  0.0000000E+00
          37  0.0000000E+00
          38  0.0000000E+00
          39  0.0000000E+00
          40  0.0000000E+00
          41  1.6010274E-03
          42  0.0000000E+00
          43  1.9942137E-04
          44  0.0000000E+00
          45  0.0000000E+00
          46  3.8025253E-06
          47  0.0000000E+00
          48  0.0000000E+00
          49  0.0000000E+00
          50  0.0000000E+00
          51  0.0000000E+00
          52  0.0000000E+00
          53  0.0000000E+00
          54  0.0000000E+00
          55  0.0000000E+00
          56  0.0000000E+00
          57  0.0000000E+00
          58  0.0000000E+00
          59  0.0000000E+00
          60  0.0000000E+00
          61  0.0000000E+00
          62  0.0000000E+00
          63  0.0000000E+00
          64  0.0000000E+00
          65  0.0000000E+00
          66  0.0000000E+00
          67  0.0000000E+00
          68  0.0000000E+00
          69  0.0000000E+00
          70  0.0000000E+00
          71  0.0000000E+00
          72  0.0000000E+00
          73  0.0000000E+00
          74  0.0000000E+00
          75  0.0000000E+00
 
 month:           3 year:        1988
           1  0.0000000E+00
           2  0.0000000E+00
           3  0.0000000E+00
           4  1.2122877E-03
           5  0.0000000E+00
           6  0.0000000E+00
           7  0.0000000E+00
           8  0.0000000E+00
           9  0.0000000E+00
          10  4.0387381E-03
          11  0.0000000E+00
          12  1.3689057E-04
          13  0.4066477    
          14  0.0000000E+00
          15  0.0000000E+00
          16  0.0000000E+00
          17  0.0000000E+00
          18  0.0000000E+00
          19  0.0000000E+00
          20  0.0000000E+00
          21  7.2998315E-04
          22  0.0000000E+00
          23  0.0000000E+00
          24  0.0000000E+00
          25   1.968792    
          26  0.0000000E+00
          27  0.0000000E+00
          28  0.0000000E+00
          29  9.2509708E-06
          30  8.0654256E-02
          31  0.0000000E+00
          32  3.7750756E-06
          33  8.5534118E-03
          34  0.0000000E+00
          35   21.12256    
          36  0.0000000E+00
          37  0.0000000E+00
          38  0.0000000E+00
          39   2.796553    
          40  0.0000000E+00
          41   40.00086    
          42  0.0000000E+00
          43   5.412329    
          44  0.0000000E+00
          45   1.552888    
          46   28.66428    
          47  0.0000000E+00
          48   51.60335    
          49  0.0000000E+00
          50  0.2390303    
          51  0.0000000E+00
          52  0.0000000E+00
          53  0.0000000E+00
          54  0.0000000E+00
          55  0.0000000E+00
          56  0.0000000E+00
          57   9.658201    
          58   8.313460    
          59   13.39130    
          60  0.0000000E+00
          61   10.99853    
          62   47.03593    
          63   34.86377    
          64  0.0000000E+00
          65  0.0000000E+00
          66   45.68200    
          67   25.99420    
          68   28.27542    
          69  0.0000000E+00
          70   37.72654    
          71   52.93501    
          72   36.82871    
          73   39.66439    
          74   39.30436    
          75   22.41887    
 
 month:           4 year:        1988
           1  0.0000000E+00
           2  0.0000000E+00
           3  0.0000000E+00
           4  2.6972364E-03
           5  0.0000000E+00
           6  0.0000000E+00
           7  0.0000000E+00
           8  0.0000000E+00
           9  0.0000000E+00
          10  1.4517688E-03
          11  0.0000000E+00
          12  0.0000000E+00
          13  3.8055468E-02
          14  0.0000000E+00
          15  0.0000000E+00
          16  0.0000000E+00
          17  0.0000000E+00
          18  0.0000000E+00
          19  0.0000000E+00
          20  0.0000000E+00
          21  9.6467137E-03
          22  0.0000000E+00
          23   1.989860    
          24  0.0000000E+00
          25  0.1311452    
          26  0.0000000E+00
          27  0.0000000E+00
          28  0.0000000E+00
          29  0.0000000E+00
          30  0.3310380    
          31  0.0000000E+00
          32  7.7504199E-05
          33  0.1407030    
          34  0.0000000E+00
          35   62.35836    
          36  0.0000000E+00
          37   2.660375    
          38  0.0000000E+00
          39   57.46396    
          40   31.01872    
          41   64.25426    
          42  0.0000000E+00
          43   128.5442    
          44  0.0000000E+00
          45   138.9012    
          46   31.14683    
          47   69.60278    
          48   85.95522    
          49  0.0000000E+00
          50   53.84052    
          51   27.95679    
          52  0.0000000E+00
          53  0.0000000E+00
          54  0.0000000E+00
          55  0.0000000E+00
          56  0.0000000E+00
          57   18.58337    
          58   8.457205    
          59   11.40495    
          60  0.0000000E+00
          61   33.38089    
          62   22.73729    
          63   24.24086    
          64  0.0000000E+00
          65  0.0000000E+00
          66   14.08693    
          67   23.22465    
          68   21.56149    
          69  0.0000000E+00
          70   20.53636    
          71   23.99587    
          72   21.79558    
          73   21.75343    
          74   21.36536    
          75   2.204871    
 
 month:           5 year:        1988
           1   8.735933    
           2   10.17867    
           3   11.12883    
           4   40.92551    
           5  0.9639506    
           6   8.222552    
           7   6.335442    
           8  0.0000000E+00
           9   9.233633    
          10   7.683854    
          11   27.29375    
          12   6.187474    
          13   3.140648    
          14   5.764412    
          15   42.15259    
          16   126.9882    
          17   73.95953    
          18   23.24411    
          19   1.756553    
          20   2.675632    
          21   74.29785    
          22  0.0000000E+00
          23   31.29196    
          24  0.1764974    
          25   15.19985    
          26   12.96059    
          27  0.0000000E+00
          28   58.22272    
          29   9.668039    
          30   108.2091    
          31  0.0000000E+00
          32   11.74577    
          33   220.9639    
          34   110.9612    
          35   1.430900    
          36   53.70761    
          37   129.6212    
          38   111.0392    
          39   13.80410    
          40   21.98552    
          41   2.029091    
          42  0.0000000E+00
          43   24.92340    
          44   90.12463    
          45   32.01542    
          46   8.073279    
          47   12.71525    
          48  0.2425204    
          49  0.0000000E+00
          50   8.531217    
          51   4.079248    
          52  0.0000000E+00
          53  0.0000000E+00
          54  0.0000000E+00
          55  0.0000000E+00
          56  0.0000000E+00
          57  4.6811048E-02
          58  2.1039205E-02
          59  2.8333623E-02
          60  0.0000000E+00
          61  8.6777650E-02
          62  5.6405328E-02
          63  6.0115904E-02
          64  0.0000000E+00
          65  0.0000000E+00
          66  3.5068728E-02
          67  5.7652187E-02
          68  5.3836849E-02
          69  0.0000000E+00
          70  5.0927605E-02
          71  5.9519544E-02
          72  5.4050300E-02
          73  5.3945735E-02
          74  5.2983396E-02
          75  5.4678004E-03
 
 month:           6 year:        1988
           1   35.15385    
           2   107.9737    
           3   106.3200    
           4   146.4413    
           5   4.840228    
           6   31.81920    
           7   86.59135    
           8  0.0000000E+00
           9   17.49730    
          10   159.1016    
          11   124.5103    
          12   143.6047    
          13   122.2918    
          14   27.74059    
          15   94.10212    
          16   75.81966    
          17   141.7870    
          18   205.1333    
          19   7.471364    
          20   13.07923    
          21   152.6846    
          22  0.0000000E+00
          23   2.173465    
          24   88.39039    
          25  0.3323986    
          26   124.1620    
          27  0.0000000E+00
          28   137.2881    
          29   156.6928    
          30   102.3113    
          31  0.0000000E+00
          32   121.2621    
          33   42.16311    
          34   17.10153    
          35   6.818189    
          36   3.828468    
          37   15.37490    
          38   35.29671    
          39   3.508782    
          40  4.6809234E-02
          41  0.3395639    
          42  0.0000000E+00
          43   3.623239    
          44   64.55745    
          45  6.6883720E-02
          46   4.141701    
          47  2.5798425E-02
          48  1.9025825E-03
          49  0.0000000E+00
          50  1.7307926E-02
          51  8.3654532E-03
          52  0.0000000E+00
          53  0.0000000E+00
          54  0.0000000E+00
          55  0.0000000E+00
          56  0.0000000E+00
          57  9.0453788E-05
          58  1.5206457E-04
          59  5.2391159E-05
          60  0.0000000E+00
          61  1.7164601E-04
          62  1.1537744E-04
          63  1.2476233E-04
          64  0.0000000E+00
          65  0.0000000E+00
          66  6.6017652E-05
          67  1.1277521E-04
          68  2.9396202E-04
          69  0.0000000E+00
          70  9.8408302E-05
          71  1.1676803E-04
          72  1.0444228E-04
          73  1.0424030E-04
          74  1.0238069E-04
          75  6.1229730E-06
 
 month:           7 year:        1988
           1  0.9550571    
           2   19.21190    
           3   19.46009    
           4   3.384040    
           5   5.633820    
           6  0.7410768    
           7   3.663016    
           8  0.0000000E+00
           9  0.1954468    
          10   52.71168    
          11   1.263556    
          12   36.78802    
          13   115.4428    
          14   2.935029    
          15  0.4986857    
          16  0.2285152    
          17   1.455557    
          18   16.22874    
          19  0.4381958    
          20  0.2994503    
          21   24.33009    
          22  0.0000000E+00
          23  2.1422312E-02
          24   1.587185    
          25  8.2142634E-04
          26   29.55112    
          27  0.0000000E+00
          28   1.342752    
          29   33.79743    
          30   3.801490    
          31  0.0000000E+00
          32   29.86437    
          33   5.643561    
          34  4.2409662E-02
          35   1.220066    
          36  1.9909849E-02
          37  3.8866613E-02
          38  0.1017657    
          39   3.134745    
          40  1.1157573E-04
          41  9.6793465E-02
          42  0.0000000E+00
          43  1.2122707E-02
          44  0.2008574    
          45  1.6165939E-04
          46   3.882368    
          47  5.9345468E-05
          48  2.1916809E-03
          49  0.0000000E+00
          50  3.8243244E-05
          51  2.2023225E-04
          52  0.0000000E+00
          53  0.0000000E+00
          54  0.0000000E+00
          55  0.0000000E+00
          56  0.0000000E+00
          57  7.1679831E-05
          58  2.5988827E-03
          59  0.0000000E+00
          60  0.0000000E+00
          61  0.0000000E+00
          62  0.0000000E+00
          63  6.7726872E-04
          64  0.0000000E+00
          65  0.0000000E+00
          66  0.0000000E+00
          67  3.6934172E-05
          68  1.2755392E-03
          69  0.0000000E+00
          70  0.0000000E+00
          71  0.0000000E+00
          72  0.0000000E+00
          73  0.0000000E+00
          74  0.0000000E+00
          75  5.6935855E-06
 
 month:           8 year:        1988
           1  1.9373567E-03
           2  3.9472505E-02
           3  4.0066484E-02
           4  1.3429001E-02
           5   10.86191    
           6  1.5024643E-03
           7   1.042284    
           8  0.0000000E+00
           9  3.9257327E-04
          10   4.124245    
          11  0.1355140    
          12  0.1204333    
          13   14.19283    
          14  5.9603718E-03
          15  1.0095275E-03
          16  4.6002891E-04
          17  2.9539601E-03
          18  3.2977287E-02
          19  8.8727381E-04
          20  6.0393941E-04
          21   2.422522    
          22  0.0000000E+00
          23  1.1323520E-02
          24  4.3928982E-03
          25  0.0000000E+00
          26  6.2075175E-02
          27  0.0000000E+00
          28  2.7250266E-03
          29  0.1326211    
          30  1.5126271E-02
          31  0.0000000E+00
          32  6.5418214E-02
          33   6.925279    
          34  8.0998274E-05
          35  0.2799942    
          36  8.9815538E-03
          37  7.4231379E-05
          38  2.0231729E-04
          39   7.545722    
          40   7.512945    
          41  0.1170504    
          42  0.0000000E+00
          43   17.20046    
          44  4.0344126E-04
          45  0.0000000E+00
          46   9.867369    
          47   2.517800    
          48  2.5485693E-03
          49  0.0000000E+00
          50  0.9652080    
          51  9.1317768E-04
          52  0.0000000E+00
          53  0.0000000E+00
          54  0.0000000E+00
          55  0.0000000E+00
          56  0.0000000E+00
          57  5.0642637E-05
          58  1.6560645E-03
          59  0.0000000E+00
          60  0.0000000E+00
          61  0.0000000E+00
          62  0.0000000E+00
          63  7.9949864E-04
          64  0.0000000E+00
          65  0.0000000E+00
          66   1.302428    
          67  1.6501214E-04
          68  4.0696426E-03
          69  0.0000000E+00
          70  0.0000000E+00
          71  0.0000000E+00
          72  0.0000000E+00
          73  0.0000000E+00
          74  0.0000000E+00
          75  5.4237342E-05
 
 month:           9 year:        1988
           1  0.0000000E+00
           2  7.5388562E-05
           3  7.6523014E-05
           4  2.1795169E-05
           5   10.47600    
           6  0.0000000E+00
           7   1.043498    
           8  0.0000000E+00
           9  0.0000000E+00
          10   11.13662    
          11  0.4537318    
          12  2.3942972E-04
          13   15.16804    
          14  6.6745642E-06
          15  0.0000000E+00
          16  0.0000000E+00
          17  1.0888950E-06
          18  6.2080442E-05
          19  0.0000000E+00
          20  0.0000000E+00
          21   43.61578    
          22  0.0000000E+00
          23   1.721338    
          24  1.1779022E-02
          25  0.0000000E+00
          26   1.266560    
          27  0.0000000E+00
          28  1.0045052E-06
          29  0.2474569    
          30   44.84050    
          31  0.0000000E+00
          32  0.8341200    
          33   2.309490    
          34  0.0000000E+00
          35   1.002001    
          36  6.4424647E-05
          37  0.0000000E+00
          38  0.0000000E+00
          39   12.53228    
          40  0.1174985    
          41  0.1453311    
          42  0.0000000E+00
          43  0.2479052    
          44  0.0000000E+00
          45  0.0000000E+00
          46   17.99004    
          47  4.0762376E-02
          48  2.7280184E-03
          49  0.0000000E+00
          50  1.5256358E-02
          51  4.1042661E-04
          52  0.0000000E+00
          53  0.0000000E+00
          54  0.0000000E+00
          55  0.0000000E+00
          56  0.0000000E+00
          57  9.5839503E-05
          58  4.9116579E-03
          59  0.0000000E+00
          60  0.0000000E+00
          61  0.0000000E+00
          62  0.0000000E+00
          63  9.8008197E-04
          64  0.0000000E+00
          65  0.0000000E+00
          66   2.629284    
          67  9.4429750E-05
          68  3.5334458E-03
          69  0.0000000E+00
          70  0.0000000E+00
          71  0.0000000E+00
          72  0.0000000E+00
          73  0.0000000E+00
          74  0.0000000E+00
          75  1.0117355E-05
 
 month:          10 year:        1988
           1  0.0000000E+00
           2  0.0000000E+00
           3  0.0000000E+00
           4  0.0000000E+00
           5   3.428348    
           6  0.0000000E+00
           7  0.3570325    
           8  0.0000000E+00
           9  0.0000000E+00
          10   6.383107    
          11  6.3259490E-02
          12  0.0000000E+00
          13   7.771604    
          14  0.9189804    
          15  0.0000000E+00
          16  0.0000000E+00
          17  0.0000000E+00
          18  0.0000000E+00
          19  0.0000000E+00
          20  0.0000000E+00
          21   22.84505    
          22  0.0000000E+00
          23  2.8129710E-02
          24  3.9022826E-03
          25  0.0000000E+00
          26  7.7810804E-03
          27  0.0000000E+00
          28  0.0000000E+00
          29  7.5943895E-02
          30   15.57448    
          31  0.0000000E+00
          32  1.0228246E-02
          33  5.4835174E-02
          34  0.0000000E+00
          35  0.2790767    
          36  0.0000000E+00
          37  0.0000000E+00
          38  0.0000000E+00
          39   5.535857    
          40  2.8662625E-04
          41  8.4992161E-04
          42  0.0000000E+00
          43  4.2687082E-03
          44  0.0000000E+00
          45  0.0000000E+00
          46   5.921302    
          47  9.6248157E-05
          48  1.3806317E-05
          49  0.0000000E+00
          50  3.2780121E-05
          51  7.1255126E-05
          52  0.0000000E+00
          53  0.0000000E+00
          54  0.0000000E+00
          55  0.0000000E+00
          56  0.0000000E+00
          57  1.1600545E-05
          58  5.6378625E-04
          59  0.0000000E+00
          60  0.0000000E+00
          61  0.0000000E+00
          62  0.0000000E+00
          63  3.5033049E-04
          64  0.0000000E+00
          65  0.0000000E+00
          66   5.494724    
          67  9.7465396E-05
          68  3.6418641E-03
          69  0.0000000E+00
          70  0.0000000E+00
          71  0.0000000E+00
          72  0.0000000E+00
          73  0.0000000E+00
          74  0.0000000E+00
          75  5.0864564E-06
 
 month:          11 year:        1988
           1  0.0000000E+00
           2  0.0000000E+00
           3  0.0000000E+00
           4  0.0000000E+00
           5  1.5004456E-02
           6  0.0000000E+00
           7  1.7898647E-03
           8  0.0000000E+00
           9  0.0000000E+00
          10  0.4090288    
          11  7.6796953E-04
          12  0.0000000E+00
          13  0.5000948    
          14   3.644746    
          15  0.0000000E+00
          16  0.0000000E+00
          17  0.0000000E+00
          18  0.0000000E+00
          19  0.0000000E+00
          20  0.0000000E+00
          21   12.17686    
          22  0.0000000E+00
          23  1.4835374E-03
          24  1.1185869E-03
          25  0.0000000E+00
          26  1.1057415E-05
          27  0.0000000E+00
          28  0.0000000E+00
          29  1.9677730E-02
          30   1.193980    
          31  0.0000000E+00
          32  2.2777978E-03
          33  2.7267747E-02
          34  0.0000000E+00
          35  0.1031612    
          36  0.0000000E+00
          37  0.0000000E+00
          38  0.0000000E+00
          39  4.6111919E-02
          40  0.0000000E+00
          41  0.0000000E+00
          42  0.0000000E+00
          43  5.8155681E-05
          44  0.0000000E+00
          45  0.0000000E+00
          46  4.4860158E-02
          47  0.0000000E+00
          48  0.0000000E+00
          49  0.0000000E+00
          50  0.0000000E+00
          51  0.0000000E+00
          52  0.0000000E+00
          53  0.0000000E+00
          54  0.0000000E+00
          55  0.0000000E+00
          56  0.0000000E+00
          57  0.0000000E+00
          58  0.0000000E+00
          59  0.0000000E+00
          60  0.0000000E+00
          61  0.0000000E+00
          62  0.0000000E+00
          63  9.1664433E-06
          64  0.0000000E+00
          65  0.0000000E+00
          66  0.6568965    
          67  2.6189089E-05
          68  1.1172802E-03
          69  0.0000000E+00
          70  0.0000000E+00
          71  0.0000000E+00
          72  0.0000000E+00
          73  0.0000000E+00
          74  0.0000000E+00
          75  3.6106503E-06
 
 month:          12 year:        1988
           1  0.0000000E+00
           2  0.0000000E+00
           3  0.0000000E+00
           4  0.0000000E+00
           5  3.2238870E-05
           6  0.0000000E+00
           7  5.1376829E-04
           8  0.0000000E+00
           9  0.0000000E+00
          10  2.7497182E-02
          11  0.0000000E+00
          12  0.0000000E+00
          13  3.0590452E-02
          14  1.0628742E-02
          15  0.0000000E+00
          16  0.0000000E+00
          17  0.0000000E+00
          18  0.0000000E+00
          19  0.0000000E+00
          20  0.0000000E+00
          21   1.009458    
          22  0.0000000E+00
          23  0.0000000E+00
          24  4.1630396E-04
          25  0.0000000E+00
          26  0.0000000E+00
          27  0.0000000E+00
          28  0.0000000E+00
          29  6.4966967E-03
          30  2.3039427E-02
          31  0.0000000E+00
          32  5.5937248E-04
          33  2.9772480E-03
          34  0.0000000E+00
          35  2.0700293E-02
          36  0.0000000E+00
          37  0.0000000E+00
          38  0.0000000E+00
          39  0.3653771    
          40  0.0000000E+00
          41  0.0000000E+00
          42  0.0000000E+00
          43  9.9481875E-04
          44  0.0000000E+00
          45  0.0000000E+00
          46  2.5569787E-04
          47  0.0000000E+00
          48  0.0000000E+00
          49  0.0000000E+00
          50  0.0000000E+00
          51  4.6985799E-05
          52  0.0000000E+00
          53  0.0000000E+00
          54  0.0000000E+00
          55  0.0000000E+00
          56  0.0000000E+00
          57  0.0000000E+00
          58  8.3937659E-05
          59  0.0000000E+00
          60  0.0000000E+00
          61  0.0000000E+00
          62  0.0000000E+00
          63  0.0000000E+00
          64  0.0000000E+00
          65  0.0000000E+00
          66   4.012340    
          67  3.0739255E-05
          68  1.9712909E-03
          69  0.0000000E+00
          70  0.0000000E+00
          71  0.0000000E+00
          72  0.0000000E+00
          73  0.0000000E+00
          74  0.0000000E+00
          75  0.0000000E+00
 
 month:           1 year:        1989
           1  0.0000000E+00
           2  0.0000000E+00
           3  0.0000000E+00
           4  0.0000000E+00
           5  0.0000000E+00
           6  0.0000000E+00
           7  1.7816823E-03
           8  0.0000000E+00
           9  0.0000000E+00
          10  2.3844145E-02
          11  0.0000000E+00
          12  0.0000000E+00
          13  1.6984243E-03
          14  1.6284212E-05
          15  0.0000000E+00
          16  0.0000000E+00
          17  0.0000000E+00
          18  0.0000000E+00
          19  0.0000000E+00
          20  0.0000000E+00
          21  6.4981729E-02
          22  0.0000000E+00
          23  0.0000000E+00
          24  4.0107584E-04
          25  0.0000000E+00
          26  0.0000000E+00
          27  0.0000000E+00
          28  0.0000000E+00
          29  6.6771768E-03
          30  0.8905328    
          31  0.0000000E+00
          32  4.5949232E-04
          33  7.7141197E-03
          34  0.0000000E+00
          35  1.2883103E-02
          36  0.0000000E+00
          37  0.0000000E+00
          38  0.0000000E+00
          39   1.813295    
          40  0.0000000E+00
          41  0.0000000E+00
          42  0.0000000E+00
          43  1.4032392E-03
          44  0.0000000E+00
          45  0.0000000E+00
          46  1.5246126E-04
          47  0.0000000E+00
          48  0.0000000E+00
          49  0.0000000E+00
          50  0.0000000E+00
          51  2.4861200E-05
          52  0.0000000E+00
          53  0.0000000E+00
          54  0.0000000E+00
          55  0.0000000E+00
          56  0.0000000E+00
          57  0.0000000E+00
          58  1.8798290E-05
          59  0.0000000E+00
          60  0.0000000E+00
          61  0.0000000E+00
          62  0.0000000E+00
          63  0.0000000E+00
          64  0.0000000E+00
          65  0.0000000E+00
          66   7.450216    
          67  9.3409995E-05
          68  2.2514148E-03
          69  0.0000000E+00
          70  0.0000000E+00
          71  0.0000000E+00
          72  0.0000000E+00
          73  0.0000000E+00
          74  0.0000000E+00
          75  1.2590555E-05
 
 month:           2 year:        1989
           1  0.0000000E+00
           2  0.0000000E+00
           3  0.0000000E+00
           4  0.0000000E+00
           5  0.0000000E+00
           6  0.0000000E+00
           7  6.8925315E-04
           8  0.0000000E+00
           9  0.0000000E+00
          10  7.7986359E-03
          11  0.0000000E+00
          12  0.0000000E+00
          13  8.2996419E-05
          14  0.0000000E+00
          15  0.0000000E+00
          16  0.0000000E+00
          17  0.0000000E+00
          18  0.0000000E+00
          19  0.0000000E+00
          20  0.0000000E+00
          21  5.9406660E-03
          22  0.0000000E+00
          23  0.0000000E+00
          24  2.2043411E-04
          25   18.84095    
          26  0.0000000E+00
          27  0.0000000E+00
          28  0.0000000E+00
          29  3.9211400E-03
          30  0.5216672    
          31  0.0000000E+00
          32  3.1157449E-04
          33  1.1213999E-02
          34  0.0000000E+00
          35  9.9699320E-03
          36  0.0000000E+00
          37  0.0000000E+00
          38  0.0000000E+00
          39  0.2907601    
          40  0.0000000E+00
          41  0.0000000E+00
          42  0.0000000E+00
          43  6.4799056E-04
          44  0.0000000E+00
          45  0.0000000E+00
          46  2.6896510E-05
          47  0.0000000E+00
          48  0.0000000E+00
          49  0.0000000E+00
          50  0.0000000E+00
          51  4.7182129E-06
          52  0.0000000E+00
          53  0.0000000E+00
          54  0.0000000E+00
          55  0.0000000E+00
          56  0.0000000E+00
          57  0.0000000E+00
          58  2.7688926E-05
          59  0.0000000E+00
          60  0.0000000E+00
          61  0.0000000E+00
          62  0.0000000E+00
          63  7.1874331E-04
          64  0.0000000E+00
          65  0.0000000E+00
          66   8.994605    
          67  1.1342864E-04
          68  4.3292698E-03
          69  0.0000000E+00
          70   3.280468    
          71   1.707908    
          72   1.444944    
          73   1.612754    
          74   1.469034    
          75  2.0250669E-05
 
 month:           3 year:        1989
           1  0.0000000E+00
           2  0.0000000E+00
           3  0.0000000E+00
           4  0.0000000E+00
           5  0.0000000E+00
           6  0.0000000E+00
           7  4.3203760E-05
           8  0.0000000E+00
           9  0.0000000E+00
          10  2.4270928E-03
          11  0.0000000E+00
          12  0.0000000E+00
          13  0.0000000E+00
          14  0.0000000E+00
          15  0.0000000E+00
          16  0.0000000E+00
          17  0.0000000E+00
          18  0.0000000E+00
          19  0.0000000E+00
          20  0.0000000E+00
          21   6.300395    
          22  0.0000000E+00
          23   3.066575    
          24  8.8809751E-04
          25  8.5309438E-02
          26  0.0000000E+00
          27  0.0000000E+00
          28  0.0000000E+00
          29  2.5160136E-04
          30  2.1547461E-02
          31  0.0000000E+00
          32  1.3240775E-03
          33  9.5280176E-03
          34  0.0000000E+00
          35   19.31045    
          36  0.0000000E+00
          37  0.0000000E+00
          38  0.0000000E+00
          39   16.00624    
          40   24.26970    
          41   32.29122    
          42  0.0000000E+00
          43   68.58695    
          44  0.0000000E+00
          45   38.95229    
          46   29.91553    
          47   32.79563    
          48   46.10259    
          49  0.0000000E+00
          50   14.63484    
          51   8.973078    
          52  0.0000000E+00
          53  0.0000000E+00
          54  0.0000000E+00
          55  0.0000000E+00
          56  0.0000000E+00
          57  7.2990362E-05
          58  1.3698516E-03
          59  0.0000000E+00
          60  0.0000000E+00
          61  0.0000000E+00
          62  0.0000000E+00
          63  5.3021836E-04
          64  0.0000000E+00
          65  0.0000000E+00
          66   1.925695    
          67  2.5360345E-05
          68  1.0285098E-03
          69  0.0000000E+00
          70   1.880486    
          71   1.004735    
          72  0.9857511    
          73   1.072564    
          74  0.9526346    
          75  1.1901660E-06
 
 month:           4 year:        1989
           1  0.0000000E+00
           2  0.0000000E+00
           3  0.0000000E+00
           4  0.0000000E+00
           5  0.0000000E+00
           6  0.0000000E+00
           7  0.0000000E+00
           8  0.0000000E+00
           9  0.0000000E+00
          10  1.4724514E-04
          11  0.0000000E+00
          12  0.0000000E+00
          13  0.0000000E+00
          14  0.0000000E+00
          15  0.0000000E+00
          16   4.210179    
          17   3.408662    
          18  0.0000000E+00
          19  0.0000000E+00
          20  0.0000000E+00
          21   5.142244    
          22  0.0000000E+00
          23   6.721816    
          24  8.6673712E-03
          25  1.6874190E-04
          26  0.0000000E+00
          27  0.0000000E+00
          28  0.0000000E+00
          29  1.9710651E-02
          30   10.01690    
          31  0.0000000E+00
          32  5.2541732E-03
          33   21.11104    
          34  0.0000000E+00
          35   5.223808    
          36  0.0000000E+00
          37   17.48570    
          38   2.696907    
          39   10.24476    
          40   3.943652    
          41   6.342494    
          42  0.0000000E+00
          43   10.61293    
          44   4.603082    
          45   20.46044    
          46   13.96540    
          47   5.270555    
          48   4.710652    
          49  0.0000000E+00
          50   1.911618    
          51   1.240619    
          52  0.0000000E+00
          53  0.0000000E+00
          54  0.0000000E+00
          55  0.0000000E+00
          56  0.0000000E+00
          57  0.0000000E+00
          58  9.6194759E-05
          59  0.0000000E+00
          60  0.0000000E+00
          61  0.0000000E+00
          62  0.0000000E+00
          63  1.2512461E-04
          64  0.0000000E+00
          65  0.0000000E+00
          66   3.919216    
          67  3.2520802E-05
          68  2.0784205E-03
          69  0.0000000E+00
          70  3.8146067E-03
          71  2.0381340E-03
          72  0.7302472    
          73  0.3872965    
          74   1.122615    
          75  0.0000000E+00
 
 month:           5 year:        1989
           1   20.66393    
           2  0.0000000E+00
           3   57.23733    
           4   67.43030    
           5   3.381086    
           6   17.86835    
           7   57.29999    
           8  0.0000000E+00
           9   5.246956    
          10   45.64385    
          11   55.91332    
          12  0.0000000E+00
          13   43.00279    
          14   15.48346    
          15   73.53308    
          16   109.9115    
          17   130.4952    
          18   162.3721    
          19  0.0000000E+00
          20   6.836046    
          21   107.6664    
          22  0.0000000E+00
          23   10.63379    
          24   63.84336    
          25  0.0000000E+00
          26   86.35838    
          27  0.0000000E+00
          28   107.5655    
          29   90.71119    
          30   113.7234    
          31  0.0000000E+00
          32   80.98837    
          33   69.12305    
          34  0.0000000E+00
          35   4.617323    
          36  0.0000000E+00
          37   67.21465    
          38   89.28209    
          39  0.8185809    
          40  9.7798016E-03
          41  1.5728587E-02
          42  0.0000000E+00
          43  0.1037386    
          44   61.08251    
          45  0.2630678    
          46   2.043668    
          47  1.3070360E-02
          48  1.1681822E-02
          49  0.0000000E+00
          50  4.7405725E-03
          51  3.3071537E-03
          52  0.0000000E+00
          53  0.0000000E+00
          54  0.0000000E+00
          55  0.0000000E+00
          56  0.0000000E+00
          57  3.7319901E-06
          58  3.3521620E-04
          59  0.0000000E+00
          60  0.0000000E+00
          61  0.0000000E+00
          62  0.0000000E+00
          63  3.7851866E-04
          64  0.0000000E+00
          65  0.0000000E+00
          66  0.4652284    
          67  8.6660679E-05
          68  2.8308365E-03
          69  0.0000000E+00
          70  4.2768047E-06
          71  0.0000000E+00
          72  1.8323524E-02
          73  9.5952665E-03
          74  2.7267760E-02
          75  0.0000000E+00
 
 month:           6 year:        1989
           1   1.185441    
           2  0.0000000E+00
           3   19.73623    
           4   10.87670    
           5   3.519395    
           6   1.767638    
           7   7.410042    
           8  0.0000000E+00
           9   3.589203    
          10   41.57687    
          11   1.815341    
          12  0.0000000E+00
          13   7.709090    
          14   17.33550    
          15   2.220725    
          16   1.003176    
          17   3.709171    
          18   19.61673    
          19   2.127905    
          20  0.4243113    
          21   2.710304    
          22  0.0000000E+00
          23  8.6630180E-02
          24   3.050717    
          25  0.0000000E+00
          26   48.59012    
          27  0.0000000E+00
          28   1.819938    
          29   49.33798    
          30   5.183842    
          31  0.0000000E+00
          32   47.55434    
          33  0.3910028    
          34  0.0000000E+00
          35   2.841725    
          36  0.0000000E+00
          37  0.2940564    
          38  0.6799249    
          39   2.192625    
          40  1.4983546E-05
          41  2.6697959E-05
          42  0.0000000E+00
          43  4.8002652E-03
          44  0.3139864    
          45  5.2958727E-04
          46   3.886306    
          47  2.1213094E-05
          48  1.8959508E-05
          49  0.0000000E+00
          50  4.3495661E-06
          51  2.3387700E-04
          52  0.0000000E+00
          53  0.0000000E+00
          54  0.0000000E+00
          55  0.0000000E+00
          56  0.0000000E+00
          57  3.7304617E-05
          58  6.8041947E-05
          59  0.0000000E+00
          60  0.0000000E+00
          61  0.0000000E+00
          62  0.0000000E+00
          63  7.8003883E-04
          64  0.0000000E+00
          65  0.0000000E+00
          66   1.097121    
          67  6.6432651E-05
          68  2.7386111E-03
          69  0.0000000E+00
          70  0.0000000E+00
          71  0.0000000E+00
          72  3.2219163E-05
          73  1.4700826E-05
          74  5.0420316E-05
          75  0.0000000E+00
 
 month:           7 year:        1989
           1  2.9543680E-03
           2  0.0000000E+00
           3  0.1196906    
           4  0.2613207    
           5   7.075173    
           6  4.4732820E-03
           7  0.7424881    
           8  0.0000000E+00
           9  0.7749127    
          10   8.753594    
          11  0.1938266    
          12  0.0000000E+00
          13  1.9117568E-02
          14   3.745931    
          15  5.5071260E-03
          16  2.4877472E-03
          17  9.1983685E-03
          18  4.8855867E-02
          19  4.8656568E-02
          20  1.0903606E-03
          21  6.7212130E-03
          22  0.0000000E+00
          23  4.2393347E-03
          24  9.0449927E-03
          25  0.0000000E+00
          26   3.541103    
          27  0.0000000E+00
          28  4.5132181E-03
          29   2.265270    
          30   2.949870    
          31  0.0000000E+00
          32   3.913955    
          33  2.5278984E-02
          34  0.0000000E+00
          35  0.4463267    
          36  0.0000000E+00
          37  7.2578219E-04
          38  1.6844413E-03
          39  5.9409771E-02
          40  0.0000000E+00
          41  0.0000000E+00
          42  0.0000000E+00
          43  2.4415348E-03
          44  7.7497325E-04
          45  0.0000000E+00
          46  9.7295634E-02
          47  0.0000000E+00
          48  0.0000000E+00
          49  0.0000000E+00
          50  0.0000000E+00
          51  7.2330156E-05
          52  0.0000000E+00
          53  0.0000000E+00
          54  0.0000000E+00
          55  0.0000000E+00
          56  0.0000000E+00
          57  6.1111914E-06
          58  0.0000000E+00
          59  0.0000000E+00
          60  0.0000000E+00
          61  0.0000000E+00
          62  0.0000000E+00
          63  4.3545435E-05
          64  0.0000000E+00
          65  0.0000000E+00
          66  2.7492980E-03
          67  0.0000000E+00
          68  1.2942393E-04
          69  0.0000000E+00
          70  0.0000000E+00
          71  0.0000000E+00
          72  0.0000000E+00
          73  0.0000000E+00
          74  0.0000000E+00
          75  0.0000000E+00
 
 month:           8 year:        1989
           1  1.0890449E-06
           2  0.0000000E+00
           3  2.3795327E-04
           4  5.3191022E-04
           5   11.22859    
           6  4.1043236E-06
           7   1.093128    
           8  0.0000000E+00
           9  1.5849045E-03
          10   1.118926    
          11  0.1904335    
          12  0.0000000E+00
          13  3.3615364E-05
          14  7.6705990E-03
          15  6.1670080E-06
          16  0.0000000E+00
          17  1.4092735E-05
          18  9.4405004E-05
          19  9.4019910E-05
          20  0.0000000E+00
          21  8.6398240E-06
          22  0.0000000E+00
          23  6.6465586E-03
          24  7.1462808E-04
          25  0.0000000E+00
          26  7.1886894E-03
          27  0.0000000E+00
          28  4.1409612E-06
          29  3.9143477E-02
          30   2.743212    
          31  0.0000000E+00
          32  1.0532493E-02
          33  2.0984259E-02
          34  0.0000000E+00
          35  0.2478076    
          36  0.0000000E+00
          37  0.0000000E+00
          38  0.0000000E+00
          39  1.7706107E-04
          40  0.0000000E+00
          41  0.0000000E+00
          42  0.0000000E+00
          43  2.2464106E-03
          44  0.0000000E+00
          45  0.0000000E+00
          46  3.3006028E-04
          47  0.0000000E+00
          48  0.0000000E+00
          49  0.0000000E+00
          50  0.0000000E+00
          51  4.9857623E-05
          52  0.0000000E+00
          53  0.0000000E+00
          54  0.0000000E+00
          55  0.0000000E+00
          56  0.0000000E+00
          57  0.0000000E+00
          58  0.0000000E+00
          59  0.0000000E+00
          60  0.0000000E+00
          61  0.0000000E+00
          62  0.0000000E+00
          63  4.7567813E-04
          64  0.0000000E+00
          65  0.0000000E+00
          66  1.0134523E-06
          67  1.5317657E-05
          68  5.6350569E-04
          69  0.0000000E+00
          70  0.0000000E+00
          71  0.0000000E+00
          72  0.0000000E+00
          73  0.0000000E+00
          74  0.0000000E+00
          75  0.0000000E+00
 
 month:           9 year:        1989
           1  0.0000000E+00
           2  0.0000000E+00
           3  0.0000000E+00
           4  0.0000000E+00
           5   10.87743    
           6  0.0000000E+00
           7   1.091232    
           8  0.0000000E+00
           9  0.0000000E+00
          10   2.310732    
          11  0.2001533    
          12  0.0000000E+00
          13  0.0000000E+00
          14  1.0900420E-05
          15  0.0000000E+00
          16  0.0000000E+00
          17  0.0000000E+00
          18  0.0000000E+00
          19  0.0000000E+00
          20  0.0000000E+00
          21  0.0000000E+00
          22  0.0000000E+00
          23  7.4421163E-03
          24  2.9919326E-04
          25  0.0000000E+00
          26  9.2407508E-06
          27  0.0000000E+00
          28  0.0000000E+00
          29  9.4740979E-02
          30   1.291296    
          31  0.0000000E+00
          32  6.6077188E-03
          33  5.5517670E-02
          34  0.0000000E+00
          35  0.6158943    
          36  0.0000000E+00
          37  0.0000000E+00
          38  0.0000000E+00
          39  1.6196836E-04
          40  0.0000000E+00
          41  0.0000000E+00
          42  0.0000000E+00
          43  5.7310658E-03
          44  0.0000000E+00
          45  0.0000000E+00
          46  3.7672221E-06
          47  0.0000000E+00
          48  0.0000000E+00
          49  0.0000000E+00
          50  0.0000000E+00
          51  1.3184946E-04
          52  0.0000000E+00
          53  0.0000000E+00
          54  0.0000000E+00
          55  0.0000000E+00
          56  0.0000000E+00
          57  0.0000000E+00
          58  0.0000000E+00
          59  0.0000000E+00
          60  0.0000000E+00
          61  0.0000000E+00
          62  0.0000000E+00
          63  7.7482146E-05
          64  0.0000000E+00
          65  0.0000000E+00
          66  0.0000000E+00
          67  0.0000000E+00
          68  1.5504316E-04
          69  0.0000000E+00
          70  0.0000000E+00
          71  0.0000000E+00
          72  0.0000000E+00
          73  0.0000000E+00
          74  0.0000000E+00
          75  0.0000000E+00
 
 month:          10 year:        1989
           1  0.0000000E+00
           2  0.0000000E+00
           3  0.0000000E+00
           4  0.0000000E+00
           5   1.512303    
           6  0.0000000E+00
           7  0.1745317    
           8  0.0000000E+00
           9  0.0000000E+00
          10  0.3388321    
          11  9.8086953E-02
          12  0.0000000E+00
          13  0.0000000E+00
          14  0.0000000E+00
          15  0.0000000E+00
          16  0.0000000E+00
          17  0.0000000E+00
          18  0.0000000E+00
          19  0.0000000E+00
          20  0.0000000E+00
          21   6.835069    
          22  0.0000000E+00
          23  1.0332268E-02
          24  1.9746006E-03
          25  0.0000000E+00
          26  0.0000000E+00
          27  0.0000000E+00
          28  0.0000000E+00
          29  2.7496697E-02
          30   8.935398    
          31  0.0000000E+00
          32  1.5860068E-03
          33  4.5716524E-02
          34  0.0000000E+00
          35  0.1344888    
          36  0.0000000E+00
          37  0.0000000E+00
          38  0.0000000E+00
          39  1.1401906E-04
          40  0.0000000E+00
          41  0.0000000E+00
          42  0.0000000E+00
          43  1.2237254E-03
          44  0.0000000E+00
          45  0.0000000E+00
          46  0.0000000E+00
          47  0.0000000E+00
          48  0.0000000E+00
          49  0.0000000E+00
          50  0.0000000E+00
          51  5.1372233E-05
          52  0.0000000E+00
          53  0.0000000E+00
          54  0.0000000E+00
          55  0.0000000E+00
          56  0.0000000E+00
          57  0.0000000E+00
          58  0.0000000E+00
          59  0.0000000E+00
          60  0.0000000E+00
          61  0.0000000E+00
          62  0.0000000E+00
          63  0.0000000E+00
          64  0.0000000E+00
          65  0.0000000E+00
          66  0.0000000E+00
          67  0.0000000E+00
          68  0.0000000E+00
          69  0.0000000E+00
          70  0.0000000E+00
          71  0.0000000E+00
          72  0.0000000E+00
          73  0.0000000E+00
          74  0.0000000E+00
          75  0.0000000E+00
 
 month:          11 year:        1989
           1  0.0000000E+00
           2  0.0000000E+00
           3  0.0000000E+00
           4  0.0000000E+00
           5  2.8368723E-02
           6  0.0000000E+00
           7  1.2915679E-02
           8  0.0000000E+00
           9  0.0000000E+00
          10  1.9805657E-02
          11  2.2363613E-04
          12  0.0000000E+00
          13  0.0000000E+00
          14  0.0000000E+00
          15  0.0000000E+00
          16  0.0000000E+00
          17  0.0000000E+00
          18  0.0000000E+00
          19  0.0000000E+00
          20  0.0000000E+00
          21   9.917635    
          22  0.0000000E+00
          23  2.7853407E-03
          24  1.1893469E-03
          25   14.17692    
          26  0.0000000E+00
          27  0.0000000E+00
          28  0.0000000E+00
          29  6.2325359E-03
          30   1.898543    
          31  0.0000000E+00
          32  7.4477750E-04
          33  1.4659249E-02
          34  0.0000000E+00
          35  2.2569608E-02
          36  0.0000000E+00
          37  0.0000000E+00
          38  0.0000000E+00
          39  1.0508395E-04
          40  0.0000000E+00
          41  0.0000000E+00
          42  0.0000000E+00
          43  2.0193304E-03
          44  0.0000000E+00
          45  0.0000000E+00
          46   2.839105    
          47  0.0000000E+00
          48  0.0000000E+00
          49  0.0000000E+00
          50  0.0000000E+00
          51  5.1541563E-05
          52  0.0000000E+00
          53  0.0000000E+00
          54  0.0000000E+00
          55  0.0000000E+00
          56  0.0000000E+00
          57  0.0000000E+00
          58  0.0000000E+00
          59  0.0000000E+00
          60  0.0000000E+00
          61  0.0000000E+00
          62  0.0000000E+00
          63  0.0000000E+00
          64  0.0000000E+00
          65  0.0000000E+00
          66  0.0000000E+00
          67  0.0000000E+00
          68  0.0000000E+00
          69  0.0000000E+00
          70  0.0000000E+00
          71  0.0000000E+00
          72  0.0000000E+00
          73  0.0000000E+00
          74  0.0000000E+00
          75  0.0000000E+00
 
 month:          12 year:        1989
           1  0.0000000E+00
           2  0.0000000E+00
           3  0.0000000E+00
           4  0.0000000E+00
           5  1.0151438E-04
           6  0.0000000E+00
           7  1.1508039E-02
           8  0.0000000E+00
           9  0.0000000E+00
          10  2.3466865E-02
          11  0.0000000E+00
          12  0.0000000E+00
          13  0.0000000E+00
          14  0.0000000E+00
          15  0.0000000E+00
          16  0.0000000E+00
          17  0.0000000E+00
          18  0.0000000E+00
          19  0.0000000E+00
          20  0.0000000E+00
          21   12.51913    
          22  0.0000000E+00
          23  8.0552309E-06
          24  6.5697008E-04
          25   4.630848    
          26  0.0000000E+00
          27  0.0000000E+00
          28  0.0000000E+00
          29  1.4796542E-02
          30  2.6498372E-02
          31  0.0000000E+00
          32  6.3081051E-04
          33  1.1425911E-02
          34  0.0000000E+00
          35  5.0433256E-02
          36  0.0000000E+00
          37  0.0000000E+00
          38  0.0000000E+00
          39  3.8687758E-02
          40  0.0000000E+00
          41  0.0000000E+00
          42  0.0000000E+00
          43  1.5445732E-03
          44  0.0000000E+00
          45  0.0000000E+00
          46  1.9961812E-02
          47  0.0000000E+00
          48  0.0000000E+00
          49  0.0000000E+00
          50  0.0000000E+00
          51  9.5095864E-05
          52  0.0000000E+00
          53  0.0000000E+00
          54  0.0000000E+00
          55  0.0000000E+00
          56  0.0000000E+00
          57  0.0000000E+00
          58  0.0000000E+00
          59  0.0000000E+00
          60  0.0000000E+00
          61  0.0000000E+00
          62  0.0000000E+00
          63  0.0000000E+00
          64  0.0000000E+00
          65  0.0000000E+00
          66  0.0000000E+00
          67  0.0000000E+00
          68  0.0000000E+00
          69  0.0000000E+00
          70  0.0000000E+00
          71  0.0000000E+00
          72  0.0000000E+00
          73  0.0000000E+00
          74  0.0000000E+00
          75  0.0000000E+00
 
